Archive member included to satisfy reference by file (symbol)

/Volumes/data/janos/Develop/RIOT/Projects/playground/bin/airfy-beacon/core.a(sched.o)
                              /Volumes/data/janos/Develop/RIOT/Projects/playground/bin/airfy-beacon/newlib_syscalls_default/syscalls.o (sched_active_pid)
/Volumes/data/janos/Develop/RIOT/Projects/playground/bin/airfy-beacon/core.a(bitarithm.o)
                              /Volumes/data/janos/Develop/RIOT/Projects/playground/bin/airfy-beacon/core.a(sched.o) (MultiplyDeBruijnBitPosition)
/Volumes/data/janos/Develop/RIOT/Projects/playground/bin/airfy-beacon/cortexm_common.a(thread_arch.o)
                              /Volumes/data/janos/Develop/RIOT/Projects/playground/bin/airfy-beacon/core.a(sched.o) (cpu_switch_context_exit)
/Volumes/data/janos/Develop/RIOT/Projects/playground/bin/airfy-beacon/cortexm_common.a(vectors_cortexm.o)
                              /Volumes/data/janos/Develop/RIOT/Projects/playground/bin/airfy-beacon/cpu/vectors.o (dummy_handler_default)
/Volumes/data/janos/Develop/RIOT/Projects/playground/bin/airfy-beacon/cortexm_common.a(irq_arch.o)
                              /Volumes/data/janos/Develop/RIOT/Projects/playground/bin/airfy-beacon/newlib_syscalls_default/syscalls.o (irq_disable)
/Volumes/data/janos/Develop/RIOT/Projects/playground/bin/airfy-beacon/nrf5x_common_periph.a(pm.o)
                              /Volumes/data/janos/Develop/RIOT/Projects/playground/bin/airfy-beacon/newlib_syscalls_default/syscalls.o (pm_off)
/Volumes/data/janos/Develop/RIOT/Projects/playground/bin/airfy-beacon/stdio_uart.a(stdio_uart.o)
                              /Volumes/data/janos/Develop/RIOT/Projects/playground/bin/airfy-beacon/newlib_syscalls_default/syscalls.o (stdio_init)
/Volumes/data/janos/Develop/RIOT/Projects/playground/bin/airfy-beacon/boards_common_nrf51.a(board.o)
                              /Volumes/data/janos/Develop/RIOT/Projects/playground/bin/airfy-beacon/cortexm_common.a(vectors_cortexm.o) (board_init)
/Volumes/data/janos/Develop/RIOT/Projects/playground/bin/airfy-beacon/core.a(kernel_init.o)
                              /Volumes/data/janos/Develop/RIOT/Projects/playground/bin/airfy-beacon/cortexm_common.a(vectors_cortexm.o) (kernel_init)
/Volumes/data/janos/Develop/RIOT/Projects/playground/bin/airfy-beacon/core.a(panic.o)
                              /Volumes/data/janos/Develop/RIOT/Projects/playground/bin/airfy-beacon/cortexm_common.a(vectors_cortexm.o) (core_panic)
/Volumes/data/janos/Develop/RIOT/Projects/playground/bin/airfy-beacon/core.a(thread.o)
                              /Volumes/data/janos/Develop/RIOT/Projects/playground/bin/airfy-beacon/core.a(kernel_init.o) (thread_create)
/Volumes/data/janos/Develop/RIOT/Projects/playground/bin/airfy-beacon/cortexm_common_periph.a(pm.o)
                              /Volumes/data/janos/Develop/RIOT/Projects/playground/bin/airfy-beacon/core.a(kernel_init.o) (pm_set_lowest)
/Volumes/data/janos/Develop/RIOT/Projects/playground/bin/airfy-beacon/cpu.a(cpu.o)
                              /Volumes/data/janos/Develop/RIOT/Projects/playground/bin/airfy-beacon/boards_common_nrf51.a(board.o) (cpu_init)
/Volumes/data/janos/Develop/RIOT/Projects/playground/bin/airfy-beacon/cpu_common.a(clock.o)
                              /Volumes/data/janos/Develop/RIOT/Projects/playground/bin/airfy-beacon/cpu.a(cpu.o) (clock_init_hf)
/Volumes/data/janos/Develop/RIOT/Projects/playground/bin/airfy-beacon/isrpipe.a(isrpipe.o)
                              /Volumes/data/janos/Develop/RIOT/Projects/playground/bin/airfy-beacon/stdio_uart.a(stdio_uart.o) (isrpipe_write_one)
/Volumes/data/janos/Develop/RIOT/Projects/playground/bin/airfy-beacon/nrf5x_common_periph.a(uart.o)
                              /Volumes/data/janos/Develop/RIOT/Projects/playground/bin/airfy-beacon/stdio_uart.a(stdio_uart.o) (uart_init)
/Volumes/data/janos/Develop/RIOT/Projects/playground/bin/airfy-beacon/nrf5x_common_periph.a(gpio.o)
                              /Volumes/data/janos/Develop/RIOT/Projects/playground/bin/airfy-beacon/nrf5x_common_periph.a(uart.o) (gpio_init)
/Volumes/data/janos/Develop/RIOT/Projects/playground/bin/airfy-beacon/ps.a(ps.o)
                              /Volumes/data/janos/Develop/RIOT/Projects/playground/bin/airfy-beacon/core.a(panic.o) (ps)
/Volumes/data/janos/Develop/RIOT/Projects/playground/bin/airfy-beacon/tsrb.a(tsrb.o)
                              /Volumes/data/janos/Develop/RIOT/Projects/playground/bin/airfy-beacon/isrpipe.a(isrpipe.o) (tsrb_get)
/Volumes/data/janos/Develop/RIOT/Projects/playground/bin/airfy-beacon/periph_common.a(init.o)
                              /Volumes/data/janos/Develop/RIOT/Projects/playground/bin/airfy-beacon/cpu.a(cpu.o) (periph_init)
/Volumes/data/janos/Develop/RIOT/Projects/playground/bin/airfy-beacon/application_Task01.a(main.o)
                              /Volumes/data/janos/Develop/RIOT/Projects/playground/bin/airfy-beacon/core.a(kernel_init.o) (main)
[...]
Memory Configuration

Name             Origin             Length             Attributes
rom              0x0000000000000000 0x0000000000040000 xr
ram              0x0000000020000000 0x0000000000004000 w !xr
*default*        0x0000000000000000 0xffffffffffffffff

Linker script and memory map

LOAD /Volumes/data/janos/Develop/RIOT/Projects/playground/bin/airfy-beacon/cpu/vectors.o
LOAD /Volumes/data/janos/Develop/RIOT/Projects/playground/bin/airfy-beacon/newlib_syscalls_default/syscalls.o
START GROUP
LOAD /Volumes/data/janos/Develop/RIOT/Projects/playground/bin/airfy-beacon/application_Task01.a
LOAD /Volumes/data/janos/Develop/RIOT/Projects/playground/bin/airfy-beacon/auto_init.a
LOAD /Volumes/data/janos/Develop/RIOT/Projects/playground/bin/airfy-beacon/board.a
LOAD /Volumes/data/janos/Develop/RIOT/Projects/playground/bin/airfy-beacon/boards_common_nrf51.a
LOAD /Volumes/data/janos/Develop/RIOT/Projects/playground/bin/airfy-beacon/core.a
LOAD /Volumes/data/janos/Develop/RIOT/Projects/playground/bin/airfy-beacon/cortexm_common.a
LOAD /Volumes/data/janos/Develop/RIOT/Projects/playground/bin/airfy-beacon/cortexm_common_periph.a
LOAD /Volumes/data/janos/Develop/RIOT/Projects/playground/bin/airfy-beacon/cpu.a
LOAD /Volumes/data/janos/Develop/RIOT/Projects/playground/bin/airfy-beacon/cpu_common.a
LOAD /Volumes/data/janos/Develop/RIOT/Projects/playground/bin/airfy-beacon/isrpipe.a
LOAD /Volumes/data/janos/Develop/RIOT/Projects/playground/bin/airfy-beacon/newlib_syscalls_default.a
LOAD /Volumes/data/janos/Develop/RIOT/Projects/playground/bin/airfy-beacon/nrf5x_common_periph.a
LOAD /Volumes/data/janos/Develop/RIOT/Projects/playground/bin/airfy-beacon/periph.a
LOAD /Volumes/data/janos/Develop/RIOT/Projects/playground/bin/airfy-beacon/ps.a
LOAD /Volumes/data/janos/Develop/RIOT/Projects/playground/bin/airfy-beacon/shell.a
LOAD /Volumes/data/janos/Develop/RIOT/Projects/playground/bin/airfy-beacon/shell_commands.a
LOAD /Volumes/data/janos/Develop/RIOT/Projects/playground/bin/airfy-beacon/stdio_uart.a
LOAD /Volumes/data/janos/Develop/RIOT/Projects/playground/bin/airfy-beacon/sys.a
LOAD /Volumes/data/janos/Develop/RIOT/Projects/playground/bin/airfy-beacon/tsrb.a
LOAD /Volumes/data/janos/Develop/RIOT/Projects/playground/bin/airfy-beacon/periph_common.a
LOAD /Volumes/data/janos/Develop/RIOT/gcc/bin/../lib/gcc/arm-none-eabi/8.2.1/../../../../arm-none-eabi/lib/thumb/v6-m/nofp/libm.a
END GROUP
LOAD /Volumes/data/janos/Develop/RIOT/gcc/bin/../lib/gcc/arm-none-eabi/8.2.1/thumb/v6-m/nofp/libgcc.a
LOAD /Volumes/data/janos/Develop/RIOT/gcc/bin/../lib/gcc/arm-none-eabi/8.2.1/../../../../arm-none-eabi/lib/thumb/v6-m/nofp/libc_nano.a
START GROUP
LOAD /Volumes/data/janos/Develop/RIOT/gcc/bin/../lib/gcc/arm-none-eabi/8.2.1/thumb/v6-m/nofp/libgcc.a
LOAD /Volumes/data/janos/Develop/RIOT/gcc/bin/../lib/gcc/arm-none-eabi/8.2.1/../../../../arm-none-eabi/lib/thumb/v6-m/nofp/libg_nano.a
LOAD /Volumes/data/janos/Develop/RIOT/gcc/bin/../lib/gcc/arm-none-eabi/8.2.1/../../../../arm-none-eabi/lib/thumb/v6-m/nofp/libc_nano.a
END GROUP
START GROUP
LOAD /Volumes/data/janos/Develop/RIOT/gcc/bin/../lib/gcc/arm-none-eabi/8.2.1/thumb/v6-m/nofp/libgcc.a
LOAD /Volumes/data/janos/Develop/RIOT/gcc/bin/../lib/gcc/arm-none-eabi/8.2.1/../../../../arm-none-eabi/lib/thumb/v6-m/nofp/libc_nano.a
END GROUP

.text           0x0000000000000000     0x2978
                0x0000000000000000                . = ALIGN (0x4)
                0x0000000000000000                _sfixed = .
                0x0000000000000000                _isr_vectors = DEFINED (_isr_vectors)?_isr_vectors:.
 *(SORT_BY_NAME(.vectors*))
 .vectors.0     0x0000000000000000       0x40 /Volumes/data/janos/Develop/RIOT/Projects/playground/bin/airfy-beacon/cortexm_common.a(vectors_cortexm.o)
                0x0000000000000000                cortex_vector_base
 .vectors.1     0x0000000000000040       0x68 /Volumes/data/janos/Develop/RIOT/Projects/playground/bin/airfy-beacon/cpu/vectors.o
                0x0000000000000040                vector_cpu
 *(.text .text.* .gnu.linkonce.t.*)
 .text.dummy_handler
                0x00000000000000a8        0x8 /Volumes/data/janos/Develop/RIOT/Projects/playground/bin/airfy-beacon/cpu/vectors.o
                0x00000000000000a8                isr_temp
                0x00000000000000a8                isr_timer0
                0x00000000000000a8                isr_radio
                0x00000000000000a8                isr_swi1
                0x00000000000000a8                isr_spi0_twi0
                0x00000000000000a8                isr_ccm_aar
                0x00000000000000a8                isr_swi5
                0x00000000000000a8                isr_timer1
                0x00000000000000a8                dummy_handler
                0x00000000000000a8                isr_adc
                0x00000000000000a8                isr_wdt
                0x00000000000000a8                isr_qdec
                0x00000000000000a8                isr_gpiote
                0x00000000000000a8                isr_rtc0
                0x00000000000000a8                isr_swi2
                0x00000000000000a8                isr_swi4
                0x00000000000000a8                isr_timer2
                0x00000000000000a8                isr_ecb
                0x00000000000000a8                isr_spi1_twi1
                0x00000000000000a8                isr_swi0
                0x00000000000000a8                isr_rtc1
                0x00000000000000a8                isr_rng
                0x00000000000000a8                isr_swi3
                0x00000000000000a8                isr_power_clock
                0x00000000000000a8                isr_systick
                0x00000000000000a8                isr_lpcomp
 .text.pre_startup
                0x00000000000000b0       0x10 /Volumes/data/janos/Develop/RIOT/Projects/playground/bin/airfy-beacon/cpu/vectors.o
                0x00000000000000b0                pre_startup
 .text._init    0x00000000000000c0        0x8 /Volumes/data/janos/Develop/RIOT/Projects/playground/bin/airfy-beacon/newlib_syscalls_default/syscalls.o
                0x00000000000000c0                _init
 .text._fini    0x00000000000000c8        0x2 /Volumes/data/janos/Develop/RIOT/Projects/playground/bin/airfy-beacon/newlib_syscalls_default/syscalls.o
                0x00000000000000c8                _fini
 *fill*         0x00000000000000ca        0x2 
 .text._sbrk_r  0x00000000000000cc       0x3c /Volumes/data/janos/Develop/RIOT/Projects/playground/bin/airfy-beacon/newlib_syscalls_default/syscalls.o
                0x00000000000000cc                _sbrk_r
 .text._read_r  0x0000000000000108        0xc /Volumes/data/janos/Develop/RIOT/Projects/playground/bin/airfy-beacon/newlib_syscalls_default/syscalls.o
                0x0000000000000108                _read_r
 .text._write_r
                0x0000000000000114        0xc /Volumes/data/janos/Develop/RIOT/Projects/playground/bin/airfy-beacon/newlib_syscalls_default/syscalls.o
                0x0000000000000114                _write_r
 .text._close_r
                0x0000000000000120        0xa /Volumes/data/janos/Develop/RIOT/Projects/playground/bin/airfy-beacon/newlib_syscalls_default/syscalls.o
                0x0000000000000120                _close_r
 .text._lseek_r
                0x000000000000012a        0xa /Volumes/data/janos/Develop/RIOT/Projects/playground/bin/airfy-beacon/newlib_syscalls_default/syscalls.o
                0x000000000000012a                _lseek_r
 .text._fstat_r
                0x0000000000000134        0xa /Volumes/data/janos/Develop/RIOT/Projects/playground/bin/airfy-beacon/newlib_syscalls_default/syscalls.o
                0x0000000000000134                _fstat_r
 .text._isatty_r
                0x000000000000013e        0xe /Volumes/data/janos/Develop/RIOT/Projects/playground/bin/airfy-beacon/newlib_syscalls_default/syscalls.o
                0x000000000000013e                _isatty_r
 .text.sched_run
                0x000000000000014c       0x68 /Volumes/data/janos/Develop/RIOT/Projects/playground/bin/airfy-beacon/core.a(sched.o)
                0x000000000000014c                sched_run
 .text.sched_set_status
                0x00000000000001b4       0x80 /Volumes/data/janos/Develop/RIOT/Projects/playground/bin/airfy-beacon/core.a(sched.o)
                0x00000000000001b4                sched_set_status
 .text.sched_switch
                0x0000000000000234       0x30 /Volumes/data/janos/Develop/RIOT/Projects/playground/bin/airfy-beacon/core.a(sched.o)
                0x0000000000000234                sched_switch
 .text.sched_task_exit
                0x0000000000000264       0x3c /Volumes/data/janos/Develop/RIOT/Projects/playground/bin/airfy-beacon/core.a(sched.o)
                0x0000000000000264                sched_task_exit
 .text.thread_stack_init
                0x00000000000002a0       0x90 /Volumes/data/janos/Develop/RIOT/Projects/playground/bin/airfy-beacon/cortexm_common.a(thread_arch.o)
                0x00000000000002a0                thread_stack_init
 .text.thread_isr_stack_usage
                0x0000000000000330       0x24 /Volumes/data/janos/Develop/RIOT/Projects/playground/bin/airfy-beacon/cortexm_common.a(thread_arch.o)
                0x0000000000000330                thread_isr_stack_usage
 .text.thread_isr_stack_pointer
                0x0000000000000354        0x6 /Volumes/data/janos/Develop/RIOT/Projects/playground/bin/airfy-beacon/cortexm_common.a(thread_arch.o)
                0x0000000000000354                thread_isr_stack_pointer
 *fill*         0x000000000000035a        0x2 
 .text.thread_isr_stack_start
                0x000000000000035c        0x8 /Volumes/data/janos/Develop/RIOT/Projects/playground/bin/airfy-beacon/cortexm_common.a(thread_arch.o)
                0x000000000000035c                thread_isr_stack_start
 .text.cpu_switch_context_exit
                0x0000000000000364        0x8 /Volumes/data/janos/Develop/RIOT/Projects/playground/bin/airfy-beacon/cortexm_common.a(thread_arch.o)
                0x0000000000000364                cpu_switch_context_exit
 .text.thread_yield_higher
                0x000000000000036c       0x14 /Volumes/data/janos/Develop/RIOT/Projects/playground/bin/airfy-beacon/cortexm_common.a(thread_arch.o)
                0x000000000000036c                thread_yield_higher
 .text.isr_pendsv
                0x0000000000000380       0x28 /Volumes/data/janos/Develop/RIOT/Projects/playground/bin/airfy-beacon/cortexm_common.a(thread_arch.o)
                0x0000000000000380                isr_pendsv
 .text.isr_svc  0x00000000000003a8       0x2c /Volumes/data/janos/Develop/RIOT/Projects/playground/bin/airfy-beacon/cortexm_common.a(thread_arch.o)
                0x00000000000003a8                isr_svc
 .text.hard_fault_default
                0x00000000000003d4       0x4c /Volumes/data/janos/Develop/RIOT/Projects/playground/bin/airfy-beacon/cortexm_common.a(vectors_cortexm.o)
                0x00000000000003d4                hard_fault_default
 .text.nmi_default
                0x0000000000000420       0x10 /Volumes/data/janos/Develop/RIOT/Projects/playground/bin/airfy-beacon/cortexm_common.a(vectors_cortexm.o)
                0x0000000000000420                nmi_default
 .text.dummy_handler_default
                0x0000000000000430       0x10 /Volumes/data/janos/Develop/RIOT/Projects/playground/bin/airfy-beacon/cortexm_common.a(vectors_cortexm.o)
                0x0000000000000430                dummy_handler_default
 .text.post_startup
                0x0000000000000440        0x2 /Volumes/data/janos/Develop/RIOT/Projects/playground/bin/airfy-beacon/cortexm_common.a(vectors_cortexm.o)
                0x0000000000000440                post_startup
 *fill*         0x0000000000000442        0x2 
 .text.reset_handler_default
                0x0000000000000444       0x60 /Volumes/data/janos/Develop/RIOT/Projects/playground/bin/airfy-beacon/cortexm_common.a(vectors_cortexm.o)
                0x0000000000000444                reset_handler_default
 .text.hard_fault_handler
                0x00000000000004a4      0x118 /Volumes/data/janos/Develop/RIOT/Projects/playground/bin/airfy-beacon/cortexm_common.a(vectors_cortexm.o)
                0x00000000000004a4                hard_fault_handler
 .text.irq_disable
                0x00000000000005bc        0x8 /Volumes/data/janos/Develop/RIOT/Projects/playground/bin/airfy-beacon/cortexm_common.a(irq_arch.o)
                0x00000000000005bc                irq_disable
 .text.irq_enable
                0x00000000000005c4        0x8 /Volumes/data/janos/Develop/RIOT/Projects/playground/bin/airfy-beacon/cortexm_common.a(irq_arch.o)
                0x00000000000005c4                irq_enable
 .text.irq_restore
                0x00000000000005cc        0x6 /Volumes/data/janos/Develop/RIOT/Projects/playground/bin/airfy-beacon/cortexm_common.a(irq_arch.o)
                0x00000000000005cc                irq_restore
 .text.irq_is_in
                0x00000000000005d2        0x8 /Volumes/data/janos/Develop/RIOT/Projects/playground/bin/airfy-beacon/cortexm_common.a(irq_arch.o)
                0x00000000000005d2                irq_is_in
 *fill*         0x00000000000005da        0x2 
 .text.pm_off   0x00000000000005dc       0x18 /Volumes/data/janos/Develop/RIOT/Projects/playground/bin/airfy-beacon/nrf5x_common_periph.a(pm.o)
                0x00000000000005dc                pm_off
 .text.stdio_init
                0x00000000000005f4       0x1c /Volumes/data/janos/Develop/RIOT/Projects/playground/bin/airfy-beacon/stdio_uart.a(stdio_uart.o)
                0x00000000000005f4                stdio_init
 .text.stdio_read
                0x0000000000000610       0x14 /Volumes/data/janos/Develop/RIOT/Projects/playground/bin/airfy-beacon/stdio_uart.a(stdio_uart.o)
                0x0000000000000610                stdio_read
 .text.stdio_write
                0x0000000000000624       0x12 /Volumes/data/janos/Develop/RIOT/Projects/playground/bin/airfy-beacon/stdio_uart.a(stdio_uart.o)
                0x0000000000000624                stdio_write
 .text.board_init
                0x0000000000000636        0x8 /Volumes/data/janos/Develop/RIOT/Projects/playground/bin/airfy-beacon/boards_common_nrf51.a(board.o)
                0x0000000000000636                board_init
 *fill*         0x000000000000063e        0x2 
 .text.main_trampoline
                0x0000000000000640       0x18 /Volumes/data/janos/Develop/RIOT/Projects/playground/bin/airfy-beacon/core.a(kernel_init.o)
 .text.idle_thread
                0x0000000000000658        0x8 /Volumes/data/janos/Develop/RIOT/Projects/playground/bin/airfy-beacon/core.a(kernel_init.o)
 .text.kernel_init
                0x0000000000000660       0x58 /Volumes/data/janos/Develop/RIOT/Projects/playground/bin/airfy-beacon/core.a(kernel_init.o)
                0x0000000000000660                kernel_init
 .text.panic_arch
                0x00000000000006b8        0x2 /Volumes/data/janos/Develop/RIOT/Projects/playground/bin/airfy-beacon/core.a(panic.o)
                0x00000000000006b8                panic_arch
 *fill*         0x00000000000006ba        0x2 
 .text.core_panic
                0x00000000000006bc       0x54 /Volumes/data/janos/Develop/RIOT/Projects/playground/bin/airfy-beacon/core.a(panic.o)
                0x00000000000006bc                core_panic
 .text.thread_add_to_list
                0x0000000000000710       0x34 /Volumes/data/janos/Develop/RIOT/Projects/playground/bin/airfy-beacon/core.a(thread.o)
                0x0000000000000710                thread_add_to_list
 .text.thread_measure_stack_free
                0x0000000000000744       0x10 /Volumes/data/janos/Develop/RIOT/Projects/playground/bin/airfy-beacon/core.a(thread.o)
                0x0000000000000744                thread_measure_stack_free
 .text.thread_create
                0x0000000000000754       0xe8 /Volumes/data/janos/Develop/RIOT/Projects/playground/bin/airfy-beacon/core.a(thread.o)
                0x0000000000000754                thread_create
 .text.pm_set_lowest
                0x000000000000083c       0x20 /Volumes/data/janos/Develop/RIOT/Projects/playground/bin/airfy-beacon/cortexm_common_periph.a(pm.o)
                0x000000000000083c                pm_set_lowest
 .text.pm_reboot
                0x000000000000085c       0x1c /Volumes/data/janos/Develop/RIOT/Projects/playground/bin/airfy-beacon/cortexm_common_periph.a(pm.o)
                0x000000000000085c                pm_reboot
 .text.cpu_init
                0x0000000000000878       0x10 /Volumes/data/janos/Develop/RIOT/Projects/playground/bin/airfy-beacon/cpu.a(cpu.o)
                0x0000000000000878                cpu_init
 .text.clock_init_hf
                0x0000000000000888       0x24 /Volumes/data/janos/Develop/RIOT/Projects/playground/bin/airfy-beacon/cpu_common.a(clock.o)
                0x0000000000000888                clock_init_hf
 .text.isrpipe_write_one
                0x00000000000008ac       0x16 /Volumes/data/janos/Develop/RIOT/Projects/playground/bin/airfy-beacon/isrpipe.a(isrpipe.o)
                0x00000000000008ac                isrpipe_write_one
 .text.isrpipe_read
                0x00000000000008c2       0x24 /Volumes/data/janos/Develop/RIOT/Projects/playground/bin/airfy-beacon/isrpipe.a(isrpipe.o)
                0x00000000000008c2                isrpipe_read
 *fill*         0x00000000000008e6        0x2 
 .text.uart_init
                0x00000000000008e8      0x1a8 /Volumes/data/janos/Develop/RIOT/Projects/playground/bin/airfy-beacon/nrf5x_common_periph.a(uart.o)
                0x00000000000008e8                uart_init
 .text.uart_write
                0x0000000000000a90       0x30 /Volumes/data/janos/Develop/RIOT/Projects/playground/bin/airfy-beacon/nrf5x_common_periph.a(uart.o)
                0x0000000000000a90                uart_write
 .text.isr_uart0
                0x0000000000000ac0       0x40 /Volumes/data/janos/Develop/RIOT/Projects/playground/bin/airfy-beacon/nrf5x_common_periph.a(uart.o)
                0x0000000000000ac0                isr_uart0
 .text.gpio_init
                0x0000000000000b00       0x28 /Volumes/data/janos/Develop/RIOT/Projects/playground/bin/airfy-beacon/nrf5x_common_periph.a(gpio.o)
                0x0000000000000b00                gpio_init
 .text.ps       0x0000000000000b28       0xec /Volumes/data/janos/Develop/RIOT/Projects/playground/bin/airfy-beacon/ps.a(ps.o)
                0x0000000000000b28                ps
 .text._pop     0x0000000000000c14       0x12 /Volumes/data/janos/Develop/RIOT/Projects/playground/bin/airfy-beacon/tsrb.a(tsrb.o)
 .text.tsrb_get
                0x0000000000000c26       0x2a /Volumes/data/janos/Develop/RIOT/Projects/playground/bin/airfy-beacon/tsrb.a(tsrb.o)
                0x0000000000000c26                tsrb_get
 .text.tsrb_add_one
                0x0000000000000c50       0x26 /Volumes/data/janos/Develop/RIOT/Projects/playground/bin/airfy-beacon/tsrb.a(tsrb.o)
                0x0000000000000c50                tsrb_add_one
 .text.periph_init
                0x0000000000000c76        0x2 /Volumes/data/janos/Develop/RIOT/Projects/playground/bin/airfy-beacon/periph_common.a(init.o)
                0x0000000000000c76                periph_init
 .text.startup.main
                0x0000000000000c78       0x20 /Volumes/data/janos/Develop/RIOT/Projects/playground/bin/airfy-beacon/application_Task01.a(main.o)
                0x0000000000000c78                main
 .text.auto_init
                0x0000000000000c98        0x2 /Volumes/data/janos/Develop/RIOT/Projects/playground/bin/airfy-beacon/auto_init.a(auto_init.o)
                0x0000000000000c98                auto_init
 *fill*         0x0000000000000c9a        0x2 
 .text._mutex_lock
                0x0000000000000c9c       0x60 /Volumes/data/janos/Develop/RIOT/Projects/playground/bin/airfy-beacon/core.a(mutex.o)
                0x0000000000000c9c                _mutex_lock
 .text.mutex_unlock
                0x0000000000000cfc       0x4a /Volumes/data/janos/Develop/RIOT/Projects/playground/bin/airfy-beacon/core.a(mutex.o)
                0x0000000000000cfc                mutex_unlock
 *fill*         0x0000000000000d46        0x2 
 .text.cortexm_init
                0x0000000000000d48       0x70 /Volumes/data/janos/Develop/RIOT/Projects/playground/bin/airfy-beacon/cortexm_common.a(cortexm_init.o)
                0x0000000000000d48                cortexm_init
 .text.flush_if_needed
                0x0000000000000db8       0x14 /Volumes/data/janos/Develop/RIOT/Projects/playground/bin/airfy-beacon/shell.a(shell.o)
 .text.shell_run
                0x0000000000000dcc      0x238 /Volumes/data/janos/Develop/RIOT/Projects/playground/bin/airfy-beacon/shell.a(shell.o)
                0x0000000000000dcc                shell_run
 .text._reboot_handler
                0x0000000000001004        0xa /Volumes/data/janos/Develop/RIOT/Projects/playground/bin/airfy-beacon/shell_commands.a(sc_sys.o)
                0x0000000000001004                _reboot_handler
 .text._ps_handler
                0x000000000000100e        0xa /Volumes/data/janos/Develop/RIOT/Projects/playground/bin/airfy-beacon/shell_commands.a(sc_ps.o)
                0x000000000000100e                _ps_handler
 .text.__sflush_r
                0x0000000000001018      0x114 /Volumes/data/janos/Develop/RIOT/gcc/bin/../lib/gcc/arm-none-eabi/8.2.1/../../../../arm-none-eabi/lib/thumb/v6-m/nofp/libc_nano.a(lib_a-fflush.o)
                0x0000000000001018                __sflush_r
 .text._fflush_r
                0x000000000000112c       0x80 /Volumes/data/janos/Develop/RIOT/gcc/bin/../lib/gcc/arm-none-eabi/8.2.1/../../../../arm-none-eabi/lib/thumb/v6-m/nofp/libc_nano.a(lib_a-fflush.o)
                0x000000000000112c                _fflush_r
 .text.fflush   0x00000000000011ac       0x28 /Volumes/data/janos/Develop/RIOT/gcc/bin/../lib/gcc/arm-none-eabi/8.2.1/../../../../arm-none-eabi/lib/thumb/v6-m/nofp/libc_nano.a(lib_a-fflush.o)
                0x00000000000011ac                fflush
 .text.std      0x00000000000011d4       0x48 /Volumes/data/janos/Develop/RIOT/gcc/bin/../lib/gcc/arm-none-eabi/8.2.1/../../../../arm-none-eabi/lib/thumb/v6-m/nofp/libc_nano.a(lib_a-findfp.o)
 .text._cleanup_r
                0x000000000000121c       0x10 /Volumes/data/janos/Develop/RIOT/gcc/bin/../lib/gcc/arm-none-eabi/8.2.1/../../../../arm-none-eabi/lib/thumb/v6-m/nofp/libc_nano.a(lib_a-findfp.o)
                0x000000000000121c                _cleanup_r
 .text.__sfmoreglue
                0x000000000000122c       0x2c /Volumes/data/janos/Develop/RIOT/gcc/bin/../lib/gcc/arm-none-eabi/8.2.1/../../../../arm-none-eabi/lib/thumb/v6-m/nofp/libc_nano.a(lib_a-findfp.o)
                0x000000000000122c                __sfmoreglue
 .text.__sfp_lock_acquire
                0x0000000000001258       0x10 /Volumes/data/janos/Develop/RIOT/gcc/bin/../lib/gcc/arm-none-eabi/8.2.1/../../../../arm-none-eabi/lib/thumb/v6-m/nofp/libc_nano.a(lib_a-findfp.o)
                0x0000000000001258                __sfp_lock_acquire
 .text.__sfp_lock_release
                0x0000000000001268       0x10 /Volumes/data/janos/Develop/RIOT/gcc/bin/../lib/gcc/arm-none-eabi/8.2.1/../../../../arm-none-eabi/lib/thumb/v6-m/nofp/libc_nano.a(lib_a-findfp.o)
                0x0000000000001268                __sfp_lock_release
 .text.__sinit_lock_acquire
                0x0000000000001278       0x10 /Volumes/data/janos/Develop/RIOT/gcc/bin/../lib/gcc/arm-none-eabi/8.2.1/../../../../arm-none-eabi/lib/thumb/v6-m/nofp/libc_nano.a(lib_a-findfp.o)
                0x0000000000001278                __sinit_lock_acquire
 .text.__sinit_lock_release
                0x0000000000001288       0x10 /Volumes/data/janos/Develop/RIOT/gcc/bin/../lib/gcc/arm-none-eabi/8.2.1/../../../../arm-none-eabi/lib/thumb/v6-m/nofp/libc_nano.a(lib_a-findfp.o)
                0x0000000000001288                __sinit_lock_release
 .text.__sinit  0x0000000000001298       0x70 /Volumes/data/janos/Develop/RIOT/gcc/bin/../lib/gcc/arm-none-eabi/8.2.1/../../../../arm-none-eabi/lib/thumb/v6-m/nofp/libc_nano.a(lib_a-findfp.o)
                0x0000000000001298                __sinit
 .text.__sfp    0x0000000000001308       0x90 /Volumes/data/janos/Develop/RIOT/gcc/bin/../lib/gcc/arm-none-eabi/8.2.1/../../../../arm-none-eabi/lib/thumb/v6-m/nofp/libc_nano.a(lib_a-findfp.o)
                0x0000000000001308                __sfp
 .text._fwalk   0x0000000000001398       0x38 /Volumes/data/janos/Develop/RIOT/gcc/bin/../lib/gcc/arm-none-eabi/8.2.1/../../../../arm-none-eabi/lib/thumb/v6-m/nofp/libc_nano.a(lib_a-fwalk.o)
                0x0000000000001398                _fwalk
 .text._fwalk_reent
                0x00000000000013d0       0x42 /Volumes/data/janos/Develop/RIOT/gcc/bin/../lib/gcc/arm-none-eabi/8.2.1/../../../../arm-none-eabi/lib/thumb/v6-m/nofp/libc_nano.a(lib_a-fwalk.o)
                0x00000000000013d0                _fwalk_reent
 *fill*         0x0000000000001412        0x2 
 .text.getchar  0x0000000000001414       0x24 /Volumes/data/janos/Develop/RIOT/gcc/bin/../lib/gcc/arm-none-eabi/8.2.1/../../../../arm-none-eabi/lib/thumb/v6-m/nofp/libc_nano.a(lib_a-getchar.o)
                0x0000000000001414                getchar
 .text.__libc_init_array
                0x0000000000001438       0x48 /Volumes/data/janos/Develop/RIOT/gcc/bin/../lib/gcc/arm-none-eabi/8.2.1/../../../../arm-none-eabi/lib/thumb/v6-m/nofp/libc_nano.a(lib_a-init.o)
                0x0000000000001438                __libc_init_array
 .text.__retarget_lock_init_recursive
                0x0000000000001480        0x2 /Volumes/data/janos/Develop/RIOT/gcc/bin/../lib/gcc/arm-none-eabi/8.2.1/../../../../arm-none-eabi/lib/thumb/v6-m/nofp/libc_nano.a(lib_a-lock.o)
                0x0000000000001480                __retarget_lock_init_recursive
 .text.__retarget_lock_acquire_recursive
                0x0000000000001482        0x2 /Volumes/data/janos/Develop/RIOT/gcc/bin/../lib/gcc/arm-none-eabi/8.2.1/../../../../arm-none-eabi/lib/thumb/v6-m/nofp/libc_nano.a(lib_a-lock.o)
                0x0000000000001482                __retarget_lock_acquire_recursive
 .text.__retarget_lock_release_recursive
                0x0000000000001484        0x2 /Volumes/data/janos/Develop/RIOT/gcc/bin/../lib/gcc/arm-none-eabi/8.2.1/../../../../arm-none-eabi/lib/thumb/v6-m/nofp/libc_nano.a(lib_a-lock.o)
                0x0000000000001484                __retarget_lock_release_recursive
 .text.memcpy   0x0000000000001486       0x12 /Volumes/data/janos/Develop/RIOT/gcc/bin/../lib/gcc/arm-none-eabi/8.2.1/../../../../arm-none-eabi/lib/thumb/v6-m/nofp/libc_nano.a(lib_a-memcpy-stub.o)
                0x0000000000001486                memcpy
 .text.memset   0x0000000000001498       0x10 /Volumes/data/janos/Develop/RIOT/gcc/bin/../lib/gcc/arm-none-eabi/8.2.1/../../../../arm-none-eabi/lib/thumb/v6-m/nofp/libc_nano.a(lib_a-memset.o)
                0x0000000000001498                memset
 .text._free_r  0x00000000000014a8       0x94 /Volumes/data/janos/Develop/RIOT/gcc/bin/../lib/gcc/arm-none-eabi/8.2.1/../../../../arm-none-eabi/lib/thumb/v6-m/nofp/libc_nano.a(lib_a-nano-freer.o)
                0x00000000000014a8                _free_r
 .text._malloc_r
                0x000000000000153c       0xbc /Volumes/data/janos/Develop/RIOT/gcc/bin/../lib/gcc/arm-none-eabi/8.2.1/../../../../arm-none-eabi/lib/thumb/v6-m/nofp/libc_nano.a(lib_a-nano-mallocr.o)
                0x000000000000153c                _malloc_r
 .text.printf   0x00000000000015f8       0x34 /Volumes/data/janos/Develop/RIOT/gcc/bin/../lib/gcc/arm-none-eabi/8.2.1/../../../../arm-none-eabi/lib/thumb/v6-m/nofp/libc_nano.a(lib_a-printf.o)
                0x00000000000015f8                printf
                0x00000000000015f8                iprintf
 .text.putchar  0x000000000000162c       0x28 /Volumes/data/janos/Develop/RIOT/gcc/bin/../lib/gcc/arm-none-eabi/8.2.1/../../../../arm-none-eabi/lib/thumb/v6-m/nofp/libc_nano.a(lib_a-putchar.o)
                0x000000000000162c                putchar
 .text._puts_r  0x0000000000001654       0xe4 /Volumes/data/janos/Develop/RIOT/gcc/bin/../lib/gcc/arm-none-eabi/8.2.1/../../../../arm-none-eabi/lib/thumb/v6-m/nofp/libc_nano.a(lib_a-puts.o)
                0x0000000000001654                _puts_r
 .text.puts     0x0000000000001738       0x14 /Volumes/data/janos/Develop/RIOT/gcc/bin/../lib/gcc/arm-none-eabi/8.2.1/../../../../arm-none-eabi/lib/thumb/v6-m/nofp/libc_nano.a(lib_a-puts.o)
                0x0000000000001738                puts
 .text.__sread  0x000000000000174c       0x28 /Volumes/data/janos/Develop/RIOT/gcc/bin/../lib/gcc/arm-none-eabi/8.2.1/../../../../arm-none-eabi/lib/thumb/v6-m/nofp/libc_nano.a(lib_a-stdio.o)
                0x000000000000174c                __sread
 .text.__swrite
                0x0000000000001774       0x38 /Volumes/data/janos/Develop/RIOT/gcc/bin/../lib/gcc/arm-none-eabi/8.2.1/../../../../arm-none-eabi/lib/thumb/v6-m/nofp/libc_nano.a(lib_a-stdio.o)
                0x0000000000001774                __swrite
 .text.__sseek  0x00000000000017ac       0x2c /Volumes/data/janos/Develop/RIOT/gcc/bin/../lib/gcc/arm-none-eabi/8.2.1/../../../../arm-none-eabi/lib/thumb/v6-m/nofp/libc_nano.a(lib_a-stdio.o)
                0x00000000000017ac                __sseek
 .text.__sclose
                0x00000000000017d8        0xc /Volumes/data/janos/Develop/RIOT/gcc/bin/../lib/gcc/arm-none-eabi/8.2.1/../../../../arm-none-eabi/lib/thumb/v6-m/nofp/libc_nano.a(lib_a-stdio.o)
                0x00000000000017d8                __sclose
 .text          0x00000000000017e4       0x14 /Volumes/data/janos/Develop/RIOT/gcc/bin/../lib/gcc/arm-none-eabi/8.2.1/../../../../arm-none-eabi/lib/thumb/v6-m/nofp/libc_nano.a(lib_a-strcmp.o)
                0x00000000000017e4                strcmp
 .text.__swbuf_r
                0x00000000000017f8       0xac /Volumes/data/janos/Develop/RIOT/gcc/bin/../lib/gcc/arm-none-eabi/8.2.1/../../../../arm-none-eabi/lib/thumb/v6-m/nofp/libc_nano.a(lib_a-wbuf.o)
                0x00000000000017f8                __swbuf_r
 .text.__swsetup_r
                0x00000000000018a4       0xec /Volumes/data/janos/Develop/RIOT/gcc/bin/../lib/gcc/arm-none-eabi/8.2.1/../../../../arm-none-eabi/lib/thumb/v6-m/nofp/libc_nano.a(lib_a-wsetup.o)
                0x00000000000018a4                __swsetup_r
 .text._getc_r  0x0000000000001990       0x84 /Volumes/data/janos/Develop/RIOT/gcc/bin/../lib/gcc/arm-none-eabi/8.2.1/../../../../arm-none-eabi/lib/thumb/v6-m/nofp/libc_nano.a(lib_a-getc.o)
                0x0000000000001990                _getc_r
 .text.__swhatbuf_r
                0x0000000000001a14       0x50 /Volumes/data/janos/Develop/RIOT/gcc/bin/../lib/gcc/arm-none-eabi/8.2.1/../../../../arm-none-eabi/lib/thumb/v6-m/nofp/libc_nano.a(lib_a-makebuf.o)
                0x0000000000001a14                __swhatbuf_r
 .text.__smakebuf_r
                0x0000000000001a64       0x88 /Volumes/data/janos/Develop/RIOT/gcc/bin/../lib/gcc/arm-none-eabi/8.2.1/../../../../arm-none-eabi/lib/thumb/v6-m/nofp/libc_nano.a(lib_a-makebuf.o)
                0x0000000000001a64                __smakebuf_r
 .text.__malloc_lock
                0x0000000000001aec       0x10 /Volumes/data/janos/Develop/RIOT/gcc/bin/../lib/gcc/arm-none-eabi/8.2.1/../../../../arm-none-eabi/lib/thumb/v6-m/nofp/libc_nano.a(lib_a-mlock.o)
                0x0000000000001aec                __malloc_lock
 .text.__malloc_unlock
                0x0000000000001afc       0x10 /Volumes/data/janos/Develop/RIOT/gcc/bin/../lib/gcc/arm-none-eabi/8.2.1/../../../../arm-none-eabi/lib/thumb/v6-m/nofp/libc_nano.a(lib_a-mlock.o)
                0x0000000000001afc                __malloc_unlock
 .text.__sfputc_r
                0x0000000000001b0c       0x2a /Volumes/data/janos/Develop/RIOT/gcc/bin/../lib/gcc/arm-none-eabi/8.2.1/../../../../arm-none-eabi/lib/thumb/v6-m/nofp/libc_nano.a(lib_a-nano-vfprintf.o)
 .text.__sfputs_r
                0x0000000000001b36       0x24 /Volumes/data/janos/Develop/RIOT/gcc/bin/../lib/gcc/arm-none-eabi/8.2.1/../../../../arm-none-eabi/lib/thumb/v6-m/nofp/libc_nano.a(lib_a-nano-vfprintf.o)
                0x0000000000001b36                __sfputs_r
 *fill*         0x0000000000001b5a        0x2 
 .text._vfprintf_r
                0x0000000000001b5c      0x26c /Volumes/data/janos/Develop/RIOT/gcc/bin/../lib/gcc/arm-none-eabi/8.2.1/../../../../arm-none-eabi/lib/thumb/v6-m/nofp/libc_nano.a(lib_a-nano-vfprintf.o)
                0x0000000000001b5c                _vfiprintf_r
                0x0000000000001b5c                _vfprintf_r
 .text._printf_common
                0x0000000000001dc8       0xda /Volumes/data/janos/Develop/RIOT/gcc/bin/../lib/gcc/arm-none-eabi/8.2.1/../../../../arm-none-eabi/lib/thumb/v6-m/nofp/libc_nano.a(lib_a-nano-vfprintf_i.o)
                0x0000000000001dc8                _printf_common
 *fill*         0x0000000000001ea2        0x2 
 .text._printf_i
                0x0000000000001ea4      0x214 /Volumes/data/janos/Develop/RIOT/gcc/bin/../lib/gcc/arm-none-eabi/8.2.1/../../../../arm-none-eabi/lib/thumb/v6-m/nofp/libc_nano.a(lib_a-nano-vfprintf_i.o)
                0x0000000000001ea4                _printf_i
 .text._putc_r  0x00000000000020b8       0x94 /Volumes/data/janos/Develop/RIOT/gcc/bin/../lib/gcc/arm-none-eabi/8.2.1/../../../../arm-none-eabi/lib/thumb/v6-m/nofp/libc_nano.a(lib_a-putc.o)
                0x00000000000020b8                _putc_r
 .text.__srget_r
                0x000000000000214c       0x60 /Volumes/data/janos/Develop/RIOT/gcc/bin/../lib/gcc/arm-none-eabi/8.2.1/../../../../arm-none-eabi/lib/thumb/v6-m/nofp/libc_nano.a(lib_a-rget.o)
                0x000000000000214c                __srget_r
 .text.memchr   0x00000000000021ac       0x16 /Volumes/data/janos/Develop/RIOT/gcc/bin/../lib/gcc/arm-none-eabi/8.2.1/../../../../arm-none-eabi/lib/thumb/v6-m/nofp/libc_nano.a(lib_a-memchr-stub.o)
                0x00000000000021ac                memchr
 .text.lflush   0x00000000000021c2       0x18 /Volumes/data/janos/Develop/RIOT/gcc/bin/../lib/gcc/arm-none-eabi/8.2.1/../../../../arm-none-eabi/lib/thumb/v6-m/nofp/libc_nano.a(lib_a-refill.o)
 *fill*         0x00000000000021da        0x2 
 .text.__srefill_r
                0x00000000000021dc      0x124 /Volumes/data/janos/Develop/RIOT/gcc/bin/../lib/gcc/arm-none-eabi/8.2.1/../../../../arm-none-eabi/lib/thumb/v6-m/nofp/libc_nano.a(lib_a-refill.o)
                0x00000000000021dc                __srefill_r
 .text          0x0000000000002300      0x114 /Volumes/data/janos/Develop/RIOT/gcc/bin/../lib/gcc/arm-none-eabi/8.2.1/thumb/v6-m/nofp/libgcc.a(_udivsi3.o)
                0x0000000000002300                __udivsi3
                0x0000000000002300                __aeabi_uidiv
                0x000000000000240c                __aeabi_uidivmod
 .text          0x0000000000002414        0x4 /Volumes/data/janos/Develop/RIOT/gcc/bin/../lib/gcc/arm-none-eabi/8.2.1/thumb/v6-m/nofp/libgcc.a(_dvmd_tls.o)
                0x0000000000002414                __aeabi_ldiv0
                0x0000000000002414                __aeabi_idiv0
 *(.glue_7t)
 .glue_7t       0x0000000000002418        0x0 linker stubs
 *(.glue_7)
 .glue_7        0x0000000000002418        0x0 linker stubs
 *(.rodata .rodata* .gnu.linkonce.r.*)
 .rodata.MultiplyDeBruijnBitPosition
                0x0000000000002418       0x20 /Volumes/data/janos/Develop/RIOT/Projects/playground/bin/airfy-beacon/core.a(bitarithm.o)
                0x0000000000002418                MultiplyDeBruijnBitPosition
 .rodata.dummy_handler_default.str1.1
                0x0000000000002438        0xe /Volumes/data/janos/Develop/RIOT/Projects/playground/bin/airfy-beacon/cortexm_common.a(vectors_cortexm.o)
 .rodata.hard_fault_handler.str1.1
                0x0000000000002446      0x18b /Volumes/data/janos/Develop/RIOT/Projects/playground/bin/airfy-beacon/cortexm_common.a(vectors_cortexm.o)
 .rodata.nmi_default.str1.1
                0x00000000000025d1        0xc /Volumes/data/janos/Develop/RIOT/Projects/playground/bin/airfy-beacon/cortexm_common.a(vectors_cortexm.o)
 .rodata.main_trampoline.str1.1
                0x00000000000025dd       0x2a /Volumes/data/janos/Develop/RIOT/Projects/playground/bin/airfy-beacon/core.a(kernel_init.o)
 .rodata.str1.1
                0x0000000000002607        0xa /Volumes/data/janos/Develop/RIOT/Projects/playground/bin/airfy-beacon/core.a(kernel_init.o)
 .rodata.assert_crash_message
                0x0000000000002611       0x12 /Volumes/data/janos/Develop/RIOT/Projects/playground/bin/airfy-beacon/core.a(panic.o)
                0x0000000000002611                assert_crash_message
 .rodata.core_panic.str1.1
                0x0000000000002623       0x2e /Volumes/data/janos/Develop/RIOT/Projects/playground/bin/airfy-beacon/core.a(panic.o)
                                         0x30 (size before relaxing)
 .rodata        0x0000000000002651        0x2 /Volumes/data/janos/Develop/RIOT/Projects/playground/bin/airfy-beacon/ps.a(ps.o)
 .rodata.ps.str1.1
                0x0000000000002653       0xfd /Volumes/data/janos/Develop/RIOT/Projects/playground/bin/airfy-beacon/ps.a(ps.o)
 .rodata.state_names
                0x0000000000002750       0x30 /Volumes/data/janos/Develop/RIOT/Projects/playground/bin/airfy-beacon/ps.a(ps.o)
 .rodata.str1.1
                0x0000000000002780       0x63 /Volumes/data/janos/Develop/RIOT/Projects/playground/bin/airfy-beacon/ps.a(ps.o)
 .rodata.main.str1.1
                0x00000000000027e3       0x10 /Volumes/data/janos/Develop/RIOT/Projects/playground/bin/airfy-beacon/application_Task01.a(main.o)
 .rodata.shell_run.str1.1
                0x00000000000027f3       0x82 /Volumes/data/janos/Develop/RIOT/Projects/playground/bin/airfy-beacon/shell.a(shell.o)
 *fill*         0x0000000000002875        0x3 
 .rodata._shell_command_list
                0x0000000000002878       0x24 /Volumes/data/janos/Develop/RIOT/Projects/playground/bin/airfy-beacon/shell_commands.a(shell_commands.o)
                0x0000000000002878                _shell_command_list
 .rodata.str1.1
                0x000000000000289c       0x44 /Volumes/data/janos/Develop/RIOT/Projects/playground/bin/airfy-beacon/shell_commands.a(shell_commands.o)
 .rodata.__sf_fake_stderr
                0x00000000000028e0       0x20 /Volumes/data/janos/Develop/RIOT/gcc/bin/../lib/gcc/arm-none-eabi/8.2.1/../../../../arm-none-eabi/lib/thumb/v6-m/nofp/libc_nano.a(lib_a-findfp.o)
                0x00000000000028e0                __sf_fake_stderr
 .rodata.__sf_fake_stdin
                0x0000000000002900       0x20 /Volumes/data/janos/Develop/RIOT/gcc/bin/../lib/gcc/arm-none-eabi/8.2.1/../../../../arm-none-eabi/lib/thumb/v6-m/nofp/libc_nano.a(lib_a-findfp.o)
                0x0000000000002900                __sf_fake_stdin
 .rodata.__sf_fake_stdout
                0x0000000000002920       0x20 /Volumes/data/janos/Develop/RIOT/gcc/bin/../lib/gcc/arm-none-eabi/8.2.1/../../../../arm-none-eabi/lib/thumb/v6-m/nofp/libc_nano.a(lib_a-findfp.o)
                0x0000000000002920                __sf_fake_stdout
 .rodata._global_impure_ptr
                0x0000000000002940        0x4 /Volumes/data/janos/Develop/RIOT/gcc/bin/../lib/gcc/arm-none-eabi/8.2.1/../../../../arm-none-eabi/lib/thumb/v6-m/nofp/libc_nano.a(lib_a-impure.o)
                0x0000000000002940                _global_impure_ptr
 .rodata._vfprintf_r.str1.1
                0x0000000000002944       0x11 /Volumes/data/janos/Develop/RIOT/gcc/bin/../lib/gcc/arm-none-eabi/8.2.1/../../../../arm-none-eabi/lib/thumb/v6-m/nofp/libc_nano.a(lib_a-nano-vfprintf.o)
 .rodata._printf_i.str1.1
                0x0000000000002955       0x22 /Volumes/data/janos/Develop/RIOT/gcc/bin/../lib/gcc/arm-none-eabi/8.2.1/../../../../arm-none-eabi/lib/thumb/v6-m/nofp/libc_nano.a(lib_a-nano-vfprintf_i.o)
 *(.ARM.extab* .gnu.linkonce.armextab.*)
                0x0000000000002978                . = ALIGN (0x4)
 *fill*         0x0000000000002977        0x1 
 *(.init)
                0x0000000000002978                . = ALIGN (0x4)
                0x0000000000002978                __preinit_array_start = .
 *(.preinit_array)
                0x0000000000002978                __preinit_array_end = .
                0x0000000000002978                . = ALIGN (0x4)
                0x0000000000002978                __init_array_start = .
 *(SORT_BY_NAME(.init_array.*))
 *(.init_array)
                0x0000000000002978                __init_array_end = .
                0x0000000000002978                . = ALIGN (0x4)
 *crtbegin.o(.ctors)
 *(EXCLUDE_FILE(*crtend.o) .ctors)
 *(SORT_BY_NAME(.ctors.*))
 *crtend.o(.ctors)
                0x0000000000002978                . = ALIGN (0x4)
 *(.fini)
                0x0000000000002978                . = ALIGN (0x4)
                0x0000000000002978                __fini_array_start = .
 *(.fini_array)
 *(SORT_BY_NAME(.fini_array.*))
                0x0000000000002978                __fini_array_end = .
 *crtbegin.o(.dtors)
 *(EXCLUDE_FILE(*crtend.o) .dtors)
 *(SORT_BY_NAME(.dtors.*))
 *crtend.o(.dtors)
                0x0000000000002978                . = ALIGN (0x4)
                0x0000000000002978                _efixed = .
                [!provide]                        PROVIDE (__exidx_start = .)

.vfp11_veneer   0x0000000000002978        0x0
 .vfp11_veneer  0x0000000000002978        0x0 linker stubs

.v4_bx          0x0000000000002978        0x0
 .v4_bx         0x0000000000002978        0x0 linker stubs

.iplt           0x0000000000002978        0x0
 .iplt          0x0000000000002978        0x0 /Volumes/data/janos/Develop/RIOT/Projects/playground/bin/airfy-beacon/cpu/vectors.o

.igot.plt       0x0000000000002978        0x0
 .igot.plt      0x0000000000002978        0x0 /Volumes/data/janos/Develop/RIOT/Projects/playground/bin/airfy-beacon/cpu/vectors.o

.rel.dyn        0x0000000000002978        0x0
 .rel.iplt      0x0000000000002978        0x0 /Volumes/data/janos/Develop/RIOT/Projects/playground/bin/airfy-beacon/cpu/vectors.o

.ARM.exidx
 *(.ARM.exidx* .gnu.linkonce.armexidx.*)
                [!provide]                        PROVIDE (__exidx_end = .)
                0x0000000000002978                . = ALIGN (0x4)

.eh_frame
 *(.eh_frame)
                0x0000000000002978                . = ALIGN (0x4)
                0x0000000000002978                _etext = .

.stack          0x0000000020000000      0x200
 *(.puf)
                0x0000000020000000                . = ALIGN (0x8)
                0x0000000020000000                _sstack = .
 *(.isr_stack)
 .isr_stack     0x0000000020000000      0x200 /Volumes/data/janos/Develop/RIOT/Projects/playground/bin/airfy-beacon/cortexm_common.a(vectors_cortexm.o)
                0x0000000020000000                isr_stack
                0x0000000020000200                . = ALIGN (0x8)
                0x0000000020000200                _estack = .

.relocate       0x0000000020000200       0x88 load address 0x0000000000002978
                0x0000000020000200                . = ALIGN (0x4)
                0x0000000020000200                _srelocate = .
 *(.ramfunc .ramfunc.*)
 *(.data .data.*)
 .data.heap_top
                0x0000000020000200        0x4 /Volumes/data/janos/Develop/RIOT/Projects/playground/bin/airfy-beacon/newlib_syscalls_default/syscalls.o
                0x0000000020000200                heap_top
 .data.stdio_uart_isrpipe
                0x0000000020000204       0x14 /Volumes/data/janos/Develop/RIOT/Projects/playground/bin/airfy-beacon/stdio_uart.a(stdio_uart.o)
                0x0000000020000204                stdio_uart_isrpipe
 .data.idle_name
                0x0000000020000218        0x4 /Volumes/data/janos/Develop/RIOT/Projects/playground/bin/airfy-beacon/core.a(kernel_init.o)
                0x0000000020000218                idle_name
 .data.main_name
                0x000000002000021c        0x4 /Volumes/data/janos/Develop/RIOT/Projects/playground/bin/airfy-beacon/core.a(kernel_init.o)
                0x000000002000021c                main_name
 .data._impure_ptr
                0x0000000020000220        0x4 /Volumes/data/janos/Develop/RIOT/gcc/bin/../lib/gcc/arm-none-eabi/8.2.1/../../../../arm-none-eabi/lib/thumb/v6-m/nofp/libc_nano.a(lib_a-impure.o)
                0x0000000020000220                _impure_ptr
 .data.impure_data
                0x0000000020000224       0x60 /Volumes/data/janos/Develop/RIOT/gcc/bin/../lib/gcc/arm-none-eabi/8.2.1/../../../../arm-none-eabi/lib/thumb/v6-m/nofp/libc_nano.a(lib_a-impure.o)
 *(.openocd .openocd.*)
 .openocd       0x0000000020000284        0x2 /Volumes/data/janos/Develop/RIOT/Projects/playground/bin/airfy-beacon/core.a(sched.o)
                0x0000000020000284                _tcb_name_offset
                0x0000000020000285                max_threads
                0x0000000020000288                . = ALIGN (0x4)
 *fill*         0x0000000020000286        0x2 
                0x0000000020000288                _erelocate = .

.bss            0x0000000020000288      0x838 load address 0x0000000000002a00
                0x0000000020000288                . = ALIGN (0x4)
                0x0000000020000288                _sbss = .
                0x0000000020000288                _szero = .
 *(.bss .bss.*)
 .bss.runqueue_bitcache
                0x0000000020000288        0x4 /Volumes/data/janos/Develop/RIOT/Projects/playground/bin/airfy-beacon/core.a(sched.o)
 .bss.sched_active_pid
                0x000000002000028c        0x2 /Volumes/data/janos/Develop/RIOT/Projects/playground/bin/airfy-beacon/core.a(sched.o)
                0x000000002000028c                sched_active_pid
 *fill*         0x000000002000028e        0x2 
 .bss.sched_active_thread
                0x0000000020000290        0x4 /Volumes/data/janos/Develop/RIOT/Projects/playground/bin/airfy-beacon/core.a(sched.o)
                0x0000000020000290                sched_active_thread
 .bss.sched_context_switch_request
                0x0000000020000294        0x4 /Volumes/data/janos/Develop/RIOT/Projects/playground/bin/airfy-beacon/core.a(sched.o)
                0x0000000020000294                sched_context_switch_request
 .bss.sched_num_threads
                0x0000000020000298        0x4 /Volumes/data/janos/Develop/RIOT/Projects/playground/bin/airfy-beacon/core.a(sched.o)
                0x0000000020000298                sched_num_threads
 .bss.sched_runqueues
                0x000000002000029c       0x40 /Volumes/data/janos/Develop/RIOT/Projects/playground/bin/airfy-beacon/core.a(sched.o)
                0x000000002000029c                sched_runqueues
 .bss.sched_threads
                0x00000000200002dc       0x84 /Volumes/data/janos/Develop/RIOT/Projects/playground/bin/airfy-beacon/core.a(sched.o)
                0x00000000200002dc                sched_threads
 .bss._rx_buf_mem
                0x0000000020000360       0x40 /Volumes/data/janos/Develop/RIOT/Projects/playground/bin/airfy-beacon/stdio_uart.a(stdio_uart.o)
 .bss.idle_stack
                0x00000000200003a0      0x100 /Volumes/data/janos/Develop/RIOT/Projects/playground/bin/airfy-beacon/core.a(kernel_init.o)
 .bss.main_stack
                0x00000000200004a0      0x600 /Volumes/data/janos/Develop/RIOT/Projects/playground/bin/airfy-beacon/core.a(kernel_init.o)
 .bss.crashed   0x0000000020000aa0        0x4 /Volumes/data/janos/Develop/RIOT/Projects/playground/bin/airfy-beacon/core.a(panic.o)
 .bss.isr_ctx   0x0000000020000aa4        0x8 /Volumes/data/janos/Develop/RIOT/Projects/playground/bin/airfy-beacon/nrf5x_common_periph.a(uart.o)
 .bss.__malloc_free_list
                0x0000000020000aac        0x4 /Volumes/data/janos/Develop/RIOT/gcc/bin/../lib/gcc/arm-none-eabi/8.2.1/../../../../arm-none-eabi/lib/thumb/v6-m/nofp/libc_nano.a(lib_a-nano-mallocr.o)
                0x0000000020000aac                __malloc_free_list
 .bss.__malloc_sbrk_start
                0x0000000020000ab0        0x4 /Volumes/data/janos/Develop/RIOT/gcc/bin/../lib/gcc/arm-none-eabi/8.2.1/../../../../arm-none-eabi/lib/thumb/v6-m/nofp/libc_nano.a(lib_a-nano-mallocr.o)
                0x0000000020000ab0                __malloc_sbrk_start
 *(COMMON)
 COMMON         0x0000000020000ab4        0x9 /Volumes/data/janos/Develop/RIOT/gcc/bin/../lib/gcc/arm-none-eabi/8.2.1/../../../../arm-none-eabi/lib/thumb/v6-m/nofp/libc_nano.a(lib_a-lock.o)
                0x0000000020000ab4                __lock___atexit_recursive_mutex
                0x0000000020000ab5                __lock___arc4random_mutex
                0x0000000020000ab6                __lock___env_recursive_mutex
                0x0000000020000ab7                __lock___sinit_recursive_mutex
                0x0000000020000ab8                __lock___malloc_recursive_mutex
                0x0000000020000ab9                __lock___at_quick_exit_mutex
                0x0000000020000aba                __lock___dd_hash_mutex
                0x0000000020000abb                __lock___tz_mutex
                0x0000000020000abc                __lock___sfp_recursive_mutex
                0x0000000020000ac0                . = ALIGN (0x4)
 *fill*         0x0000000020000abd        0x3 
                0x0000000020000ac0                _ebss = .
                0x0000000020000ac0                _ezero = .
                0x0000000020000ac0                . = ALIGN (0x4)
                0x0000000020000ac0                _sheap = .
                0x0000000020004000                _eheap = (ORIGIN (ram) + LENGTH (ram))
                0x0000000020000000                _sram = ORIGIN (ram)
                0x0000000020004000                _eram = (ORIGIN (ram) + LENGTH (ram))
OUTPUT(/Volumes/data/janos/Develop/RIOT/Projects/playground/bin/airfy-beacon/Task01.elf elf32-littlearm)

.debug_info     0x0000000000000000    0x1b705
 .debug_info    0x0000000000000000      0xf54 /Volumes/data/janos/Develop/RIOT/Projects/playground/bin/airfy-beacon/cpu/vectors.o
 .debug_info    0x0000000000000f54     0x15b3 /Volumes/data/janos/Develop/RIOT/Projects/playground/bin/airfy-beacon/newlib_syscalls_default/syscalls.o
 .debug_info    0x0000000000002507      0xf61 /Volumes/data/janos/Develop/RIOT/Projects/playground/bin/airfy-beacon/core.a(sched.o)
 .debug_info    0x0000000000003468      0x9e4 /Volumes/data/janos/Develop/RIOT/Projects/playground/bin/airfy-beacon/core.a(bitarithm.o)
 .debug_info    0x0000000000003e4c     0x100d /Volumes/data/janos/Develop/RIOT/Projects/playground/bin/airfy-beacon/cortexm_common.a(thread_arch.o)
 .debug_info    0x0000000000004e59     0x11fa /Volumes/data/janos/Develop/RIOT/Projects/playground/bin/airfy-beacon/cortexm_common.a(vectors_cortexm.o)
 .debug_info    0x0000000000006053      0xde3 /Volumes/data/janos/Develop/RIOT/Projects/playground/bin/airfy-beacon/cortexm_common.a(irq_arch.o)
 .debug_info    0x0000000000006e36      0xef0 /Volumes/data/janos/Develop/RIOT/Projects/playground/bin/airfy-beacon/nrf5x_common_periph.a(pm.o)
 .debug_info    0x0000000000007d26     0x17a5 /Volumes/data/janos/Develop/RIOT/Projects/playground/bin/airfy-beacon/stdio_uart.a(stdio_uart.o)
 .debug_info    0x00000000000094cb      0xc41 /Volumes/data/janos/Develop/RIOT/Projects/playground/bin/airfy-beacon/boards_common_nrf51.a(board.o)
 .debug_info    0x000000000000a10c      0xe5e /Volumes/data/janos/Develop/RIOT/Projects/playground/bin/airfy-beacon/core.a(kernel_init.o)
 .debug_info    0x000000000000af6a      0xe0b /Volumes/data/janos/Develop/RIOT/Projects/playground/bin/airfy-beacon/core.a(panic.o)
 .debug_info    0x000000000000bd75     0x1373 /Volumes/data/janos/Develop/RIOT/Projects/playground/bin/airfy-beacon/core.a(thread.o)
 .debug_info    0x000000000000d0e8      0xde5 /Volumes/data/janos/Develop/RIOT/Projects/playground/bin/airfy-beacon/cortexm_common_periph.a(pm.o)
 .debug_info    0x000000000000decd     0x156d /Volumes/data/janos/Develop/RIOT/Projects/playground/bin/airfy-beacon/cpu.a(cpu.o)
 .debug_info    0x000000000000f43a     0x17aa /Volumes/data/janos/Develop/RIOT/Projects/playground/bin/airfy-beacon/cpu_common.a(clock.o)
 .debug_info    0x0000000000010be4      0x473 /Volumes/data/janos/Develop/RIOT/Projects/playground/bin/airfy-beacon/isrpipe.a(isrpipe.o)
 .debug_info    0x0000000000011057     0x1d37 /Volumes/data/janos/Develop/RIOT/Projects/playground/bin/airfy-beacon/nrf5x_common_periph.a(uart.o)
 .debug_info    0x0000000000012d8e     0x185e /Volumes/data/janos/Develop/RIOT/Projects/playground/bin/airfy-beacon/nrf5x_common_periph.a(gpio.o)
 .debug_info    0x00000000000145ec      0xecc /Volumes/data/janos/Develop/RIOT/Projects/playground/bin/airfy-beacon/ps.a(ps.o)
 .debug_info    0x00000000000154b8      0x438 /Volumes/data/janos/Develop/RIOT/Projects/playground/bin/airfy-beacon/tsrb.a(tsrb.o)
 .debug_info    0x00000000000158f0       0x3c /Volumes/data/janos/Develop/RIOT/Projects/playground/bin/airfy-beacon/periph_common.a(init.o)
 .debug_info    0x000000000001592c      0x997 /Volumes/data/janos/Develop/RIOT/Projects/playground/bin/airfy-beacon/application_Task01.a(main.o)
 .debug_info    0x00000000000162c3      0xc27 /Volumes/data/janos/Develop/RIOT/Projects/playground/bin/airfy-beacon/auto_init.a(auto_init.o)
 .debug_info    0x0000000000016eea      0xfcd /Volumes/data/janos/Develop/RIOT/Projects/playground/bin/airfy-beacon/core.a(mutex.o)
 .debug_info    0x0000000000017eb7     0x1032 /Volumes/data/janos/Develop/RIOT/Projects/playground/bin/airfy-beacon/cortexm_common.a(cortexm_init.o)
 .debug_info    0x0000000000018ee9     0x1169 /Volumes/data/janos/Develop/RIOT/Projects/playground/bin/airfy-beacon/shell.a(shell.o)
 .debug_info    0x000000000001a052      0x9a6 /Volumes/data/janos/Develop/RIOT/Projects/playground/bin/airfy-beacon/shell_commands.a(shell_commands.o)
 .debug_info    0x000000000001a9f8      0xc73 /Volumes/data/janos/Develop/RIOT/Projects/playground/bin/airfy-beacon/shell_commands.a(sc_sys.o)
 .debug_info    0x000000000001b66b       0x9a /Volumes/data/janos/Develop/RIOT/Projects/playground/bin/airfy-beacon/shell_commands.a(sc_ps.o)

.debug_abbrev   0x0000000000000000     0x4b0a
 .debug_abbrev  0x0000000000000000      0x230 /Volumes/data/janos/Develop/RIOT/Projects/playground/bin/airfy-beacon/cpu/vectors.o
 .debug_abbrev  0x0000000000000230      0x3ec /Volumes/data/janos/Develop/RIOT/Projects/playground/bin/airfy-beacon/newlib_syscalls_default/syscalls.o
 .debug_abbrev  0x000000000000061c      0x37e /Volumes/data/janos/Develop/RIOT/Projects/playground/bin/airfy-beacon/core.a(sched.o)
 .debug_abbrev  0x000000000000099a      0x1f0 /Volumes/data/janos/Develop/RIOT/Projects/playground/bin/airfy-beacon/core.a(bitarithm.o)
 .debug_abbrev  0x0000000000000b8a      0x374 /Volumes/data/janos/Develop/RIOT/Projects/playground/bin/airfy-beacon/cortexm_common.a(thread_arch.o)
 .debug_abbrev  0x0000000000000efe      0x3f0 /Volumes/data/janos/Develop/RIOT/Projects/playground/bin/airfy-beacon/cortexm_common.a(vectors_cortexm.o)
 .debug_abbrev  0x00000000000012ee      0x2f0 /Volumes/data/janos/Develop/RIOT/Projects/playground/bin/airfy-beacon/cortexm_common.a(irq_arch.o)
 .debug_abbrev  0x00000000000015de      0x1e3 /Volumes/data/janos/Develop/RIOT/Projects/playground/bin/airfy-beacon/nrf5x_common_periph.a(pm.o)
 .debug_abbrev  0x00000000000017c1      0x2ba /Volumes/data/janos/Develop/RIOT/Projects/playground/bin/airfy-beacon/stdio_uart.a(stdio_uart.o)
 .debug_abbrev  0x0000000000001a7b      0x1eb /Volumes/data/janos/Develop/RIOT/Projects/playground/bin/airfy-beacon/boards_common_nrf51.a(board.o)
 .debug_abbrev  0x0000000000001c66      0x274 /Volumes/data/janos/Develop/RIOT/Projects/playground/bin/airfy-beacon/core.a(kernel_init.o)
 .debug_abbrev  0x0000000000001eda      0x2c2 /Volumes/data/janos/Develop/RIOT/Projects/playground/bin/airfy-beacon/core.a(panic.o)
 .debug_abbrev  0x000000000000219c      0x392 /Volumes/data/janos/Develop/RIOT/Projects/playground/bin/airfy-beacon/core.a(thread.o)
 .debug_abbrev  0x000000000000252e      0x2c5 /Volumes/data/janos/Develop/RIOT/Projects/playground/bin/airfy-beacon/cortexm_common_periph.a(pm.o)
 .debug_abbrev  0x00000000000027f3      0x23f /Volumes/data/janos/Develop/RIOT/Projects/playground/bin/airfy-beacon/cpu.a(cpu.o)
 .debug_abbrev  0x0000000000002a32      0x22e /Volumes/data/janos/Develop/RIOT/Projects/playground/bin/airfy-beacon/cpu_common.a(clock.o)
 .debug_abbrev  0x0000000000002c60      0x200 /Volumes/data/janos/Develop/RIOT/Projects/playground/bin/airfy-beacon/isrpipe.a(isrpipe.o)
 .debug_abbrev  0x0000000000002e60      0x3fd /Volumes/data/janos/Develop/RIOT/Projects/playground/bin/airfy-beacon/nrf5x_common_periph.a(uart.o)
 .debug_abbrev  0x000000000000325d      0x2cf /Volumes/data/janos/Develop/RIOT/Projects/playground/bin/airfy-beacon/nrf5x_common_periph.a(gpio.o)
 .debug_abbrev  0x000000000000352c      0x28f /Volumes/data/janos/Develop/RIOT/Projects/playground/bin/airfy-beacon/ps.a(ps.o)
 .debug_abbrev  0x00000000000037bb      0x1c9 /Volumes/data/janos/Develop/RIOT/Projects/playground/bin/airfy-beacon/tsrb.a(tsrb.o)
 .debug_abbrev  0x0000000000003984       0x31 /Volumes/data/janos/Develop/RIOT/Projects/playground/bin/airfy-beacon/periph_common.a(init.o)
 .debug_abbrev  0x00000000000039b5      0x1cd /Volumes/data/janos/Develop/RIOT/Projects/playground/bin/airfy-beacon/application_Task01.a(main.o)
 .debug_abbrev  0x0000000000003b82      0x1cb /Volumes/data/janos/Develop/RIOT/Projects/playground/bin/airfy-beacon/auto_init.a(auto_init.o)
 .debug_abbrev  0x0000000000003d4d      0x2ed /Volumes/data/janos/Develop/RIOT/Projects/playground/bin/airfy-beacon/core.a(mutex.o)
 .debug_abbrev  0x000000000000403a      0x2fa /Volumes/data/janos/Develop/RIOT/Projects/playground/bin/airfy-beacon/cortexm_common.a(cortexm_init.o)
 .debug_abbrev  0x0000000000004334      0x3c5 /Volumes/data/janos/Develop/RIOT/Projects/playground/bin/airfy-beacon/shell.a(shell.o)
 .debug_abbrev  0x00000000000046f9      0x18a /Volumes/data/janos/Develop/RIOT/Projects/playground/bin/airfy-beacon/shell_commands.a(shell_commands.o)
 .debug_abbrev  0x0000000000004883      0x201 /Volumes/data/janos/Develop/RIOT/Projects/playground/bin/airfy-beacon/shell_commands.a(sc_sys.o)
 .debug_abbrev  0x0000000000004a84       0x86 /Volumes/data/janos/Develop/RIOT/Projects/playground/bin/airfy-beacon/shell_commands.a(sc_ps.o)

.debug_aranges  0x0000000000000000      0x608
 .debug_aranges
                0x0000000000000000       0x28 /Volumes/data/janos/Develop/RIOT/Projects/playground/bin/airfy-beacon/cpu/vectors.o
 .debug_aranges
                0x0000000000000028       0xb0 /Volumes/data/janos/Develop/RIOT/Projects/playground/bin/airfy-beacon/newlib_syscalls_default/syscalls.o
 .debug_aranges
                0x00000000000000d8       0x38 /Volumes/data/janos/Develop/RIOT/Projects/playground/bin/airfy-beacon/core.a(sched.o)
 .debug_aranges
                0x0000000000000110       0x28 /Volumes/data/janos/Develop/RIOT/Projects/playground/bin/airfy-beacon/core.a(bitarithm.o)
 .debug_aranges
                0x0000000000000138       0x60 /Volumes/data/janos/Develop/RIOT/Projects/playground/bin/airfy-beacon/cortexm_common.a(thread_arch.o)
 .debug_aranges
                0x0000000000000198       0x48 /Volumes/data/janos/Develop/RIOT/Projects/playground/bin/airfy-beacon/cortexm_common.a(vectors_cortexm.o)
 .debug_aranges
                0x00000000000001e0       0x38 /Volumes/data/janos/Develop/RIOT/Projects/playground/bin/airfy-beacon/cortexm_common.a(irq_arch.o)
 .debug_aranges
                0x0000000000000218       0x20 /Volumes/data/janos/Develop/RIOT/Projects/playground/bin/airfy-beacon/nrf5x_common_periph.a(pm.o)
 .debug_aranges
                0x0000000000000238       0x30 /Volumes/data/janos/Develop/RIOT/Projects/playground/bin/airfy-beacon/stdio_uart.a(stdio_uart.o)
 .debug_aranges
                0x0000000000000268       0x20 /Volumes/data/janos/Develop/RIOT/Projects/playground/bin/airfy-beacon/boards_common_nrf51.a(board.o)
 .debug_aranges
                0x0000000000000288       0x30 /Volumes/data/janos/Develop/RIOT/Projects/playground/bin/airfy-beacon/core.a(kernel_init.o)
 .debug_aranges
                0x00000000000002b8       0x28 /Volumes/data/janos/Develop/RIOT/Projects/playground/bin/airfy-beacon/core.a(panic.o)
 .debug_aranges
                0x00000000000002e0       0x60 /Volumes/data/janos/Develop/RIOT/Projects/playground/bin/airfy-beacon/core.a(thread.o)
 .debug_aranges
                0x0000000000000340       0x28 /Volumes/data/janos/Develop/RIOT/Projects/playground/bin/airfy-beacon/cortexm_common_periph.a(pm.o)
 .debug_aranges
                0x0000000000000368       0x20 /Volumes/data/janos/Develop/RIOT/Projects/playground/bin/airfy-beacon/cpu.a(cpu.o)
 .debug_aranges
                0x0000000000000388       0x30 /Volumes/data/janos/Develop/RIOT/Projects/playground/bin/airfy-beacon/cpu_common.a(clock.o)
 .debug_aranges
                0x00000000000003b8       0x30 /Volumes/data/janos/Develop/RIOT/Projects/playground/bin/airfy-beacon/isrpipe.a(isrpipe.o)
 .debug_aranges
                0x00000000000003e8       0x40 /Volumes/data/janos/Develop/RIOT/Projects/playground/bin/airfy-beacon/nrf5x_common_periph.a(uart.o)
 .debug_aranges
                0x0000000000000428       0x48 /Volumes/data/janos/Develop/RIOT/Projects/playground/bin/airfy-beacon/nrf5x_common_periph.a(gpio.o)
 .debug_aranges
                0x0000000000000470       0x20 /Volumes/data/janos/Develop/RIOT/Projects/playground/bin/airfy-beacon/ps.a(ps.o)
 .debug_aranges
                0x0000000000000490       0x48 /Volumes/data/janos/Develop/RIOT/Projects/playground/bin/airfy-beacon/tsrb.a(tsrb.o)
 .debug_aranges
                0x00000000000004d8       0x20 /Volumes/data/janos/Develop/RIOT/Projects/playground/bin/airfy-beacon/periph_common.a(init.o)
 .debug_aranges
                0x00000000000004f8       0x20 /Volumes/data/janos/Develop/RIOT/Projects/playground/bin/airfy-beacon/application_Task01.a(main.o)
 .debug_aranges
                0x0000000000000518       0x20 /Volumes/data/janos/Develop/RIOT/Projects/playground/bin/airfy-beacon/auto_init.a(auto_init.o)
 .debug_aranges
                0x0000000000000538       0x30 /Volumes/data/janos/Develop/RIOT/Projects/playground/bin/airfy-beacon/core.a(mutex.o)
 .debug_aranges
                0x0000000000000568       0x20 /Volumes/data/janos/Develop/RIOT/Projects/playground/bin/airfy-beacon/cortexm_common.a(cortexm_init.o)
 .debug_aranges
                0x0000000000000588       0x28 /Volumes/data/janos/Develop/RIOT/Projects/playground/bin/airfy-beacon/shell.a(shell.o)
 .debug_aranges
                0x00000000000005b0       0x18 /Volumes/data/janos/Develop/RIOT/Projects/playground/bin/airfy-beacon/shell_commands.a(shell_commands.o)
 .debug_aranges
                0x00000000000005c8       0x20 /Volumes/data/janos/Develop/RIOT/Projects/playground/bin/airfy-beacon/shell_commands.a(sc_sys.o)
 .debug_aranges
                0x00000000000005e8       0x20 /Volumes/data/janos/Develop/RIOT/Projects/playground/bin/airfy-beacon/shell_commands.a(sc_ps.o)

.debug_ranges   0x0000000000000000      0x880
 .debug_ranges  0x0000000000000000       0x18 /Volumes/data/janos/Develop/RIOT/Projects/playground/bin/airfy-beacon/cpu/vectors.o
 .debug_ranges  0x0000000000000018       0xa0 /Volumes/data/janos/Develop/RIOT/Projects/playground/bin/airfy-beacon/newlib_syscalls_default/syscalls.o
 .debug_ranges  0x00000000000000b8       0xb0 /Volumes/data/janos/Develop/RIOT/Projects/playground/bin/airfy-beacon/core.a(sched.o)
 .debug_ranges  0x0000000000000168       0x18 /Volumes/data/janos/Develop/RIOT/Projects/playground/bin/airfy-beacon/core.a(bitarithm.o)
 .debug_ranges  0x0000000000000180       0x68 /Volumes/data/janos/Develop/RIOT/Projects/playground/bin/airfy-beacon/cortexm_common.a(thread_arch.o)
 .debug_ranges  0x00000000000001e8       0x58 /Volumes/data/janos/Develop/RIOT/Projects/playground/bin/airfy-beacon/cortexm_common.a(vectors_cortexm.o)
 .debug_ranges  0x0000000000000240       0x28 /Volumes/data/janos/Develop/RIOT/Projects/playground/bin/airfy-beacon/cortexm_common.a(irq_arch.o)
 .debug_ranges  0x0000000000000268       0x10 /Volumes/data/janos/Develop/RIOT/Projects/playground/bin/airfy-beacon/nrf5x_common_periph.a(pm.o)
 .debug_ranges  0x0000000000000278       0x20 /Volumes/data/janos/Develop/RIOT/Projects/playground/bin/airfy-beacon/stdio_uart.a(stdio_uart.o)
 .debug_ranges  0x0000000000000298       0x10 /Volumes/data/janos/Develop/RIOT/Projects/playground/bin/airfy-beacon/boards_common_nrf51.a(board.o)
 .debug_ranges  0x00000000000002a8       0x20 /Volumes/data/janos/Develop/RIOT/Projects/playground/bin/airfy-beacon/core.a(kernel_init.o)
 .debug_ranges  0x00000000000002c8       0x18 /Volumes/data/janos/Develop/RIOT/Projects/playground/bin/airfy-beacon/core.a(panic.o)
 .debug_ranges  0x00000000000002e0       0xb8 /Volumes/data/janos/Develop/RIOT/Projects/playground/bin/airfy-beacon/core.a(thread.o)
 .debug_ranges  0x0000000000000398       0x30 /Volumes/data/janos/Develop/RIOT/Projects/playground/bin/airfy-beacon/cortexm_common_periph.a(pm.o)
 .debug_ranges  0x00000000000003c8       0x10 /Volumes/data/janos/Develop/RIOT/Projects/playground/bin/airfy-beacon/cpu.a(cpu.o)
 .debug_ranges  0x00000000000003d8       0x20 /Volumes/data/janos/Develop/RIOT/Projects/playground/bin/airfy-beacon/cpu_common.a(clock.o)
 .debug_ranges  0x00000000000003f8       0x38 /Volumes/data/janos/Develop/RIOT/Projects/playground/bin/airfy-beacon/isrpipe.a(isrpipe.o)
 .debug_ranges  0x0000000000000430       0x68 /Volumes/data/janos/Develop/RIOT/Projects/playground/bin/airfy-beacon/nrf5x_common_periph.a(uart.o)
 .debug_ranges  0x0000000000000498       0x38 /Volumes/data/janos/Develop/RIOT/Projects/playground/bin/airfy-beacon/nrf5x_common_periph.a(gpio.o)
 .debug_ranges  0x00000000000004d0       0x10 /Volumes/data/janos/Develop/RIOT/Projects/playground/bin/airfy-beacon/ps.a(ps.o)
 .debug_ranges  0x00000000000004e0       0x80 /Volumes/data/janos/Develop/RIOT/Projects/playground/bin/airfy-beacon/tsrb.a(tsrb.o)
 .debug_ranges  0x0000000000000560       0x10 /Volumes/data/janos/Develop/RIOT/Projects/playground/bin/airfy-beacon/periph_common.a(init.o)
 .debug_ranges  0x0000000000000570       0x10 /Volumes/data/janos/Develop/RIOT/Projects/playground/bin/airfy-beacon/application_Task01.a(main.o)
 .debug_ranges  0x0000000000000580       0x10 /Volumes/data/janos/Develop/RIOT/Projects/playground/bin/airfy-beacon/auto_init.a(auto_init.o)
 .debug_ranges  0x0000000000000590       0xb0 /Volumes/data/janos/Develop/RIOT/Projects/playground/bin/airfy-beacon/core.a(mutex.o)
 .debug_ranges  0x0000000000000640       0xe8 /Volumes/data/janos/Develop/RIOT/Projects/playground/bin/airfy-beacon/cortexm_common.a(cortexm_init.o)
 .debug_ranges  0x0000000000000728      0x138 /Volumes/data/janos/Develop/RIOT/Projects/playground/bin/airfy-beacon/shell.a(shell.o)
 .debug_ranges  0x0000000000000860       0x10 /Volumes/data/janos/Develop/RIOT/Projects/playground/bin/airfy-beacon/shell_commands.a(sc_sys.o)
 .debug_ranges  0x0000000000000870       0x10 /Volumes/data/janos/Develop/RIOT/Projects/playground/bin/airfy-beacon/shell_commands.a(sc_ps.o)

.debug_macro    0x0000000000000000    0x223e9
 .debug_macro   0x0000000000000000      0x2ec /Volumes/data/janos/Develop/RIOT/Projects/playground/bin/airfy-beacon/cpu/vectors.o
 .debug_macro   0x00000000000002ec      0xa66 /Volumes/data/janos/Develop/RIOT/Projects/playground/bin/airfy-beacon/cpu/vectors.o
 .debug_macro   0x0000000000000d52       0xe2 /Volumes/data/janos/Develop/RIOT/Projects/playground/bin/airfy-beacon/cpu/vectors.o
 .debug_macro   0x0000000000000e34       0x22 /Volumes/data/janos/Develop/RIOT/Projects/playground/bin/airfy-beacon/cpu/vectors.o
 .debug_macro   0x0000000000000e56       0x56 /Volumes/data/janos/Develop/RIOT/Projects/playground/bin/airfy-beacon/cpu/vectors.o
 .debug_macro   0x0000000000000eac       0x51 /Volumes/data/janos/Develop/RIOT/Projects/playground/bin/airfy-beacon/cpu/vectors.o
 .debug_macro   0x0000000000000efd       0xef /Volumes/data/janos/Develop/RIOT/Projects/playground/bin/airfy-beacon/cpu/vectors.o
 .debug_macro   0x0000000000000fec       0x6a /Volumes/data/janos/Develop/RIOT/Projects/playground/bin/airfy-beacon/cpu/vectors.o
 .debug_macro   0x0000000000001056      0x1df /Volumes/data/janos/Develop/RIOT/Projects/playground/bin/airfy-beacon/cpu/vectors.o
 .debug_macro   0x0000000000001235       0x4c /Volumes/data/janos/Develop/RIOT/Projects/playground/bin/airfy-beacon/cpu/vectors.o
 .debug_macro   0x0000000000001281       0x18 /Volumes/data/janos/Develop/RIOT/Projects/playground/bin/airfy-beacon/cpu/vectors.o
 .debug_macro   0x0000000000001299       0x3c /Volumes/data/janos/Develop/RIOT/Projects/playground/bin/airfy-beacon/cpu/vectors.o
 .debug_macro   0x00000000000012d5       0x34 /Volumes/data/janos/Develop/RIOT/Projects/playground/bin/airfy-beacon/cpu/vectors.o
 .debug_macro   0x0000000000001309       0x16 /Volumes/data/janos/Develop/RIOT/Projects/playground/bin/airfy-beacon/cpu/vectors.o
 .debug_macro   0x000000000000131f       0x97 /Volumes/data/janos/Develop/RIOT/Projects/playground/bin/airfy-beacon/cpu/vectors.o
 .debug_macro   0x00000000000013b6      0x35c /Volumes/data/janos/Develop/RIOT/Projects/playground/bin/airfy-beacon/cpu/vectors.o
 .debug_macro   0x0000000000001712       0xf6 /Volumes/data/janos/Develop/RIOT/Projects/playground/bin/airfy-beacon/cpu/vectors.o
 .debug_macro   0x0000000000001808       0x10 /Volumes/data/janos/Develop/RIOT/Projects/playground/bin/airfy-beacon/cpu/vectors.o
 .debug_macro   0x0000000000001818       0x58 /Volumes/data/janos/Develop/RIOT/Projects/playground/bin/airfy-beacon/cpu/vectors.o
 .debug_macro   0x0000000000001870       0x1f /Volumes/data/janos/Develop/RIOT/Projects/playground/bin/airfy-beacon/cpu/vectors.o
 .debug_macro   0x000000000000188f       0x43 /Volumes/data/janos/Develop/RIOT/Projects/playground/bin/airfy-beacon/cpu/vectors.o
 .debug_macro   0x00000000000018d2       0x20 /Volumes/data/janos/Develop/RIOT/Projects/playground/bin/airfy-beacon/cpu/vectors.o
 .debug_macro   0x00000000000018f2      0x1a3 /Volumes/data/janos/Develop/RIOT/Projects/playground/bin/airfy-beacon/cpu/vectors.o
 .debug_macro   0x0000000000001a95       0x10 /Volumes/data/janos/Develop/RIOT/Projects/playground/bin/airfy-beacon/cpu/vectors.o
 .debug_macro   0x0000000000001aa5       0xb6 /Volumes/data/janos/Develop/RIOT/Projects/playground/bin/airfy-beacon/cpu/vectors.o
 .debug_macro   0x0000000000001b5b       0x16 /Volumes/data/janos/Develop/RIOT/Projects/playground/bin/airfy-beacon/cpu/vectors.o
 .debug_macro   0x0000000000001b71      0x114 /Volumes/data/janos/Develop/RIOT/Projects/playground/bin/airfy-beacon/cpu/vectors.o
 .debug_macro   0x0000000000001c85       0x22 /Volumes/data/janos/Develop/RIOT/Projects/playground/bin/airfy-beacon/cpu/vectors.o
 .debug_macro   0x0000000000001ca7       0x2f /Volumes/data/janos/Develop/RIOT/Projects/playground/bin/airfy-beacon/cpu/vectors.o
 .debug_macro   0x0000000000001cd6       0x2e /Volumes/data/janos/Develop/RIOT/Projects/playground/bin/airfy-beacon/cpu/vectors.o
 .debug_macro   0x0000000000001d04       0x22 /Volumes/data/janos/Develop/RIOT/Projects/playground/bin/airfy-beacon/cpu/vectors.o
 .debug_macro   0x0000000000001d26       0x1c /Volumes/data/janos/Develop/RIOT/Projects/playground/bin/airfy-beacon/cpu/vectors.o
 .debug_macro   0x0000000000001d42       0x22 /Volumes/data/janos/Develop/RIOT/Projects/playground/bin/airfy-beacon/cpu/vectors.o
 .debug_macro   0x0000000000001d64       0xaf /Volumes/data/janos/Develop/RIOT/Projects/playground/bin/airfy-beacon/cpu/vectors.o
 .debug_macro   0x0000000000001e13      0x391 /Volumes/data/janos/Develop/RIOT/Projects/playground/bin/airfy-beacon/cpu/vectors.o
 .debug_macro   0x00000000000021a4      0x1b6 /Volumes/data/janos/Develop/RIOT/Projects/playground/bin/airfy-beacon/cpu/vectors.o
 .debug_macro   0x000000000000235a     0x6505 /Volumes/data/janos/Develop/RIOT/Projects/playground/bin/airfy-beacon/cpu/vectors.o
 .debug_macro   0x000000000000885f       0x3a /Volumes/data/janos/Develop/RIOT/Projects/playground/bin/airfy-beacon/cpu/vectors.o
 .debug_macro   0x0000000000008899       0xd6 /Volumes/data/janos/Develop/RIOT/Projects/playground/bin/airfy-beacon/cpu/vectors.o
 .debug_macro   0x000000000000896f       0x10 /Volumes/data/janos/Develop/RIOT/Projects/playground/bin/airfy-beacon/cpu/vectors.o
 .debug_macro   0x000000000000897f       0x35 /Volumes/data/janos/Develop/RIOT/Projects/playground/bin/airfy-beacon/cpu/vectors.o
 .debug_macro   0x00000000000089b4      0x460 /Volumes/data/janos/Develop/RIOT/Projects/playground/bin/airfy-beacon/cpu/vectors.o
 .debug_macro   0x0000000000008e14       0x7c /Volumes/data/janos/Develop/RIOT/Projects/playground/bin/airfy-beacon/cpu/vectors.o
 .debug_macro   0x0000000000008e90       0x17 /Volumes/data/janos/Develop/RIOT/Projects/playground/bin/airfy-beacon/cpu/vectors.o
 .debug_macro   0x0000000000008ea7       0xee /Volumes/data/janos/Develop/RIOT/Projects/playground/bin/airfy-beacon/cpu/vectors.o
 .debug_macro   0x0000000000008f95       0x28 /Volumes/data/janos/Develop/RIOT/Projects/playground/bin/airfy-beacon/cpu/vectors.o
 .debug_macro   0x0000000000008fbd       0x17 /Volumes/data/janos/Develop/RIOT/Projects/playground/bin/airfy-beacon/cpu/vectors.o
 .debug_macro   0x0000000000008fd4       0x10 /Volumes/data/janos/Develop/RIOT/Projects/playground/bin/airfy-beacon/cpu/vectors.o
 .debug_macro   0x0000000000008fe4       0x12 /Volumes/data/janos/Develop/RIOT/Projects/playground/bin/airfy-beacon/cpu/vectors.o
 .debug_macro   0x0000000000008ff6       0x5f /Volumes/data/janos/Develop/RIOT/Projects/playground/bin/airfy-beacon/cpu/vectors.o
 .debug_macro   0x0000000000009055       0x16 /Volumes/data/janos/Develop/RIOT/Projects/playground/bin/airfy-beacon/cpu/vectors.o
 .debug_macro   0x000000000000906b       0x1c /Volumes/data/janos/Develop/RIOT/Projects/playground/bin/airfy-beacon/cpu/vectors.o
 .debug_macro   0x0000000000009087      0x40e /Volumes/data/janos/Develop/RIOT/Projects/playground/bin/airfy-beacon/newlib_syscalls_default/syscalls.o
 .debug_macro   0x0000000000009495      0xa66 /Volumes/data/janos/Develop/RIOT/Projects/playground/bin/airfy-beacon/newlib_syscalls_default/syscalls.o
 .debug_macro   0x0000000000009efb       0x46 /Volumes/data/janos/Develop/RIOT/Projects/playground/bin/airfy-beacon/newlib_syscalls_default/syscalls.o
 .debug_macro   0x0000000000009f41       0x5c /Volumes/data/janos/Develop/RIOT/Projects/playground/bin/airfy-beacon/newlib_syscalls_default/syscalls.o
 .debug_macro   0x0000000000009f9d       0x10 /Volumes/data/janos/Develop/RIOT/Projects/playground/bin/airfy-beacon/newlib_syscalls_default/syscalls.o
 .debug_macro   0x0000000000009fad       0x57 /Volumes/data/janos/Develop/RIOT/Projects/playground/bin/airfy-beacon/newlib_syscalls_default/syscalls.o
 .debug_macro   0x000000000000a004       0xcf /Volumes/data/janos/Develop/RIOT/Projects/playground/bin/airfy-beacon/newlib_syscalls_default/syscalls.o
 .debug_macro   0x000000000000a0d3       0xb7 /Volumes/data/janos/Develop/RIOT/Projects/playground/bin/airfy-beacon/newlib_syscalls_default/syscalls.o
 .debug_macro   0x000000000000a18a      0x4fe /Volumes/data/janos/Develop/RIOT/Projects/playground/bin/airfy-beacon/newlib_syscalls_default/syscalls.o
 .debug_macro   0x000000000000a688       0x10 /Volumes/data/janos/Develop/RIOT/Projects/playground/bin/airfy-beacon/newlib_syscalls_default/syscalls.o
 .debug_macro   0x000000000000a698       0x10 /Volumes/data/janos/Develop/RIOT/Projects/playground/bin/airfy-beacon/newlib_syscalls_default/syscalls.o
 .debug_macro   0x000000000000a6a8      0x241 /Volumes/data/janos/Develop/RIOT/Projects/playground/bin/airfy-beacon/newlib_syscalls_default/syscalls.o
 .debug_macro   0x000000000000a8e9       0xff /Volumes/data/janos/Develop/RIOT/Projects/playground/bin/airfy-beacon/newlib_syscalls_default/syscalls.o
 .debug_macro   0x000000000000a9e8       0x16 /Volumes/data/janos/Develop/RIOT/Projects/playground/bin/airfy-beacon/newlib_syscalls_default/syscalls.o
 .debug_macro   0x000000000000a9fe       0x22 /Volumes/data/janos/Develop/RIOT/Projects/playground/bin/airfy-beacon/newlib_syscalls_default/syscalls.o
 .debug_macro   0x000000000000aa20       0x16 /Volumes/data/janos/Develop/RIOT/Projects/playground/bin/airfy-beacon/newlib_syscalls_default/syscalls.o
 .debug_macro   0x000000000000aa36       0x16 /Volumes/data/janos/Develop/RIOT/Projects/playground/bin/airfy-beacon/newlib_syscalls_default/syscalls.o
 .debug_macro   0x000000000000aa4c       0x10 /Volumes/data/janos/Develop/RIOT/Projects/playground/bin/airfy-beacon/newlib_syscalls_default/syscalls.o
 .debug_macro   0x000000000000aa5c       0x10 /Volumes/data/janos/Develop/RIOT/Projects/playground/bin/airfy-beacon/newlib_syscalls_default/syscalls.o
 .debug_macro   0x000000000000aa6c       0x2e /Volumes/data/janos/Develop/RIOT/Projects/playground/bin/airfy-beacon/newlib_syscalls_default/syscalls.o
 .debug_macro   0x000000000000aa9a       0xf5 /Volumes/data/janos/Develop/RIOT/Projects/playground/bin/airfy-beacon/newlib_syscalls_default/syscalls.o
 .debug_macro   0x000000000000ab8f       0x16 /Volumes/data/janos/Develop/RIOT/Projects/playground/bin/airfy-beacon/newlib_syscalls_default/syscalls.o
 .debug_macro   0x000000000000aba5       0x34 /Volumes/data/janos/Develop/RIOT/Projects/playground/bin/airfy-beacon/newlib_syscalls_default/syscalls.o
 .debug_macro   0x000000000000abd9       0x66 /Volumes/data/janos/Develop/RIOT/Projects/playground/bin/airfy-beacon/newlib_syscalls_default/syscalls.o
 .debug_macro   0x000000000000ac3f       0x3a /Volumes/data/janos/Develop/RIOT/Projects/playground/bin/airfy-beacon/newlib_syscalls_default/syscalls.o
 .debug_macro   0x000000000000ac79      0x305 /Volumes/data/janos/Develop/RIOT/Projects/playground/bin/airfy-beacon/core.a(sched.o)
 .debug_macro   0x000000000000af7e      0xa66 /Volumes/data/janos/Develop/RIOT/Projects/playground/bin/airfy-beacon/core.a(sched.o)
 .debug_macro   0x000000000000b9e4      0x16d /Volumes/data/janos/Develop/RIOT/Projects/playground/bin/airfy-beacon/core.a(sched.o)
 .debug_macro   0x000000000000bb51       0xb5 /Volumes/data/janos/Develop/RIOT/Projects/playground/bin/airfy-beacon/core.a(sched.o)
 .debug_macro   0x000000000000bc06       0x3a /Volumes/data/janos/Develop/RIOT/Projects/playground/bin/airfy-beacon/core.a(sched.o)
 .debug_macro   0x000000000000bc40      0x356 /Volumes/data/janos/Develop/RIOT/Projects/playground/bin/airfy-beacon/core.a(sched.o)
 .debug_macro   0x000000000000bf96       0x2e /Volumes/data/janos/Develop/RIOT/Projects/playground/bin/airfy-beacon/core.a(sched.o)
 .debug_macro   0x000000000000bfc4       0x1c /Volumes/data/janos/Develop/RIOT/Projects/playground/bin/airfy-beacon/core.a(sched.o)
 .debug_macro   0x000000000000bfe0       0x1c /Volumes/data/janos/Develop/RIOT/Projects/playground/bin/airfy-beacon/core.a(sched.o)
 .debug_macro   0x000000000000bffc      0x1c8 /Volumes/data/janos/Develop/RIOT/Projects/playground/bin/airfy-beacon/core.a(bitarithm.o)
 .debug_macro   0x000000000000c1c4      0xa66 /Volumes/data/janos/Develop/RIOT/Projects/playground/bin/airfy-beacon/core.a(bitarithm.o)
 .debug_macro   0x000000000000cc2a      0x2f3 /Volumes/data/janos/Develop/RIOT/Projects/playground/bin/airfy-beacon/cortexm_common.a(thread_arch.o)
 .debug_macro   0x000000000000cf1d      0xa66 /Volumes/data/janos/Develop/RIOT/Projects/playground/bin/airfy-beacon/cortexm_common.a(thread_arch.o)
 .debug_macro   0x000000000000d983       0x1c /Volumes/data/janos/Develop/RIOT/Projects/playground/bin/airfy-beacon/cortexm_common.a(thread_arch.o)
 .debug_macro   0x000000000000d99f      0x32a /Volumes/data/janos/Develop/RIOT/Projects/playground/bin/airfy-beacon/cortexm_common.a(vectors_cortexm.o)
 .debug_macro   0x000000000000dcc9      0xa66 /Volumes/data/janos/Develop/RIOT/Projects/playground/bin/airfy-beacon/cortexm_common.a(vectors_cortexm.o)
 .debug_macro   0x000000000000e72f       0x16 /Volumes/data/janos/Develop/RIOT/Projects/playground/bin/airfy-beacon/cortexm_common.a(vectors_cortexm.o)
 .debug_macro   0x000000000000e745      0x2e3 /Volumes/data/janos/Develop/RIOT/Projects/playground/bin/airfy-beacon/cortexm_common.a(irq_arch.o)
 .debug_macro   0x000000000000ea28      0xa66 /Volumes/data/janos/Develop/RIOT/Projects/playground/bin/airfy-beacon/cortexm_common.a(irq_arch.o)
 .debug_macro   0x000000000000f48e      0x2dd /Volumes/data/janos/Develop/RIOT/Projects/playground/bin/airfy-beacon/nrf5x_common_periph.a(pm.o)
 .debug_macro   0x000000000000f76b      0xa66 /Volumes/data/janos/Develop/RIOT/Projects/playground/bin/airfy-beacon/nrf5x_common_periph.a(pm.o)
 .debug_macro   0x00000000000101d1      0x3de /Volumes/data/janos/Develop/RIOT/Projects/playground/bin/airfy-beacon/stdio_uart.a(stdio_uart.o)
 .debug_macro   0x00000000000105af      0xa66 /Volumes/data/janos/Develop/RIOT/Projects/playground/bin/airfy-beacon/stdio_uart.a(stdio_uart.o)
 .debug_macro   0x0000000000011015       0x10 /Volumes/data/janos/Develop/RIOT/Projects/playground/bin/airfy-beacon/stdio_uart.a(stdio_uart.o)
 .debug_macro   0x0000000000011025       0x16 /Volumes/data/janos/Develop/RIOT/Projects/playground/bin/airfy-beacon/stdio_uart.a(stdio_uart.o)
 .debug_macro   0x000000000001103b       0x16 /Volumes/data/janos/Develop/RIOT/Projects/playground/bin/airfy-beacon/stdio_uart.a(stdio_uart.o)
 .debug_macro   0x0000000000011051       0x2e /Volumes/data/janos/Develop/RIOT/Projects/playground/bin/airfy-beacon/stdio_uart.a(stdio_uart.o)
 .debug_macro   0x000000000001107f       0x16 /Volumes/data/janos/Develop/RIOT/Projects/playground/bin/airfy-beacon/stdio_uart.a(stdio_uart.o)
 .debug_macro   0x0000000000011095       0x2e /Volumes/data/janos/Develop/RIOT/Projects/playground/bin/airfy-beacon/stdio_uart.a(stdio_uart.o)
 .debug_macro   0x00000000000110c3       0x10 /Volumes/data/janos/Develop/RIOT/Projects/playground/bin/airfy-beacon/stdio_uart.a(stdio_uart.o)
 .debug_macro   0x00000000000110d3       0x16 /Volumes/data/janos/Develop/RIOT/Projects/playground/bin/airfy-beacon/stdio_uart.a(stdio_uart.o)
 .debug_macro   0x00000000000110e9      0x2f6 /Volumes/data/janos/Develop/RIOT/Projects/playground/bin/airfy-beacon/boards_common_nrf51.a(board.o)
 .debug_macro   0x00000000000113df      0xa66 /Volumes/data/janos/Develop/RIOT/Projects/playground/bin/airfy-beacon/boards_common_nrf51.a(board.o)
 .debug_macro   0x0000000000011e45      0x368 /Volumes/data/janos/Develop/RIOT/Projects/playground/bin/airfy-beacon/core.a(kernel_init.o)
 .debug_macro   0x00000000000121ad      0xa66 /Volumes/data/janos/Develop/RIOT/Projects/playground/bin/airfy-beacon/core.a(kernel_init.o)
 .debug_macro   0x0000000000012c13      0x23b /Volumes/data/janos/Develop/RIOT/Projects/playground/bin/airfy-beacon/core.a(kernel_init.o)
 .debug_macro   0x0000000000012e4e       0xdc /Volumes/data/janos/Develop/RIOT/Projects/playground/bin/airfy-beacon/core.a(kernel_init.o)
 .debug_macro   0x0000000000012f2a       0x60 /Volumes/data/janos/Develop/RIOT/Projects/playground/bin/airfy-beacon/core.a(kernel_init.o)
 .debug_macro   0x0000000000012f8a      0x335 /Volumes/data/janos/Develop/RIOT/Projects/playground/bin/airfy-beacon/core.a(panic.o)
 .debug_macro   0x00000000000132bf      0xa66 /Volumes/data/janos/Develop/RIOT/Projects/playground/bin/airfy-beacon/core.a(panic.o)
 .debug_macro   0x0000000000013d25       0x10 /Volumes/data/janos/Develop/RIOT/Projects/playground/bin/airfy-beacon/core.a(panic.o)
 .debug_macro   0x0000000000013d35      0x30d /Volumes/data/janos/Develop/RIOT/Projects/playground/bin/airfy-beacon/core.a(thread.o)
 .debug_macro   0x0000000000014042      0xa66 /Volumes/data/janos/Develop/RIOT/Projects/playground/bin/airfy-beacon/core.a(thread.o)
 .debug_macro   0x0000000000014aa8      0x303 /Volumes/data/janos/Develop/RIOT/Projects/playground/bin/airfy-beacon/cortexm_common_periph.a(pm.o)
 .debug_macro   0x0000000000014dab      0xa66 /Volumes/data/janos/Develop/RIOT/Projects/playground/bin/airfy-beacon/cortexm_common_periph.a(pm.o)
 .debug_macro   0x0000000000015811      0x32a /Volumes/data/janos/Develop/RIOT/Projects/playground/bin/airfy-beacon/cpu.a(cpu.o)
 .debug_macro   0x0000000000015b3b      0xa66 /Volumes/data/janos/Develop/RIOT/Projects/playground/bin/airfy-beacon/cpu.a(cpu.o)
 .debug_macro   0x00000000000165a1      0x316 /Volumes/data/janos/Develop/RIOT/Projects/playground/bin/airfy-beacon/cpu_common.a(clock.o)
 .debug_macro   0x00000000000168b7      0xa66 /Volumes/data/janos/Develop/RIOT/Projects/playground/bin/airfy-beacon/cpu_common.a(clock.o)
 .debug_macro   0x000000000001731d       0xde /Volumes/data/janos/Develop/RIOT/Projects/playground/bin/airfy-beacon/isrpipe.a(isrpipe.o)
 .debug_macro   0x00000000000173fb      0xa66 /Volumes/data/janos/Develop/RIOT/Projects/playground/bin/airfy-beacon/isrpipe.a(isrpipe.o)
 .debug_macro   0x0000000000017e61      0x38c /Volumes/data/janos/Develop/RIOT/Projects/playground/bin/airfy-beacon/nrf5x_common_periph.a(uart.o)
 .debug_macro   0x00000000000181ed      0xa66 /Volumes/data/janos/Develop/RIOT/Projects/playground/bin/airfy-beacon/nrf5x_common_periph.a(uart.o)
 .debug_macro   0x0000000000018c53      0x330 /Volumes/data/janos/Develop/RIOT/Projects/playground/bin/airfy-beacon/nrf5x_common_periph.a(gpio.o)
 .debug_macro   0x0000000000018f83      0xa66 /Volumes/data/janos/Develop/RIOT/Projects/playground/bin/airfy-beacon/nrf5x_common_periph.a(gpio.o)
 .debug_macro   0x00000000000199e9      0x2ce /Volumes/data/janos/Develop/RIOT/Projects/playground/bin/airfy-beacon/ps.a(ps.o)
 .debug_macro   0x0000000000019cb7      0xa66 /Volumes/data/janos/Develop/RIOT/Projects/playground/bin/airfy-beacon/ps.a(ps.o)
 .debug_macro   0x000000000001a71d       0x5f /Volumes/data/janos/Develop/RIOT/Projects/playground/bin/airfy-beacon/tsrb.a(tsrb.o)
 .debug_macro   0x000000000001a77c      0xa66 /Volumes/data/janos/Develop/RIOT/Projects/playground/bin/airfy-beacon/tsrb.a(tsrb.o)
 .debug_macro   0x000000000001b1e2       0x1a /Volumes/data/janos/Develop/RIOT/Projects/playground/bin/airfy-beacon/periph_common.a(init.o)
 .debug_macro   0x000000000001b1fc      0xa66 /Volumes/data/janos/Develop/RIOT/Projects/playground/bin/airfy-beacon/periph_common.a(init.o)
 .debug_macro   0x000000000001bc62      0x194 /Volumes/data/janos/Develop/RIOT/Projects/playground/bin/airfy-beacon/application_Task01.a(main.o)
 .debug_macro   0x000000000001bdf6      0xa66 /Volumes/data/janos/Develop/RIOT/Projects/playground/bin/airfy-beacon/application_Task01.a(main.o)
 .debug_macro   0x000000000001c85c      0x2ef /Volumes/data/janos/Develop/RIOT/Projects/playground/bin/airfy-beacon/auto_init.a(auto_init.o)
 .debug_macro   0x000000000001cb4b      0xa66 /Volumes/data/janos/Develop/RIOT/Projects/playground/bin/airfy-beacon/auto_init.a(auto_init.o)
 .debug_macro   0x000000000001d5b1      0x304 /Volumes/data/janos/Develop/RIOT/Projects/playground/bin/airfy-beacon/core.a(mutex.o)
 .debug_macro   0x000000000001d8b5      0xa66 /Volumes/data/janos/Develop/RIOT/Projects/playground/bin/airfy-beacon/core.a(mutex.o)
 .debug_macro   0x000000000001e31b      0x1e5 /Volumes/data/janos/Develop/RIOT/Projects/playground/bin/airfy-beacon/core.a(mutex.o)
 .debug_macro   0x000000000001e500      0x2e3 /Volumes/data/janos/Develop/RIOT/Projects/playground/bin/airfy-beacon/cortexm_common.a(cortexm_init.o)
 .debug_macro   0x000000000001e7e3      0xa66 /Volumes/data/janos/Develop/RIOT/Projects/playground/bin/airfy-beacon/cortexm_common.a(cortexm_init.o)
 .debug_macro   0x000000000001f249      0x1d2 /Volumes/data/janos/Develop/RIOT/Projects/playground/bin/airfy-beacon/shell.a(shell.o)
 .debug_macro   0x000000000001f41b      0xa66 /Volumes/data/janos/Develop/RIOT/Projects/playground/bin/airfy-beacon/shell.a(shell.o)
 .debug_macro   0x000000000001fe81       0x22 /Volumes/data/janos/Develop/RIOT/Projects/playground/bin/airfy-beacon/shell.a(shell.o)
 .debug_macro   0x000000000001fea3      0x153 /Volumes/data/janos/Develop/RIOT/Projects/playground/bin/airfy-beacon/shell_commands.a(shell_commands.o)
 .debug_macro   0x000000000001fff6      0xa66 /Volumes/data/janos/Develop/RIOT/Projects/playground/bin/airfy-beacon/shell_commands.a(shell_commands.o)
 .debug_macro   0x0000000000020a5c      0x10e /Volumes/data/janos/Develop/RIOT/Projects/playground/bin/airfy-beacon/shell_commands.a(shell_commands.o)
 .debug_macro   0x0000000000020b6a       0x86 /Volumes/data/janos/Develop/RIOT/Projects/playground/bin/airfy-beacon/shell_commands.a(shell_commands.o)
 .debug_macro   0x0000000000020bf0      0x309 /Volumes/data/janos/Develop/RIOT/Projects/playground/bin/airfy-beacon/shell_commands.a(sc_sys.o)
 .debug_macro   0x0000000000020ef9      0xa66 /Volumes/data/janos/Develop/RIOT/Projects/playground/bin/airfy-beacon/shell_commands.a(sc_sys.o)
 .debug_macro   0x000000000002195f       0x24 /Volumes/data/janos/Develop/RIOT/Projects/playground/bin/airfy-beacon/shell_commands.a(sc_ps.o)
 .debug_macro   0x0000000000021983      0xa66 /Volumes/data/janos/Develop/RIOT/Projects/playground/bin/airfy-beacon/shell_commands.a(sc_ps.o)

.debug_line     0x0000000000000000     0xe0d2
 .debug_line    0x0000000000000000      0x6fb /Volumes/data/janos/Develop/RIOT/Projects/playground/bin/airfy-beacon/cpu/vectors.o
 .debug_line    0x00000000000006fb      0xc6d /Volumes/data/janos/Develop/RIOT/Projects/playground/bin/airfy-beacon/newlib_syscalls_default/syscalls.o
 .debug_line    0x0000000000001368      0x91c /Volumes/data/janos/Develop/RIOT/Projects/playground/bin/airfy-beacon/core.a(sched.o)
 .debug_line    0x0000000000001c84      0x63c /Volumes/data/janos/Develop/RIOT/Projects/playground/bin/airfy-beacon/core.a(bitarithm.o)
 .debug_line    0x00000000000022c0      0x948 /Volumes/data/janos/Develop/RIOT/Projects/playground/bin/airfy-beacon/cortexm_common.a(thread_arch.o)
 .debug_line    0x0000000000002c08      0x997 /Volumes/data/janos/Develop/RIOT/Projects/playground/bin/airfy-beacon/cortexm_common.a(vectors_cortexm.o)
 .debug_line    0x000000000000359f      0x78f /Volumes/data/janos/Develop/RIOT/Projects/playground/bin/airfy-beacon/cortexm_common.a(irq_arch.o)
 .debug_line    0x0000000000003d2e      0x6e5 /Volumes/data/janos/Develop/RIOT/Projects/playground/bin/airfy-beacon/nrf5x_common_periph.a(pm.o)
 .debug_line    0x0000000000004413      0x9b0 /Volumes/data/janos/Develop/RIOT/Projects/playground/bin/airfy-beacon/stdio_uart.a(stdio_uart.o)
 .debug_line    0x0000000000004dc3      0x79c /Volumes/data/janos/Develop/RIOT/Projects/playground/bin/airfy-beacon/boards_common_nrf51.a(board.o)
 .debug_line    0x000000000000555f      0x886 /Volumes/data/janos/Develop/RIOT/Projects/playground/bin/airfy-beacon/core.a(kernel_init.o)
 .debug_line    0x0000000000005de5      0x888 /Volumes/data/janos/Develop/RIOT/Projects/playground/bin/airfy-beacon/core.a(panic.o)
 .debug_line    0x000000000000666d      0xaa3 /Volumes/data/janos/Develop/RIOT/Projects/playground/bin/airfy-beacon/core.a(thread.o)
 .debug_line    0x0000000000007110      0x833 /Volumes/data/janos/Develop/RIOT/Projects/playground/bin/airfy-beacon/cortexm_common_periph.a(pm.o)
 .debug_line    0x0000000000007943      0x8a0 /Volumes/data/janos/Develop/RIOT/Projects/playground/bin/airfy-beacon/cpu.a(cpu.o)
 .debug_line    0x00000000000081e3      0x8f1 /Volumes/data/janos/Develop/RIOT/Projects/playground/bin/airfy-beacon/cpu_common.a(clock.o)
 .debug_line    0x0000000000008ad4      0x3f5 /Volumes/data/janos/Develop/RIOT/Projects/playground/bin/airfy-beacon/isrpipe.a(isrpipe.o)
 .debug_line    0x0000000000008ec9      0xb57 /Volumes/data/janos/Develop/RIOT/Projects/playground/bin/airfy-beacon/nrf5x_common_periph.a(uart.o)
 .debug_line    0x0000000000009a20      0xa1e /Volumes/data/janos/Develop/RIOT/Projects/playground/bin/airfy-beacon/nrf5x_common_periph.a(gpio.o)
 .debug_line    0x000000000000a43e      0x77d /Volumes/data/janos/Develop/RIOT/Projects/playground/bin/airfy-beacon/ps.a(ps.o)
 .debug_line    0x000000000000abbb      0x3e8 /Volumes/data/janos/Develop/RIOT/Projects/playground/bin/airfy-beacon/tsrb.a(tsrb.o)
 .debug_line    0x000000000000afa3       0xea /Volumes/data/janos/Develop/RIOT/Projects/playground/bin/airfy-beacon/periph_common.a(init.o)
 .debug_line    0x000000000000b08d      0x41a /Volumes/data/janos/Develop/RIOT/Projects/playground/bin/airfy-beacon/application_Task01.a(main.o)
 .debug_line    0x000000000000b4a7      0x717 /Volumes/data/janos/Develop/RIOT/Projects/playground/bin/airfy-beacon/auto_init.a(auto_init.o)
 .debug_line    0x000000000000bbbe      0x88f /Volumes/data/janos/Develop/RIOT/Projects/playground/bin/airfy-beacon/core.a(mutex.o)
 .debug_line    0x000000000000c44d      0x7d7 /Volumes/data/janos/Develop/RIOT/Projects/playground/bin/airfy-beacon/cortexm_common.a(cortexm_init.o)
 .debug_line    0x000000000000cc24      0x7e0 /Volumes/data/janos/Develop/RIOT/Projects/playground/bin/airfy-beacon/shell.a(shell.o)
 .debug_line    0x000000000000d404      0x3de /Volumes/data/janos/Develop/RIOT/Projects/playground/bin/airfy-beacon/shell_commands.a(shell_commands.o)
 .debug_line    0x000000000000d7e2      0x7ab /Volumes/data/janos/Develop/RIOT/Projects/playground/bin/airfy-beacon/shell_commands.a(sc_sys.o)
 .debug_line    0x000000000000df8d      0x145 /Volumes/data/janos/Develop/RIOT/Projects/playground/bin/airfy-beacon/shell_commands.a(sc_ps.o)

.debug_str      0x0000000000000000    0x32a0d
 .debug_str     0x0000000000000000    0x2da15 /Volumes/data/janos/Develop/RIOT/Projects/playground/bin/airfy-beacon/cpu/vectors.o
                                      0x2dd88 (size before relaxing)
 .debug_str     0x000000000002da15     0x20d8 /Volumes/data/janos/Develop/RIOT/Projects/playground/bin/airfy-beacon/newlib_syscalls_default/syscalls.o
                                      0x2fc2b (size before relaxing)
 .debug_str     0x000000000002faed      0x3ad /Volumes/data/janos/Develop/RIOT/Projects/playground/bin/airfy-beacon/core.a(sched.o)
                                      0x2df40 (size before relaxing)
 .debug_str     0x000000000002fe9a       0xb7 /Volumes/data/janos/Develop/RIOT/Projects/playground/bin/airfy-beacon/core.a(bitarithm.o)
                                      0x2bd5f (size before relaxing)
 .debug_str     0x000000000002ff51      0x25e /Volumes/data/janos/Develop/RIOT/Projects/playground/bin/airfy-beacon/cortexm_common.a(thread_arch.o)
                                      0x2dd64 (size before relaxing)
 .debug_str     0x00000000000301af      0x3a7 /Volumes/data/janos/Develop/RIOT/Projects/playground/bin/airfy-beacon/cortexm_common.a(vectors_cortexm.o)
                                      0x2dfc7 (size before relaxing)
 .debug_str     0x0000000000030556       0xfe /Volumes/data/janos/Develop/RIOT/Projects/playground/bin/airfy-beacon/cortexm_common.a(irq_arch.o)