Archive member included to satisfy reference by file (symbol)

/Volumes/data/janos/Develop/RIOT/Projects/Bike2Bike/test/flashing/bin/airfy-beacon/core.a(sched.o)
                              /Volumes/data/janos/Develop/RIOT/Projects/Bike2Bike/test/flashing/bin/airfy-beacon/newlib_syscalls_default/syscalls.o (sched_active_pid)
/Volumes/data/janos/Develop/RIOT/Projects/Bike2Bike/test/flashing/bin/airfy-beacon/core.a(bitarithm.o)
                              /Volumes/data/janos/Develop/RIOT/Projects/Bike2Bike/test/flashing/bin/airfy-beacon/core.a(sched.o) (MultiplyDeBruijnBitPosition)
/Volumes/data/janos/Develop/RIOT/Projects/Bike2Bike/test/flashing/bin/airfy-beacon/cortexm_common.a(thread_arch.o)
                              /Volumes/data/janos/Develop/RIOT/Projects/Bike2Bike/test/flashing/bin/airfy-beacon/core.a(sched.o) (cpu_switch_context_exit)
/Volumes/data/janos/Develop/RIOT/Projects/Bike2Bike/test/flashing/bin/airfy-beacon/cortexm_common.a(vectors_cortexm.o)
                              /Volumes/data/janos/Develop/RIOT/Projects/Bike2Bike/test/flashing/bin/airfy-beacon/cpu/vectors.o (dummy_handler_default)
/Volumes/data/janos/Develop/RIOT/Projects/Bike2Bike/test/flashing/bin/airfy-beacon/cortexm_common.a(irq_arch.o)
                              /Volumes/data/janos/Develop/RIOT/Projects/Bike2Bike/test/flashing/bin/airfy-beacon/newlib_syscalls_default/syscalls.o (irq_disable)
/Volumes/data/janos/Develop/RIOT/Projects/Bike2Bike/test/flashing/bin/airfy-beacon/div.a(div.o)
                              /Volumes/data/janos/Develop/RIOT/Projects/Bike2Bike/test/flashing/bin/airfy-beacon/newlib_syscalls_default/syscalls.o (_div_mulhi64)
/Volumes/data/janos/Develop/RIOT/Projects/Bike2Bike/test/flashing/bin/airfy-beacon/nrf5x_common_periph.a(pm.o)
                              /Volumes/data/janos/Develop/RIOT/Projects/Bike2Bike/test/flashing/bin/airfy-beacon/newlib_syscalls_default/syscalls.o (pm_off)
/Volumes/data/janos/Develop/RIOT/Projects/Bike2Bike/test/flashing/bin/airfy-beacon/stdio_uart.a(stdio_uart.o)
                              /Volumes/data/janos/Develop/RIOT/Projects/Bike2Bike/test/flashing/bin/airfy-beacon/newlib_syscalls_default/syscalls.o (stdio_init)
/Volumes/data/janos/Develop/RIOT/Projects/Bike2Bike/test/flashing/bin/airfy-beacon/xtimer.a(xtimer_core.o)
                              /Volumes/data/janos/Develop/RIOT/Projects/Bike2Bike/test/flashing/bin/airfy-beacon/newlib_syscalls_default/syscalls.o (_xtimer_now64)
/Volumes/data/janos/Develop/RIOT/Projects/Bike2Bike/test/flashing/bin/airfy-beacon/boards_common_nrf51.a(board.o)
                              /Volumes/data/janos/Develop/RIOT/Projects/Bike2Bike/test/flashing/bin/airfy-beacon/cortexm_common.a(vectors_cortexm.o) (board_init)
/Volumes/data/janos/Develop/RIOT/Projects/Bike2Bike/test/flashing/bin/airfy-beacon/core.a(kernel_init.o)
                              /Volumes/data/janos/Develop/RIOT/Projects/Bike2Bike/test/flashing/bin/airfy-beacon/cortexm_common.a(vectors_cortexm.o) (kernel_init)
/Volumes/data/janos/Develop/RIOT/Projects/Bike2Bike/test/flashing/bin/airfy-beacon/core.a(panic.o)
                              /Volumes/data/janos/Develop/RIOT/Projects/Bike2Bike/test/flashing/bin/airfy-beacon/cortexm_common.a(vectors_cortexm.o) (core_panic)
/Volumes/data/janos/Develop/RIOT/Projects/Bike2Bike/test/flashing/bin/airfy-beacon/core.a(thread.o)
                              /Volumes/data/janos/Develop/RIOT/Projects/Bike2Bike/test/flashing/bin/airfy-beacon/core.a(kernel_init.o) (thread_create)
/Volumes/data/janos/Develop/RIOT/Projects/Bike2Bike/test/flashing/bin/airfy-beacon/cortexm_common_periph.a(pm.o)
                              /Volumes/data/janos/Develop/RIOT/Projects/Bike2Bike/test/flashing/bin/airfy-beacon/core.a(kernel_init.o) (pm_set_lowest)
/Volumes/data/janos/Develop/RIOT/Projects/Bike2Bike/test/flashing/bin/airfy-beacon/cpu.a(cpu.o)
                              /Volumes/data/janos/Develop/RIOT/Projects/Bike2Bike/test/flashing/bin/airfy-beacon/boards_common_nrf51.a(board.o) (cpu_init)
/Volumes/data/janos/Develop/RIOT/Projects/Bike2Bike/test/flashing/bin/airfy-beacon/cpu_common.a(clock.o)
                              /Volumes/data/janos/Develop/RIOT/Projects/Bike2Bike/test/flashing/bin/airfy-beacon/cpu.a(cpu.o) (clock_init_hf)
/Volumes/data/janos/Develop/RIOT/Projects/Bike2Bike/test/flashing/bin/airfy-beacon/isrpipe.a(isrpipe.o)
                              /Volumes/data/janos/Develop/RIOT/Projects/Bike2Bike/test/flashing/bin/airfy-beacon/stdio_uart.a(stdio_uart.o) (isrpipe_write_one)
/Volumes/data/janos/Develop/RIOT/Projects/Bike2Bike/test/flashing/bin/airfy-beacon/nrf5x_common_periph.a(timer.o)
                              /Volumes/data/janos/Develop/RIOT/Projects/Bike2Bike/test/flashing/bin/airfy-beacon/xtimer.a(xtimer_core.o) (timer_init)
/Volumes/data/janos/Develop/RIOT/Projects/Bike2Bike/test/flashing/bin/airfy-beacon/nrf5x_common_periph.a(uart.o)
[...]
Memory Configuration

Name             Origin             Length             Attributes
rom              0x0000000000000000 0x0000000000040000 xr
ram              0x0000000020000000 0x0000000000004000 w !xr
*default*        0x0000000000000000 0xffffffffffffffff

Linker script and memory map

LOAD /Volumes/data/janos/Develop/RIOT/Projects/Bike2Bike/test/flashing/bin/airfy-beacon/cpu/vectors.o
LOAD /Volumes/data/janos/Develop/RIOT/Projects/Bike2Bike/test/flashing/bin/airfy-beacon/newlib_syscalls_default/syscalls.o
START GROUP
LOAD /Volumes/data/janos/Develop/RIOT/Projects/Bike2Bike/test/flashing/bin/airfy-beacon/application_Bike2Bike.a
LOAD /Volumes/data/janos/Develop/RIOT/Projects/Bike2Bike/test/flashing/bin/airfy-beacon/auto_init.a
LOAD /Volumes/data/janos/Develop/RIOT/Projects/Bike2Bike/test/flashing/bin/airfy-beacon/board.a
LOAD /Volumes/data/janos/Develop/RIOT/Projects/Bike2Bike/test/flashing/bin/airfy-beacon/boards_common_nrf51.a
LOAD /Volumes/data/janos/Develop/RIOT/Projects/Bike2Bike/test/flashing/bin/airfy-beacon/core.a
LOAD /Volumes/data/janos/Develop/RIOT/Projects/Bike2Bike/test/flashing/bin/airfy-beacon/cortexm_common.a
LOAD /Volumes/data/janos/Develop/RIOT/Projects/Bike2Bike/test/flashing/bin/airfy-beacon/cortexm_common_periph.a
LOAD /Volumes/data/janos/Develop/RIOT/Projects/Bike2Bike/test/flashing/bin/airfy-beacon/cpu.a
LOAD /Volumes/data/janos/Develop/RIOT/Projects/Bike2Bike/test/flashing/bin/airfy-beacon/cpu_common.a
LOAD /Volumes/data/janos/Develop/RIOT/Projects/Bike2Bike/test/flashing/bin/airfy-beacon/div.a
LOAD /Volumes/data/janos/Develop/RIOT/Projects/Bike2Bike/test/flashing/bin/airfy-beacon/isrpipe.a
LOAD /Volumes/data/janos/Develop/RIOT/Projects/Bike2Bike/test/flashing/bin/airfy-beacon/newlib_syscalls_default.a
LOAD /Volumes/data/janos/Develop/RIOT/Projects/Bike2Bike/test/flashing/bin/airfy-beacon/nrf5x_common_periph.a
LOAD /Volumes/data/janos/Develop/RIOT/Projects/Bike2Bike/test/flashing/bin/airfy-beacon/nrfble.a
LOAD /Volumes/data/janos/Develop/RIOT/Projects/Bike2Bike/test/flashing/bin/airfy-beacon/periph.a
LOAD /Volumes/data/janos/Develop/RIOT/Projects/Bike2Bike/test/flashing/bin/airfy-beacon/ps.a
LOAD /Volumes/data/janos/Develop/RIOT/Projects/Bike2Bike/test/flashing/bin/airfy-beacon/shell.a
LOAD /Volumes/data/janos/Develop/RIOT/Projects/Bike2Bike/test/flashing/bin/airfy-beacon/shell_commands.a
LOAD /Volumes/data/janos/Develop/RIOT/Projects/Bike2Bike/test/flashing/bin/airfy-beacon/stdio_uart.a
LOAD /Volumes/data/janos/Develop/RIOT/Projects/Bike2Bike/test/flashing/bin/airfy-beacon/sys.a
LOAD /Volumes/data/janos/Develop/RIOT/Projects/Bike2Bike/test/flashing/bin/airfy-beacon/tsrb.a
LOAD /Volumes/data/janos/Develop/RIOT/Projects/Bike2Bike/test/flashing/bin/airfy-beacon/xtimer.a
LOAD /Volumes/data/janos/Develop/RIOT/Projects/Bike2Bike/test/flashing/bin/airfy-beacon/periph_common.a
LOAD /Volumes/data/janos/Develop/RIOT/gcc/bin/../lib/gcc/arm-none-eabi/8.2.1/../../../../arm-none-eabi/lib/thumb/v6-m/nofp/libm.a
END GROUP
LOAD /Volumes/data/janos/Develop/RIOT/gcc/bin/../lib/gcc/arm-none-eabi/8.2.1/thumb/v6-m/nofp/libgcc.a
LOAD /Volumes/data/janos/Develop/RIOT/gcc/bin/../lib/gcc/arm-none-eabi/8.2.1/../../../../arm-none-eabi/lib/thumb/v6-m/nofp/libc_nano.a
START GROUP
LOAD /Volumes/data/janos/Develop/RIOT/gcc/bin/../lib/gcc/arm-none-eabi/8.2.1/thumb/v6-m/nofp/libgcc.a
LOAD /Volumes/data/janos/Develop/RIOT/gcc/bin/../lib/gcc/arm-none-eabi/8.2.1/../../../../arm-none-eabi/lib/thumb/v6-m/nofp/libg_nano.a
LOAD /Volumes/data/janos/Develop/RIOT/gcc/bin/../lib/gcc/arm-none-eabi/8.2.1/../../../../arm-none-eabi/lib/thumb/v6-m/nofp/libc_nano.a
END GROUP
START GROUP
LOAD /Volumes/data/janos/Develop/RIOT/gcc/bin/../lib/gcc/arm-none-eabi/8.2.1/thumb/v6-m/nofp/libgcc.a
LOAD /Volumes/data/janos/Develop/RIOT/gcc/bin/../lib/gcc/arm-none-eabi/8.2.1/../../../../arm-none-eabi/lib/thumb/v6-m/nofp/libc_nano.a
END GROUP

.text           0x0000000000000000     0x36a0
                0x0000000000000000                . = ALIGN (0x4)
                0x0000000000000000                _sfixed = .
                0x0000000000000000                _isr_vectors = DEFINED (_isr_vectors)?_isr_vectors:.
 *(SORT_BY_NAME(.vectors*))
 .vectors.0     0x0000000000000000       0x40 /Volumes/data/janos/Develop/RIOT/Projects/Bike2Bike/test/flashing/bin/airfy-beacon/cortexm_common.a(vectors_cortexm.o)
                0x0000000000000000                cortex_vector_base
 .vectors.1     0x0000000000000040       0x68 /Volumes/data/janos/Develop/RIOT/Projects/Bike2Bike/test/flashing/bin/airfy-beacon/cpu/vectors.o
                0x0000000000000040                vector_cpu
 *(.text .text.* .gnu.linkonce.t.*)
 .text.dummy_handler
                0x00000000000000a8        0x8 /Volumes/data/janos/Develop/RIOT/Projects/Bike2Bike/test/flashing/bin/airfy-beacon/cpu/vectors.o
                0x00000000000000a8                isr_temp
                0x00000000000000a8                isr_swi1
                0x00000000000000a8                isr_spi0_twi0
                0x00000000000000a8                isr_ccm_aar
                0x00000000000000a8                isr_swi5
                0x00000000000000a8                isr_timer1
                0x00000000000000a8                dummy_handler
                0x00000000000000a8                isr_adc
                0x00000000000000a8                isr_wdt
                0x00000000000000a8                isr_qdec
                0x00000000000000a8                isr_gpiote
                0x00000000000000a8                isr_rtc0
                0x00000000000000a8                isr_swi2
                0x00000000000000a8                isr_swi4
                0x00000000000000a8                isr_timer2
                0x00000000000000a8                isr_ecb
                0x00000000000000a8                isr_spi1_twi1
                0x00000000000000a8                isr_swi0
                0x00000000000000a8                isr_rtc1
                0x00000000000000a8                isr_rng
                0x00000000000000a8                isr_swi3
                0x00000000000000a8                isr_power_clock
                0x00000000000000a8                isr_systick
                0x00000000000000a8                isr_lpcomp
 .text.pre_startup
                0x00000000000000b0       0x10 /Volumes/data/janos/Develop/RIOT/Projects/Bike2Bike/test/flashing/bin/airfy-beacon/cpu/vectors.o
                0x00000000000000b0                pre_startup
 .text._init    0x00000000000000c0        0x8 /Volumes/data/janos/Develop/RIOT/Projects/Bike2Bike/test/flashing/bin/airfy-beacon/newlib_syscalls_default/syscalls.o
                0x00000000000000c0                _init
 .text._fini    0x00000000000000c8        0x2 /Volumes/data/janos/Develop/RIOT/Projects/Bike2Bike/test/flashing/bin/airfy-beacon/newlib_syscalls_default/syscalls.o
                0x00000000000000c8                _fini
 *fill*         0x00000000000000ca        0x2 
 .text._sbrk_r  0x00000000000000cc       0x3c /Volumes/data/janos/Develop/RIOT/Projects/Bike2Bike/test/flashing/bin/airfy-beacon/newlib_syscalls_default/syscalls.o
                0x00000000000000cc                _sbrk_r
 .text._read_r  0x0000000000000108        0xc /Volumes/data/janos/Develop/RIOT/Projects/Bike2Bike/test/flashing/bin/airfy-beacon/newlib_syscalls_default/syscalls.o
                0x0000000000000108                _read_r
 .text._write_r
                0x0000000000000114        0xc /Volumes/data/janos/Develop/RIOT/Projects/Bike2Bike/test/flashing/bin/airfy-beacon/newlib_syscalls_default/syscalls.o
                0x0000000000000114                _write_r
 .text._close_r
                0x0000000000000120        0xa /Volumes/data/janos/Develop/RIOT/Projects/Bike2Bike/test/flashing/bin/airfy-beacon/newlib_syscalls_default/syscalls.o
                0x0000000000000120                _close_r
 .text._lseek_r
                0x000000000000012a        0xa /Volumes/data/janos/Develop/RIOT/Projects/Bike2Bike/test/flashing/bin/airfy-beacon/newlib_syscalls_default/syscalls.o
                0x000000000000012a                _lseek_r
 .text._fstat_r
                0x0000000000000134        0xa /Volumes/data/janos/Develop/RIOT/Projects/Bike2Bike/test/flashing/bin/airfy-beacon/newlib_syscalls_default/syscalls.o
                0x0000000000000134                _fstat_r
 .text._isatty_r
                0x000000000000013e        0xe /Volumes/data/janos/Develop/RIOT/Projects/Bike2Bike/test/flashing/bin/airfy-beacon/newlib_syscalls_default/syscalls.o
                0x000000000000013e                _isatty_r
 .text.sched_run
                0x000000000000014c       0x68 /Volumes/data/janos/Develop/RIOT/Projects/Bike2Bike/test/flashing/bin/airfy-beacon/core.a(sched.o)
                0x000000000000014c                sched_run
 .text.sched_set_status
                0x00000000000001b4       0x80 /Volumes/data/janos/Develop/RIOT/Projects/Bike2Bike/test/flashing/bin/airfy-beacon/core.a(sched.o)
                0x00000000000001b4                sched_set_status
 .text.sched_switch
                0x0000000000000234       0x30 /Volumes/data/janos/Develop/RIOT/Projects/Bike2Bike/test/flashing/bin/airfy-beacon/core.a(sched.o)
                0x0000000000000234                sched_switch
 .text.sched_task_exit
                0x0000000000000264       0x3c /Volumes/data/janos/Develop/RIOT/Projects/Bike2Bike/test/flashing/bin/airfy-beacon/core.a(sched.o)
                0x0000000000000264                sched_task_exit
 .text.thread_stack_init
                0x00000000000002a0       0x90 /Volumes/data/janos/Develop/RIOT/Projects/Bike2Bike/test/flashing/bin/airfy-beacon/cortexm_common.a(thread_arch.o)
                0x00000000000002a0                thread_stack_init
 .text.thread_isr_stack_usage
                0x0000000000000330       0x24 /Volumes/data/janos/Develop/RIOT/Projects/Bike2Bike/test/flashing/bin/airfy-beacon/cortexm_common.a(thread_arch.o)
                0x0000000000000330                thread_isr_stack_usage
 .text.thread_isr_stack_pointer
                0x0000000000000354        0x6 /Volumes/data/janos/Develop/RIOT/Projects/Bike2Bike/test/flashing/bin/airfy-beacon/cortexm_common.a(thread_arch.o)
                0x0000000000000354                thread_isr_stack_pointer
 *fill*         0x000000000000035a        0x2 
 .text.thread_isr_stack_start
                0x000000000000035c        0x8 /Volumes/data/janos/Develop/RIOT/Projects/Bike2Bike/test/flashing/bin/airfy-beacon/cortexm_common.a(thread_arch.o)
                0x000000000000035c                thread_isr_stack_start
 .text.cpu_switch_context_exit
                0x0000000000000364        0x8 /Volumes/data/janos/Develop/RIOT/Projects/Bike2Bike/test/flashing/bin/airfy-beacon/cortexm_common.a(thread_arch.o)
                0x0000000000000364                cpu_switch_context_exit
 .text.thread_yield_higher
                0x000000000000036c       0x14 /Volumes/data/janos/Develop/RIOT/Projects/Bike2Bike/test/flashing/bin/airfy-beacon/cortexm_common.a(thread_arch.o)
                0x000000000000036c                thread_yield_higher
 .text.isr_pendsv
                0x0000000000000380       0x28 /Volumes/data/janos/Develop/RIOT/Projects/Bike2Bike/test/flashing/bin/airfy-beacon/cortexm_common.a(thread_arch.o)
                0x0000000000000380                isr_pendsv
 .text.isr_svc  0x00000000000003a8       0x2c /Volumes/data/janos/Develop/RIOT/Projects/Bike2Bike/test/flashing/bin/airfy-beacon/cortexm_common.a(thread_arch.o)
                0x00000000000003a8                isr_svc
 .text.hard_fault_default
                0x00000000000003d4       0x4c /Volumes/data/janos/Develop/RIOT/Projects/Bike2Bike/test/flashing/bin/airfy-beacon/cortexm_common.a(vectors_cortexm.o)
                0x00000000000003d4                hard_fault_default
 .text.nmi_default
                0x0000000000000420       0x10 /Volumes/data/janos/Develop/RIOT/Projects/Bike2Bike/test/flashing/bin/airfy-beacon/cortexm_common.a(vectors_cortexm.o)
                0x0000000000000420                nmi_default
 .text.dummy_handler_default
                0x0000000000000430       0x10 /Volumes/data/janos/Develop/RIOT/Projects/Bike2Bike/test/flashing/bin/airfy-beacon/cortexm_common.a(vectors_cortexm.o)
                0x0000000000000430                dummy_handler_default
 .text.post_startup
                0x0000000000000440        0x2 /Volumes/data/janos/Develop/RIOT/Projects/Bike2Bike/test/flashing/bin/airfy-beacon/cortexm_common.a(vectors_cortexm.o)
                0x0000000000000440                post_startup
 *fill*         0x0000000000000442        0x2 
 .text.reset_handler_default
                0x0000000000000444       0x60 /Volumes/data/janos/Develop/RIOT/Projects/Bike2Bike/test/flashing/bin/airfy-beacon/cortexm_common.a(vectors_cortexm.o)
                0x0000000000000444                reset_handler_default
 .text.hard_fault_handler
                0x00000000000004a4      0x118 /Volumes/data/janos/Develop/RIOT/Projects/Bike2Bike/test/flashing/bin/airfy-beacon/cortexm_common.a(vectors_cortexm.o)
                0x00000000000004a4                hard_fault_handler
 .text.irq_disable
                0x00000000000005bc        0x8 /Volumes/data/janos/Develop/RIOT/Projects/Bike2Bike/test/flashing/bin/airfy-beacon/cortexm_common.a(irq_arch.o)
                0x00000000000005bc                irq_disable
 .text.irq_enable
                0x00000000000005c4        0x8 /Volumes/data/janos/Develop/RIOT/Projects/Bike2Bike/test/flashing/bin/airfy-beacon/cortexm_common.a(irq_arch.o)
                0x00000000000005c4                irq_enable
 .text.irq_restore
                0x00000000000005cc        0x6 /Volumes/data/janos/Develop/RIOT/Projects/Bike2Bike/test/flashing/bin/airfy-beacon/cortexm_common.a(irq_arch.o)
                0x00000000000005cc                irq_restore
 .text.irq_is_in
                0x00000000000005d2        0x8 /Volumes/data/janos/Develop/RIOT/Projects/Bike2Bike/test/flashing/bin/airfy-beacon/cortexm_common.a(irq_arch.o)
                0x00000000000005d2                irq_is_in
 *fill*         0x00000000000005da        0x2 
 .text.pm_off   0x00000000000005dc       0x18 /Volumes/data/janos/Develop/RIOT/Projects/Bike2Bike/test/flashing/bin/airfy-beacon/nrf5x_common_periph.a(pm.o)
                0x00000000000005dc                pm_off
 .text.stdio_init
                0x00000000000005f4       0x1c /Volumes/data/janos/Develop/RIOT/Projects/Bike2Bike/test/flashing/bin/airfy-beacon/stdio_uart.a(stdio_uart.o)
                0x00000000000005f4                stdio_init
 .text.stdio_read
                0x0000000000000610       0x14 /Volumes/data/janos/Develop/RIOT/Projects/Bike2Bike/test/flashing/bin/airfy-beacon/stdio_uart.a(stdio_uart.o)
                0x0000000000000610                stdio_read
 .text.stdio_write
                0x0000000000000624       0x12 /Volumes/data/janos/Develop/RIOT/Projects/Bike2Bike/test/flashing/bin/airfy-beacon/stdio_uart.a(stdio_uart.o)
                0x0000000000000624                stdio_write
 .text._xtimer_lltimer_now
                0x0000000000000636        0xa /Volumes/data/janos/Develop/RIOT/Projects/Bike2Bike/test/flashing/bin/airfy-beacon/xtimer.a(xtimer_core.o)
 .text._xtimer_now
                0x0000000000000640       0x18 /Volumes/data/janos/Develop/RIOT/Projects/Bike2Bike/test/flashing/bin/airfy-beacon/xtimer.a(xtimer_core.o)
 .text._lltimer_set
                0x0000000000000658       0x1c /Volumes/data/janos/Develop/RIOT/Projects/Bike2Bike/test/flashing/bin/airfy-beacon/xtimer.a(xtimer_core.o)
 .text._add_timer_to_long_list.constprop.3
                0x0000000000000674       0x2c /Volumes/data/janos/Develop/RIOT/Projects/Bike2Bike/test/flashing/bin/airfy-beacon/xtimer.a(xtimer_core.o)
 .text._next_period
                0x00000000000006a0       0xc4 /Volumes/data/janos/Develop/RIOT/Projects/Bike2Bike/test/flashing/bin/airfy-beacon/xtimer.a(xtimer_core.o)
 .text._remove  0x0000000000000764       0x70 /Volumes/data/janos/Develop/RIOT/Projects/Bike2Bike/test/flashing/bin/airfy-beacon/xtimer.a(xtimer_core.o)
 .text._periph_timer_callback
                0x00000000000007d4       0xdc /Volumes/data/janos/Develop/RIOT/Projects/Bike2Bike/test/flashing/bin/airfy-beacon/xtimer.a(xtimer_core.o)
 .text.xtimer_init
                0x00000000000008b0       0x20 /Volumes/data/janos/Develop/RIOT/Projects/Bike2Bike/test/flashing/bin/airfy-beacon/xtimer.a(xtimer_core.o)
                0x00000000000008b0                xtimer_init
 .text._xtimer_set_absolute
                0x00000000000008d0       0xdc /Volumes/data/janos/Develop/RIOT/Projects/Bike2Bike/test/flashing/bin/airfy-beacon/xtimer.a(xtimer_core.o)
                0x00000000000008d0                _xtimer_set_absolute
 .text.xtimer_remove
                0x00000000000009ac       0x24 /Volumes/data/janos/Develop/RIOT/Projects/Bike2Bike/test/flashing/bin/airfy-beacon/xtimer.a(xtimer_core.o)
                0x00000000000009ac                xtimer_remove
 .text._xtimer_set
                0x00000000000009d0       0x3e /Volumes/data/janos/Develop/RIOT/Projects/Bike2Bike/test/flashing/bin/airfy-beacon/xtimer.a(xtimer_core.o)
                0x00000000000009d0                _xtimer_set
 *fill*         0x0000000000000a0e        0x2 
 .text._xtimer_set64
                0x0000000000000a10       0x60 /Volumes/data/janos/Develop/RIOT/Projects/Bike2Bike/test/flashing/bin/airfy-beacon/xtimer.a(xtimer_core.o)
                0x0000000000000a10                _xtimer_set64
 .text.board_init
                0x0000000000000a70        0x8 /Volumes/data/janos/Develop/RIOT/Projects/Bike2Bike/test/flashing/bin/airfy-beacon/boards_common_nrf51.a(board.o)
                0x0000000000000a70                board_init
 .text.main_trampoline
                0x0000000000000a78       0x18 /Volumes/data/janos/Develop/RIOT/Projects/Bike2Bike/test/flashing/bin/airfy-beacon/core.a(kernel_init.o)
 .text.idle_thread
                0x0000000000000a90        0x8 /Volumes/data/janos/Develop/RIOT/Projects/Bike2Bike/test/flashing/bin/airfy-beacon/core.a(kernel_init.o)
 .text.kernel_init
                0x0000000000000a98       0x58 /Volumes/data/janos/Develop/RIOT/Projects/Bike2Bike/test/flashing/bin/airfy-beacon/core.a(kernel_init.o)
                0x0000000000000a98                kernel_init
 .text.panic_arch
                0x0000000000000af0        0x2 /Volumes/data/janos/Develop/RIOT/Projects/Bike2Bike/test/flashing/bin/airfy-beacon/core.a(panic.o)
                0x0000000000000af0                panic_arch
 *fill*         0x0000000000000af2        0x2 
 .text.core_panic
                0x0000000000000af4       0x54 /Volumes/data/janos/Develop/RIOT/Projects/Bike2Bike/test/flashing/bin/airfy-beacon/core.a(panic.o)
                0x0000000000000af4                core_panic
 .text.thread_add_to_list
                0x0000000000000b48       0x34 /Volumes/data/janos/Develop/RIOT/Projects/Bike2Bike/test/flashing/bin/airfy-beacon/core.a(thread.o)
                0x0000000000000b48                thread_add_to_list
 .text.thread_measure_stack_free
                0x0000000000000b7c       0x10 /Volumes/data/janos/Develop/RIOT/Projects/Bike2Bike/test/flashing/bin/airfy-beacon/core.a(thread.o)
                0x0000000000000b7c                thread_measure_stack_free
 .text.thread_create
                0x0000000000000b8c       0xe8 /Volumes/data/janos/Develop/RIOT/Projects/Bike2Bike/test/flashing/bin/airfy-beacon/core.a(thread.o)
                0x0000000000000b8c                thread_create
 .text.pm_set_lowest
                0x0000000000000c74       0x20 /Volumes/data/janos/Develop/RIOT/Projects/Bike2Bike/test/flashing/bin/airfy-beacon/cortexm_common_periph.a(pm.o)
                0x0000000000000c74                pm_set_lowest
 .text.pm_reboot
                0x0000000000000c94       0x1c /Volumes/data/janos/Develop/RIOT/Projects/Bike2Bike/test/flashing/bin/airfy-beacon/cortexm_common_periph.a(pm.o)
                0x0000000000000c94                pm_reboot
 .text.cpu_init
                0x0000000000000cb0       0x10 /Volumes/data/janos/Develop/RIOT/Projects/Bike2Bike/test/flashing/bin/airfy-beacon/cpu.a(cpu.o)
                0x0000000000000cb0                cpu_init
 .text.clock_init_hf
                0x0000000000000cc0       0x24 /Volumes/data/janos/Develop/RIOT/Projects/Bike2Bike/test/flashing/bin/airfy-beacon/cpu_common.a(clock.o)
                0x0000000000000cc0                clock_init_hf
 .text.isrpipe_write_one
                0x0000000000000ce4       0x16 /Volumes/data/janos/Develop/RIOT/Projects/Bike2Bike/test/flashing/bin/airfy-beacon/isrpipe.a(isrpipe.o)
                0x0000000000000ce4                isrpipe_write_one
 .text.isrpipe_read
                0x0000000000000cfa       0x24 /Volumes/data/janos/Develop/RIOT/Projects/Bike2Bike/test/flashing/bin/airfy-beacon/isrpipe.a(isrpipe.o)
                0x0000000000000cfa                isrpipe_read
 *fill*         0x0000000000000d1e        0x2 
 .text.timer_init
                0x0000000000000d20       0x70 /Volumes/data/janos/Develop/RIOT/Projects/Bike2Bike/test/flashing/bin/airfy-beacon/nrf5x_common_periph.a(timer.o)
                0x0000000000000d20                timer_init
 .text.timer_set_absolute
                0x0000000000000d90       0x4c /Volumes/data/janos/Develop/RIOT/Projects/Bike2Bike/test/flashing/bin/airfy-beacon/nrf5x_common_periph.a(timer.o)
                0x0000000000000d90                timer_set_absolute
 .text.timer_read
                0x0000000000000ddc       0x20 /Volumes/data/janos/Develop/RIOT/Projects/Bike2Bike/test/flashing/bin/airfy-beacon/nrf5x_common_periph.a(timer.o)
                0x0000000000000ddc                timer_read
 .text.isr_timer0
                0x0000000000000dfc       0x64 /Volumes/data/janos/Develop/RIOT/Projects/Bike2Bike/test/flashing/bin/airfy-beacon/nrf5x_common_periph.a(timer.o)
                0x0000000000000dfc                isr_timer0
 .text.uart_init
                0x0000000000000e60      0x1a8 /Volumes/data/janos/Develop/RIOT/Projects/Bike2Bike/test/flashing/bin/airfy-beacon/nrf5x_common_periph.a(uart.o)
                0x0000000000000e60                uart_init
 .text.uart_write
                0x0000000000001008       0x30 /Volumes/data/janos/Develop/RIOT/Projects/Bike2Bike/test/flashing/bin/airfy-beacon/nrf5x_common_periph.a(uart.o)
                0x0000000000001008                uart_write
 .text.isr_uart0
                0x0000000000001038       0x40 /Volumes/data/janos/Develop/RIOT/Projects/Bike2Bike/test/flashing/bin/airfy-beacon/nrf5x_common_periph.a(uart.o)
                0x0000000000001038                isr_uart0
 .text.gpio_init
                0x0000000000001078       0x28 /Volumes/data/janos/Develop/RIOT/Projects/Bike2Bike/test/flashing/bin/airfy-beacon/nrf5x_common_periph.a(gpio.o)
                0x0000000000001078                gpio_init
 .text.ps       0x00000000000010a0       0xec /Volumes/data/janos/Develop/RIOT/Projects/Bike2Bike/test/flashing/bin/airfy-beacon/ps.a(ps.o)
                0x00000000000010a0                ps
 .text._pop     0x000000000000118c       0x12 /Volumes/data/janos/Develop/RIOT/Projects/Bike2Bike/test/flashing/bin/airfy-beacon/tsrb.a(tsrb.o)
 .text.tsrb_get
                0x000000000000119e       0x2a /Volumes/data/janos/Develop/RIOT/Projects/Bike2Bike/test/flashing/bin/airfy-beacon/tsrb.a(tsrb.o)
                0x000000000000119e                tsrb_get
 .text.tsrb_add_one
                0x00000000000011c8       0x26 /Volumes/data/janos/Develop/RIOT/Projects/Bike2Bike/test/flashing/bin/airfy-beacon/tsrb.a(tsrb.o)
                0x00000000000011c8                tsrb_add_one
 .text.periph_init
                0x00000000000011ee        0x2 /Volumes/data/janos/Develop/RIOT/Projects/Bike2Bike/test/flashing/bin/airfy-beacon/periph_common.a(init.o)
                0x00000000000011ee                periph_init
 .text.event_1  0x00000000000011f0       0x10 /Volumes/data/janos/Develop/RIOT/Projects/Bike2Bike/test/flashing/bin/airfy-beacon/application_Bike2Bike.a(main.o)
                0x00000000000011f0                event_1
 .text.bluetooth_print_settings
                0x0000000000001200       0xb4 /Volumes/data/janos/Develop/RIOT/Projects/Bike2Bike/test/flashing/bin/airfy-beacon/application_Bike2Bike.a(main.o)
                0x0000000000001200                bluetooth_print_settings
 .text.bluetooth_start
                0x00000000000012b4       0x30 /Volumes/data/janos/Develop/RIOT/Projects/Bike2Bike/test/flashing/bin/airfy-beacon/application_Bike2Bike.a(main.o)
                0x00000000000012b4                bluetooth_start
 .text.timer_stuff
                0x00000000000012e4       0x30 /Volumes/data/janos/Develop/RIOT/Projects/Bike2Bike/test/flashing/bin/airfy-beacon/application_Bike2Bike.a(main.o)
                0x00000000000012e4                timer_stuff
 .text.bluetooth_thread
                0x0000000000001314       0x54 /Volumes/data/janos/Develop/RIOT/Projects/Bike2Bike/test/flashing/bin/airfy-beacon/application_Bike2Bike.a(main.o)
                0x0000000000001314                bluetooth_thread
 .text.timer_thread
                0x0000000000001368       0x48 /Volumes/data/janos/Develop/RIOT/Projects/Bike2Bike/test/flashing/bin/airfy-beacon/application_Bike2Bike.a(main.o)
                0x0000000000001368                timer_thread
 .text.startup.main
                0x00000000000013b0       0x24 /Volumes/data/janos/Develop/RIOT/Projects/Bike2Bike/test/flashing/bin/airfy-beacon/application_Bike2Bike.a(main.o)
                0x00000000000013b0                main
 .text.auto_init
                0x00000000000013d4        0x8 /Volumes/data/janos/Develop/RIOT/Projects/Bike2Bike/test/flashing/bin/airfy-beacon/auto_init.a(auto_init.o)
                0x00000000000013d4                auto_init
 .text._mutex_lock
                0x00000000000013dc       0x60 /Volumes/data/janos/Develop/RIOT/Projects/Bike2Bike/test/flashing/bin/airfy-beacon/core.a(mutex.o)
                0x00000000000013dc                _mutex_lock
 .text.mutex_unlock
                0x000000000000143c       0x4a /Volumes/data/janos/Develop/RIOT/Projects/Bike2Bike/test/flashing/bin/airfy-beacon/core.a(mutex.o)
                0x000000000000143c                mutex_unlock
 *fill*         0x0000000000001486        0x2 
 .text.cortexm_init
                0x0000000000001488       0x70 /Volumes/data/janos/Develop/RIOT/Projects/Bike2Bike/test/flashing/bin/airfy-beacon/cortexm_common.a(cortexm_init.o)
                0x0000000000001488                cortexm_init
 .text._nrfble_set.part.0
                0x00000000000014f8       0x10 /Volumes/data/janos/Develop/RIOT/Projects/Bike2Bike/test/flashing/bin/airfy-beacon/nrfble.a(nrfble.o)
 .text._nrfble_set
                0x0000000000001508      0x110 /Volumes/data/janos/Develop/RIOT/Projects/Bike2Bike/test/flashing/bin/airfy-beacon/nrfble.a(nrfble.o)
 .text._nrfble_get
                0x0000000000001618       0x44 /Volumes/data/janos/Develop/RIOT/Projects/Bike2Bike/test/flashing/bin/airfy-beacon/nrfble.a(nrfble.o)
 .text._nrfble_recv
                0x000000000000165c       0x4c /Volumes/data/janos/Develop/RIOT/Projects/Bike2Bike/test/flashing/bin/airfy-beacon/nrfble.a(nrfble.o)
 .text._nrfble_send
                0x00000000000016a8       0x4c /Volumes/data/janos/Develop/RIOT/Projects/Bike2Bike/test/flashing/bin/airfy-beacon/nrfble.a(nrfble.o)
 .text._nrfble_init
                0x00000000000016f4       0x9c /Volumes/data/janos/Develop/RIOT/Projects/Bike2Bike/test/flashing/bin/airfy-beacon/nrfble.a(nrfble.o)
 .text.isr_radio
                0x0000000000001790       0x84 /Volumes/data/janos/Develop/RIOT/Projects/Bike2Bike/test/flashing/bin/airfy-beacon/nrfble.a(nrfble.o)
                0x0000000000001790                isr_radio
 .text.nrfble_setup
                0x0000000000001814       0x18 /Volumes/data/janos/Develop/RIOT/Projects/Bike2Bike/test/flashing/bin/airfy-beacon/nrfble.a(nrfble.o)
                0x0000000000001814                nrfble_setup
 .text.flush_if_needed
                0x000000000000182c       0x14 /Volumes/data/janos/Develop/RIOT/Projects/Bike2Bike/test/flashing/bin/airfy-beacon/shell.a(shell.o)
 .text.shell_run
                0x0000000000001840      0x238 /Volumes/data/janos/Develop/RIOT/Projects/Bike2Bike/test/flashing/bin/airfy-beacon/shell.a(shell.o)
                0x0000000000001840                shell_run
 .text._reboot_handler
                0x0000000000001a78        0xa /Volumes/data/janos/Develop/RIOT/Projects/Bike2Bike/test/flashing/bin/airfy-beacon/shell_commands.a(sc_sys.o)
                0x0000000000001a78                _reboot_handler
 .text._ps_handler
                0x0000000000001a82        0xa /Volumes/data/janos/Develop/RIOT/Projects/Bike2Bike/test/flashing/bin/airfy-beacon/shell_commands.a(sc_ps.o)
                0x0000000000001a82                _ps_handler
 .text._callback_unlock_mutex
                0x0000000000001a8c        0x8 /Volumes/data/janos/Develop/RIOT/Projects/Bike2Bike/test/flashing/bin/airfy-beacon/xtimer.a(xtimer.o)
 .text._xtimer_spin
                0x0000000000001a94       0x22 /Volumes/data/janos/Develop/RIOT/Projects/Bike2Bike/test/flashing/bin/airfy-beacon/xtimer.a(xtimer.o)
 *fill*         0x0000000000001ab6        0x2 
 .text._xtimer_tsleep
                0x0000000000001ab8       0x58 /Volumes/data/janos/Develop/RIOT/Projects/Bike2Bike/test/flashing/bin/airfy-beacon/xtimer.a(xtimer.o)
                0x0000000000001ab8                _xtimer_tsleep
 .text          0x0000000000001b10       0x14 /Volumes/data/janos/Develop/RIOT/gcc/bin/../lib/gcc/arm-none-eabi/8.2.1/thumb/v6-m/nofp/libgcc.a(_thumb1_case_uqi.o)
                0x0000000000001b10                __gnu_thumb1_case_uqi
 .text          0x0000000000001b24      0x114 /Volumes/data/janos/Develop/RIOT/gcc/bin/../lib/gcc/arm-none-eabi/8.2.1/thumb/v6-m/nofp/libgcc.a(_udivsi3.o)
                0x0000000000001b24                __udivsi3
                0x0000000000001b24                __aeabi_uidiv
                0x0000000000001c30                __aeabi_uidivmod
 .text          0x0000000000001c38        0x4 /Volumes/data/janos/Develop/RIOT/gcc/bin/../lib/gcc/arm-none-eabi/8.2.1/thumb/v6-m/nofp/libgcc.a(_dvmd_tls.o)
                0x0000000000001c38                __aeabi_ldiv0
                0x0000000000001c38                __aeabi_idiv0
 .text.__sflush_r
                0x0000000000001c3c      0x114 /Volumes/data/janos/Develop/RIOT/gcc/bin/../lib/gcc/arm-none-eabi/8.2.1/../../../../arm-none-eabi/lib/thumb/v6-m/nofp/libc_nano.a(lib_a-fflush.o)
                0x0000000000001c3c                __sflush_r
 .text._fflush_r
                0x0000000000001d50       0x80 /Volumes/data/janos/Develop/RIOT/gcc/bin/../lib/gcc/arm-none-eabi/8.2.1/../../../../arm-none-eabi/lib/thumb/v6-m/nofp/libc_nano.a(lib_a-fflush.o)
                0x0000000000001d50                _fflush_r
 .text.fflush   0x0000000000001dd0       0x28 /Volumes/data/janos/Develop/RIOT/gcc/bin/../lib/gcc/arm-none-eabi/8.2.1/../../../../arm-none-eabi/lib/thumb/v6-m/nofp/libc_nano.a(lib_a-fflush.o)
                0x0000000000001dd0                fflush
 .text.std      0x0000000000001df8       0x48 /Volumes/data/janos/Develop/RIOT/gcc/bin/../lib/gcc/arm-none-eabi/8.2.1/../../../../arm-none-eabi/lib/thumb/v6-m/nofp/libc_nano.a(lib_a-findfp.o)
 .text._cleanup_r
                0x0000000000001e40       0x10 /Volumes/data/janos/Develop/RIOT/gcc/bin/../lib/gcc/arm-none-eabi/8.2.1/../../../../arm-none-eabi/lib/thumb/v6-m/nofp/libc_nano.a(lib_a-findfp.o)
                0x0000000000001e40                _cleanup_r
 .text.__sfmoreglue
                0x0000000000001e50       0x2c /Volumes/data/janos/Develop/RIOT/gcc/bin/../lib/gcc/arm-none-eabi/8.2.1/../../../../arm-none-eabi/lib/thumb/v6-m/nofp/libc_nano.a(lib_a-findfp.o)
                0x0000000000001e50                __sfmoreglue
 .text.__sfp_lock_acquire
                0x0000000000001e7c       0x10 /Volumes/data/janos/Develop/RIOT/gcc/bin/../lib/gcc/arm-none-eabi/8.2.1/../../../../arm-none-eabi/lib/thumb/v6-m/nofp/libc_nano.a(lib_a-findfp.o)
                0x0000000000001e7c                __sfp_lock_acquire
 .text.__sfp_lock_release
                0x0000000000001e8c       0x10 /Volumes/data/janos/Develop/RIOT/gcc/bin/../lib/gcc/arm-none-eabi/8.2.1/../../../../arm-none-eabi/lib/thumb/v6-m/nofp/libc_nano.a(lib_a-findfp.o)
                0x0000000000001e8c                __sfp_lock_release
 .text.__sinit_lock_acquire
                0x0000000000001e9c       0x10 /Volumes/data/janos/Develop/RIOT/gcc/bin/../lib/gcc/arm-none-eabi/8.2.1/../../../../arm-none-eabi/lib/thumb/v6-m/nofp/libc_nano.a(lib_a-findfp.o)
                0x0000000000001e9c                __sinit_lock_acquire
 .text.__sinit_lock_release
                0x0000000000001eac       0x10 /Volumes/data/janos/Develop/RIOT/gcc/bin/../lib/gcc/arm-none-eabi/8.2.1/../../../../arm-none-eabi/lib/thumb/v6-m/nofp/libc_nano.a(lib_a-findfp.o)
                0x0000000000001eac                __sinit_lock_release
 .text.__sinit  0x0000000000001ebc       0x70 /Volumes/data/janos/Develop/RIOT/gcc/bin/../lib/gcc/arm-none-eabi/8.2.1/../../../../arm-none-eabi/lib/thumb/v6-m/nofp/libc_nano.a(lib_a-findfp.o)
                0x0000000000001ebc                __sinit
 .text.__sfp    0x0000000000001f2c       0x90 /Volumes/data/janos/Develop/RIOT/gcc/bin/../lib/gcc/arm-none-eabi/8.2.1/../../../../arm-none-eabi/lib/thumb/v6-m/nofp/libc_nano.a(lib_a-findfp.o)
                0x0000000000001f2c                __sfp
 .text._fwalk   0x0000000000001fbc       0x38 /Volumes/data/janos/Develop/RIOT/gcc/bin/../lib/gcc/arm-none-eabi/8.2.1/../../../../arm-none-eabi/lib/thumb/v6-m/nofp/libc_nano.a(lib_a-fwalk.o)
                0x0000000000001fbc                _fwalk
 .text._fwalk_reent
                0x0000000000001ff4       0x42 /Volumes/data/janos/Develop/RIOT/gcc/bin/../lib/gcc/arm-none-eabi/8.2.1/../../../../arm-none-eabi/lib/thumb/v6-m/nofp/libc_nano.a(lib_a-fwalk.o)
                0x0000000000001ff4                _fwalk_reent
 *fill*         0x0000000000002036        0x2 
 .text.getchar  0x0000000000002038       0x24 /Volumes/data/janos/Develop/RIOT/gcc/bin/../lib/gcc/arm-none-eabi/8.2.1/../../../../arm-none-eabi/lib/thumb/v6-m/nofp/libc_nano.a(lib_a-getchar.o)
                0x0000000000002038                getchar
 .text.__libc_init_array
                0x000000000000205c       0x48 /Volumes/data/janos/Develop/RIOT/gcc/bin/../lib/gcc/arm-none-eabi/8.2.1/../../../../arm-none-eabi/lib/thumb/v6-m/nofp/libc_nano.a(lib_a-init.o)
                0x000000000000205c                __libc_init_array
 .text.__retarget_lock_init_recursive
                0x00000000000020a4        0x2 /Volumes/data/janos/Develop/RIOT/gcc/bin/../lib/gcc/arm-none-eabi/8.2.1/../../../../arm-none-eabi/lib/thumb/v6-m/nofp/libc_nano.a(lib_a-lock.o)
                0x00000000000020a4                __retarget_lock_init_recursive
 .text.__retarget_lock_acquire_recursive
                0x00000000000020a6        0x2 /Volumes/data/janos/Develop/RIOT/gcc/bin/../lib/gcc/arm-none-eabi/8.2.1/../../../../arm-none-eabi/lib/thumb/v6-m/nofp/libc_nano.a(lib_a-lock.o)
                0x00000000000020a6                __retarget_lock_acquire_recursive
 .text.__retarget_lock_release_recursive
                0x00000000000020a8        0x2 /Volumes/data/janos/Develop/RIOT/gcc/bin/../lib/gcc/arm-none-eabi/8.2.1/../../../../arm-none-eabi/lib/thumb/v6-m/nofp/libc_nano.a(lib_a-lock.o)
                0x00000000000020a8                __retarget_lock_release_recursive
 .text.memcpy   0x00000000000020aa       0x12 /Volumes/data/janos/Develop/RIOT/gcc/bin/../lib/gcc/arm-none-eabi/8.2.1/../../../../arm-none-eabi/lib/thumb/v6-m/nofp/libc_nano.a(lib_a-memcpy-stub.o)
                0x00000000000020aa                memcpy
 .text.memset   0x00000000000020bc       0x10 /Volumes/data/janos/Develop/RIOT/gcc/bin/../lib/gcc/arm-none-eabi/8.2.1/../../../../arm-none-eabi/lib/thumb/v6-m/nofp/libc_nano.a(lib_a-memset.o)
                0x00000000000020bc                memset
 .text._free_r  0x00000000000020cc       0x94 /Volumes/data/janos/Develop/RIOT/gcc/bin/../lib/gcc/arm-none-eabi/8.2.1/../../../../arm-none-eabi/lib/thumb/v6-m/nofp/libc_nano.a(lib_a-nano-freer.o)
                0x00000000000020cc                _free_r
 .text._malloc_r
                0x0000000000002160       0xbc /Volumes/data/janos/Develop/RIOT/gcc/bin/../lib/gcc/arm-none-eabi/8.2.1/../../../../arm-none-eabi/lib/thumb/v6-m/nofp/libc_nano.a(lib_a-nano-mallocr.o)
                0x0000000000002160                _malloc_r
 .text.printf   0x000000000000221c       0x34 /Volumes/data/janos/Develop/RIOT/gcc/bin/../lib/gcc/arm-none-eabi/8.2.1/../../../../arm-none-eabi/lib/thumb/v6-m/nofp/libc_nano.a(lib_a-printf.o)
                0x000000000000221c                printf
                0x000000000000221c                iprintf
 .text.putchar  0x0000000000002250       0x28 /Volumes/data/janos/Develop/RIOT/gcc/bin/../lib/gcc/arm-none-eabi/8.2.1/../../../../arm-none-eabi/lib/thumb/v6-m/nofp/libc_nano.a(lib_a-putchar.o)
                0x0000000000002250                putchar
 .text._puts_r  0x0000000000002278       0xe4 /Volumes/data/janos/Develop/RIOT/gcc/bin/../lib/gcc/arm-none-eabi/8.2.1/../../../../arm-none-eabi/lib/thumb/v6-m/nofp/libc_nano.a(lib_a-puts.o)
                0x0000000000002278                _puts_r
 .text.puts     0x000000000000235c       0x14 /Volumes/data/janos/Develop/RIOT/gcc/bin/../lib/gcc/arm-none-eabi/8.2.1/../../../../arm-none-eabi/lib/thumb/v6-m/nofp/libc_nano.a(lib_a-puts.o)
                0x000000000000235c                puts
 .text.__sread  0x0000000000002370       0x28 /Volumes/data/janos/Develop/RIOT/gcc/bin/../lib/gcc/arm-none-eabi/8.2.1/../../../../arm-none-eabi/lib/thumb/v6-m/nofp/libc_nano.a(lib_a-stdio.o)
                0x0000000000002370                __sread
 .text.__swrite
                0x0000000000002398       0x38 /Volumes/data/janos/Develop/RIOT/gcc/bin/../lib/gcc/arm-none-eabi/8.2.1/../../../../arm-none-eabi/lib/thumb/v6-m/nofp/libc_nano.a(lib_a-stdio.o)
                0x0000000000002398                __swrite
 .text.__sseek  0x00000000000023d0       0x2c /Volumes/data/janos/Develop/RIOT/gcc/bin/../lib/gcc/arm-none-eabi/8.2.1/../../../../arm-none-eabi/lib/thumb/v6-m/nofp/libc_nano.a(lib_a-stdio.o)
                0x00000000000023d0                __sseek
 .text.__sclose
                0x00000000000023fc        0xc /Volumes/data/janos/Develop/RIOT/gcc/bin/../lib/gcc/arm-none-eabi/8.2.1/../../../../arm-none-eabi/lib/thumb/v6-m/nofp/libc_nano.a(lib_a-stdio.o)
                0x00000000000023fc                __sclose
 .text          0x0000000000002408       0x14 /Volumes/data/janos/Develop/RIOT/gcc/bin/../lib/gcc/arm-none-eabi/8.2.1/../../../../arm-none-eabi/lib/thumb/v6-m/nofp/libc_nano.a(lib_a-strcmp.o)
                0x0000000000002408                strcmp
 .text.__swbuf_r
                0x000000000000241c       0xac /Volumes/data/janos/Develop/RIOT/gcc/bin/../lib/gcc/arm-none-eabi/8.2.1/../../../../arm-none-eabi/lib/thumb/v6-m/nofp/libc_nano.a(lib_a-wbuf.o)
                0x000000000000241c                __swbuf_r
 .text.__swsetup_r
                0x00000000000024c8       0xec /Volumes/data/janos/Develop/RIOT/gcc/bin/../lib/gcc/arm-none-eabi/8.2.1/../../../../arm-none-eabi/lib/thumb/v6-m/nofp/libc_nano.a(lib_a-wsetup.o)
                0x00000000000024c8                __swsetup_r
 .text._getc_r  0x00000000000025b4       0x84 /Volumes/data/janos/Develop/RIOT/gcc/bin/../lib/gcc/arm-none-eabi/8.2.1/../../../../arm-none-eabi/lib/thumb/v6-m/nofp/libc_nano.a(lib_a-getc.o)
                0x00000000000025b4                _getc_r
 .text.__swhatbuf_r
                0x0000000000002638       0x50 /Volumes/data/janos/Develop/RIOT/gcc/bin/../lib/gcc/arm-none-eabi/8.2.1/../../../../arm-none-eabi/lib/thumb/v6-m/nofp/libc_nano.a(lib_a-makebuf.o)
                0x0000000000002638                __swhatbuf_r
 .text.__smakebuf_r
                0x0000000000002688       0x88 /Volumes/data/janos/Develop/RIOT/gcc/bin/../lib/gcc/arm-none-eabi/8.2.1/../../../../arm-none-eabi/lib/thumb/v6-m/nofp/libc_nano.a(lib_a-makebuf.o)
                0x0000000000002688                __smakebuf_r
 .text.__malloc_lock
                0x0000000000002710       0x10 /Volumes/data/janos/Develop/RIOT/gcc/bin/../lib/gcc/arm-none-eabi/8.2.1/../../../../arm-none-eabi/lib/thumb/v6-m/nofp/libc_nano.a(lib_a-mlock.o)
                0x0000000000002710                __malloc_lock
 .text.__malloc_unlock
                0x0000000000002720       0x10 /Volumes/data/janos/Develop/RIOT/gcc/bin/../lib/gcc/arm-none-eabi/8.2.1/../../../../arm-none-eabi/lib/thumb/v6-m/nofp/libc_nano.a(lib_a-mlock.o)
                0x0000000000002720                __malloc_unlock
 .text.__sfputc_r
                0x0000000000002730       0x2a /Volumes/data/janos/Develop/RIOT/gcc/bin/../lib/gcc/arm-none-eabi/8.2.1/../../../../arm-none-eabi/lib/thumb/v6-m/nofp/libc_nano.a(lib_a-nano-vfprintf.o)
 .text.__sfputs_r
                0x000000000000275a       0x24 /Volumes/data/janos/Develop/RIOT/gcc/bin/../lib/gcc/arm-none-eabi/8.2.1/../../../../arm-none-eabi/lib/thumb/v6-m/nofp/libc_nano.a(lib_a-nano-vfprintf.o)
                0x000000000000275a                __sfputs_r
 *fill*         0x000000000000277e        0x2 
 .text._vfprintf_r
                0x0000000000002780      0x26c /Volumes/data/janos/Develop/RIOT/gcc/bin/../lib/gcc/arm-none-eabi/8.2.1/../../../../arm-none-eabi/lib/thumb/v6-m/nofp/libc_nano.a(lib_a-nano-vfprintf.o)
                0x0000000000002780                _vfiprintf_r
                0x0000000000002780                _vfprintf_r
 .text._printf_common
                0x00000000000029ec       0xda /Volumes/data/janos/Develop/RIOT/gcc/bin/../lib/gcc/arm-none-eabi/8.2.1/../../../../arm-none-eabi/lib/thumb/v6-m/nofp/libc_nano.a(lib_a-nano-vfprintf_i.o)
                0x00000000000029ec                _printf_common
 *fill*         0x0000000000002ac6        0x2 
 .text._printf_i
                0x0000000000002ac8      0x214 /Volumes/data/janos/Develop/RIOT/gcc/bin/../lib/gcc/arm-none-eabi/8.2.1/../../../../arm-none-eabi/lib/thumb/v6-m/nofp/libc_nano.a(lib_a-nano-vfprintf_i.o)
                0x0000000000002ac8                _printf_i
 .text._putc_r  0x0000000000002cdc       0x94 /Volumes/data/janos/Develop/RIOT/gcc/bin/../lib/gcc/arm-none-eabi/8.2.1/../../../../arm-none-eabi/lib/thumb/v6-m/nofp/libc_nano.a(lib_a-putc.o)
                0x0000000000002cdc                _putc_r
 .text.__srget_r
                0x0000000000002d70       0x60 /Volumes/data/janos/Develop/RIOT/gcc/bin/../lib/gcc/arm-none-eabi/8.2.1/../../../../arm-none-eabi/lib/thumb/v6-m/nofp/libc_nano.a(lib_a-rget.o)
                0x0000000000002d70                __srget_r
 .text.memchr   0x0000000000002dd0       0x16 /Volumes/data/janos/Develop/RIOT/gcc/bin/../lib/gcc/arm-none-eabi/8.2.1/../../../../arm-none-eabi/lib/thumb/v6-m/nofp/libc_nano.a(lib_a-memchr-stub.o)
                0x0000000000002dd0                memchr
 .text.lflush   0x0000000000002de6       0x18 /Volumes/data/janos/Develop/RIOT/gcc/bin/../lib/gcc/arm-none-eabi/8.2.1/../../../../arm-none-eabi/lib/thumb/v6-m/nofp/libc_nano.a(lib_a-refill.o)
 *fill*         0x0000000000002dfe        0x2 
 .text.__srefill_r
                0x0000000000002e00      0x124 /Volumes/data/janos/Develop/RIOT/gcc/bin/../lib/gcc/arm-none-eabi/8.2.1/../../../../arm-none-eabi/lib/thumb/v6-m/nofp/libc_nano.a(lib_a-refill.o)
                0x0000000000002e00                __srefill_r
 *(.glue_7t)
 .glue_7t       0x0000000000002f24        0x0 linker stubs
 *(.glue_7)
 .glue_7        0x0000000000002f24        0x0 linker stubs
 *(.rodata .rodata* .gnu.linkonce.r.*)
 .rodata.MultiplyDeBruijnBitPosition
                0x0000000000002f24       0x20 /Volumes/data/janos/Develop/RIOT/Projects/Bike2Bike/test/flashing/bin/airfy-beacon/core.a(bitarithm.o)
                0x0000000000002f24                MultiplyDeBruijnBitPosition
 .rodata.dummy_handler_default.str1.1
                0x0000000000002f44        0xe /Volumes/data/janos/Develop/RIOT/Projects/Bike2Bike/test/flashing/bin/airfy-beacon/cortexm_common.a(vectors_cortexm.o)
 .rodata.hard_fault_handler.str1.1
                0x0000000000002f52      0x18b /Volumes/data/janos/Develop/RIOT/Projects/Bike2Bike/test/flashing/bin/airfy-beacon/cortexm_common.a(vectors_cortexm.o)
 .rodata.nmi_default.str1.1
                0x00000000000030dd        0xc /Volumes/data/janos/Develop/RIOT/Projects/Bike2Bike/test/flashing/bin/airfy-beacon/cortexm_common.a(vectors_cortexm.o)
 .rodata.main_trampoline.str1.1
                0x00000000000030e9       0x2a /Volumes/data/janos/Develop/RIOT/Projects/Bike2Bike/test/flashing/bin/airfy-beacon/core.a(kernel_init.o)
 .rodata.str1.1
                0x0000000000003113        0xa /Volumes/data/janos/Develop/RIOT/Projects/Bike2Bike/test/flashing/bin/airfy-beacon/core.a(kernel_init.o)
 .rodata.assert_crash_message
                0x000000000000311d       0x12 /Volumes/data/janos/Develop/RIOT/Projects/Bike2Bike/test/flashing/bin/airfy-beacon/core.a(panic.o)
                0x000000000000311d                assert_crash_message
 .rodata.core_panic.str1.1
                0x000000000000312f       0x2e /Volumes/data/janos/Develop/RIOT/Projects/Bike2Bike/test/flashing/bin/airfy-beacon/core.a(panic.o)
                                         0x30 (size before relaxing)
 *fill*         0x000000000000315d        0x3 
 .rodata.timer_config
                0x0000000000003160        0x8 /Volumes/data/janos/Develop/RIOT/Projects/Bike2Bike/test/flashing/bin/airfy-beacon/nrf5x_common_periph.a(timer.o)
 .rodata        0x0000000000003168        0x2 /Volumes/data/janos/Develop/RIOT/Projects/Bike2Bike/test/flashing/bin/airfy-beacon/ps.a(ps.o)
 .rodata.ps.str1.1
                0x000000000000316a       0xfd /Volumes/data/janos/Develop/RIOT/Projects/Bike2Bike/test/flashing/bin/airfy-beacon/ps.a(ps.o)
 *fill*         0x0000000000003267        0x1 
 .rodata.state_names
                0x0000000000003268       0x30 /Volumes/data/janos/Develop/RIOT/Projects/Bike2Bike/test/flashing/bin/airfy-beacon/ps.a(ps.o)
 .rodata.str1.1
                0x0000000000003298       0x63 /Volumes/data/janos/Develop/RIOT/Projects/Bike2Bike/test/flashing/bin/airfy-beacon/ps.a(ps.o)
 .rodata.bluetooth_print_settings.str1.1
                0x00000000000032fb       0xc7 /Volumes/data/janos/Develop/RIOT/Projects/Bike2Bike/test/flashing/bin/airfy-beacon/application_Bike2Bike.a(main.o)
 .rodata.bluetooth_start.str1.1
                0x00000000000033c2       0x11 /Volumes/data/janos/Develop/RIOT/Projects/Bike2Bike/test/flashing/bin/airfy-beacon/application_Bike2Bike.a(main.o)
 .rodata.bluetooth_thread.str1.1
                0x00000000000033d3       0x33 /Volumes/data/janos/Develop/RIOT/Projects/Bike2Bike/test/flashing/bin/airfy-beacon/application_Bike2Bike.a(main.o)
 *fill*         0x0000000000003406        0x2 
 .rodata.commands
                0x0000000000003408       0x30 /Volumes/data/janos/Develop/RIOT/Projects/Bike2Bike/test/flashing/bin/airfy-beacon/application_Bike2Bike.a(main.o)
 .rodata.event_1.str1.1
                0x0000000000003438        0xe /Volumes/data/janos/Develop/RIOT/Projects/Bike2Bike/test/flashing/bin/airfy-beacon/application_Bike2Bike.a(main.o)
 .rodata.main.str1.1
                0x0000000000003446       0x20 /Volumes/data/janos/Develop/RIOT/Projects/Bike2Bike/test/flashing/bin/airfy-beacon/application_Bike2Bike.a(main.o)
 .rodata.str1.1
                0x0000000000003466       0x42 /Volumes/data/janos/Develop/RIOT/Projects/Bike2Bike/test/flashing/bin/airfy-beacon/application_Bike2Bike.a(main.o)
                                         0x44 (size before relaxing)
 .rodata.timer_stuff.str1.1
                0x00000000000034a8        0xd /Volumes/data/janos/Develop/RIOT/Projects/Bike2Bike/test/flashing/bin/airfy-beacon/application_Bike2Bike.a(main.o)
 .rodata.timer_thread.str1.1
                0x00000000000034b5       0x15 /Volumes/data/janos/Develop/RIOT/Projects/Bike2Bike/test/flashing/bin/airfy-beacon/application_Bike2Bike.a(main.o)
 .rodata._ble_chan_map
                0x00000000000034ca       0x28 /Volumes/data/janos/Develop/RIOT/Projects/Bike2Bike/test/flashing/bin/airfy-beacon/nrfble.a(nrfble.o)
 .rodata._nrfble_init.str1.1
                0x00000000000034f2       0x10 /Volumes/data/janos/Develop/RIOT/Projects/Bike2Bike/test/flashing/bin/airfy-beacon/nrfble.a(nrfble.o)
 *fill*         0x0000000000003502        0x2 
 .rodata.netdev_driver
                0x0000000000003504       0x18 /Volumes/data/janos/Develop/RIOT/Projects/Bike2Bike/test/flashing/bin/airfy-beacon/nrfble.a(nrfble.o)
 .rodata.shell_run.str1.1
                0x000000000000351c       0x82 /Volumes/data/janos/Develop/RIOT/Projects/Bike2Bike/test/flashing/bin/airfy-beacon/shell.a(shell.o)
 *fill*         0x000000000000359e        0x2 
 .rodata._shell_command_list
                0x00000000000035a0       0x24 /Volumes/data/janos/Develop/RIOT/Projects/Bike2Bike/test/flashing/bin/airfy-beacon/shell_commands.a(shell_commands.o)
                0x00000000000035a0                _shell_command_list
 .rodata.str1.1
                0x00000000000035c4       0x44 /Volumes/data/janos/Develop/RIOT/Projects/Bike2Bike/test/flashing/bin/airfy-beacon/shell_commands.a(shell_commands.o)
 .rodata.__sf_fake_stderr
                0x0000000000003608       0x20 /Volumes/data/janos/Develop/RIOT/gcc/bin/../lib/gcc/arm-none-eabi/8.2.1/../../../../arm-none-eabi/lib/thumb/v6-m/nofp/libc_nano.a(lib_a-findfp.o)
                0x0000000000003608                __sf_fake_stderr
 .rodata.__sf_fake_stdin
                0x0000000000003628       0x20 /Volumes/data/janos/Develop/RIOT/gcc/bin/../lib/gcc/arm-none-eabi/8.2.1/../../../../arm-none-eabi/lib/thumb/v6-m/nofp/libc_nano.a(lib_a-findfp.o)
                0x0000000000003628                __sf_fake_stdin
 .rodata.__sf_fake_stdout
                0x0000000000003648       0x20 /Volumes/data/janos/Develop/RIOT/gcc/bin/../lib/gcc/arm-none-eabi/8.2.1/../../../../arm-none-eabi/lib/thumb/v6-m/nofp/libc_nano.a(lib_a-findfp.o)
                0x0000000000003648                __sf_fake_stdout
 .rodata._global_impure_ptr
                0x0000000000003668        0x4 /Volumes/data/janos/Develop/RIOT/gcc/bin/../lib/gcc/arm-none-eabi/8.2.1/../../../../arm-none-eabi/lib/thumb/v6-m/nofp/libc_nano.a(lib_a-impure.o)
                0x0000000000003668                _global_impure_ptr
 .rodata._vfprintf_r.str1.1
                0x000000000000366c       0x11 /Volumes/data/janos/Develop/RIOT/gcc/bin/../lib/gcc/arm-none-eabi/8.2.1/../../../../arm-none-eabi/lib/thumb/v6-m/nofp/libc_nano.a(lib_a-nano-vfprintf.o)
 .rodata._printf_i.str1.1
                0x000000000000367d       0x22 /Volumes/data/janos/Develop/RIOT/gcc/bin/../lib/gcc/arm-none-eabi/8.2.1/../../../../arm-none-eabi/lib/thumb/v6-m/nofp/libc_nano.a(lib_a-nano-vfprintf_i.o)
 *(.ARM.extab* .gnu.linkonce.armextab.*)
                0x00000000000036a0                . = ALIGN (0x4)
 *fill*         0x000000000000369f        0x1 
 *(.init)
                0x00000000000036a0                . = ALIGN (0x4)
                0x00000000000036a0                __preinit_array_start = .
 *(.preinit_array)
                0x00000000000036a0                __preinit_array_end = .
                0x00000000000036a0                . = ALIGN (0x4)
                0x00000000000036a0                __init_array_start = .
 *(SORT_BY_NAME(.init_array.*))
 *(.init_array)
                0x00000000000036a0                __init_array_end = .
                0x00000000000036a0                . = ALIGN (0x4)
 *crtbegin.o(.ctors)
 *(EXCLUDE_FILE(*crtend.o) .ctors)
 *(SORT_BY_NAME(.ctors.*))
 *crtend.o(.ctors)
                0x00000000000036a0                . = ALIGN (0x4)
 *(.fini)
                0x00000000000036a0                . = ALIGN (0x4)
                0x00000000000036a0                __fini_array_start = .
 *(.fini_array)
 *(SORT_BY_NAME(.fini_array.*))
                0x00000000000036a0                __fini_array_end = .
 *crtbegin.o(.dtors)
 *(EXCLUDE_FILE(*crtend.o) .dtors)
 *(SORT_BY_NAME(.dtors.*))
 *crtend.o(.dtors)
                0x00000000000036a0                . = ALIGN (0x4)
                0x00000000000036a0                _efixed = .
                [!provide]                        PROVIDE (__exidx_start = .)

.vfp11_veneer   0x00000000000036a0        0x0
 .vfp11_veneer  0x00000000000036a0        0x0 linker stubs

.v4_bx          0x00000000000036a0        0x0
 .v4_bx         0x00000000000036a0        0x0 linker stubs

.iplt           0x00000000000036a0        0x0
 .iplt          0x00000000000036a0        0x0 /Volumes/data/janos/Develop/RIOT/Projects/Bike2Bike/test/flashing/bin/airfy-beacon/cpu/vectors.o

.igot.plt       0x00000000000036a0        0x0
 .igot.plt      0x00000000000036a0        0x0 /Volumes/data/janos/Develop/RIOT/Projects/Bike2Bike/test/flashing/bin/airfy-beacon/cpu/vectors.o

.rel.dyn        0x00000000000036a0        0x0
 .rel.iplt      0x00000000000036a0        0x0 /Volumes/data/janos/Develop/RIOT/Projects/Bike2Bike/test/flashing/bin/airfy-beacon/cpu/vectors.o

.ARM.exidx
 *(.ARM.exidx* .gnu.linkonce.armexidx.*)
                [!provide]                        PROVIDE (__exidx_end = .)
                0x00000000000036a0                . = ALIGN (0x4)

.eh_frame
 *(.eh_frame)
                0x00000000000036a0                . = ALIGN (0x4)
                0x00000000000036a0                _etext = .

.stack          0x0000000020000000      0x200
 *(.puf)
                0x0000000020000000                . = ALIGN (0x8)
                0x0000000020000000                _sstack = .
 *(.isr_stack)
 .isr_stack     0x0000000020000000      0x200 /Volumes/data/janos/Develop/RIOT/Projects/Bike2Bike/test/flashing/bin/airfy-beacon/cortexm_common.a(vectors_cortexm.o)
                0x0000000020000000                isr_stack
                0x0000000020000200                . = ALIGN (0x8)
                0x0000000020000200                _estack = .

.relocate       0x0000000020000200       0x88 load address 0x00000000000036a0
                0x0000000020000200                . = ALIGN (0x4)
                0x0000000020000200                _srelocate = .
 *(.ramfunc .ramfunc.*)
 *(.data .data.*)
 .data.heap_top
                0x0000000020000200        0x4 /Volumes/data/janos/Develop/RIOT/Projects/Bike2Bike/test/flashing/bin/airfy-beacon/newlib_syscalls_default/syscalls.o
                0x0000000020000200                heap_top
 .data.stdio_uart_isrpipe
                0x0000000020000204       0x14 /Volumes/data/janos/Develop/RIOT/Projects/Bike2Bike/test/flashing/bin/airfy-beacon/stdio_uart.a(stdio_uart.o)
                0x0000000020000204                stdio_uart_isrpipe
 .data.idle_name
                0x0000000020000218        0x4 /Volumes/data/janos/Develop/RIOT/Projects/Bike2Bike/test/flashing/bin/airfy-beacon/core.a(kernel_init.o)
                0x0000000020000218                idle_name
 .data.main_name
                0x000000002000021c        0x4 /Volumes/data/janos/Develop/RIOT/Projects/Bike2Bike/test/flashing/bin/airfy-beacon/core.a(kernel_init.o)
                0x000000002000021c                main_name
 .data._impure_ptr
                0x0000000020000220        0x4 /Volumes/data/janos/Develop/RIOT/gcc/bin/../lib/gcc/arm-none-eabi/8.2.1/../../../../arm-none-eabi/lib/thumb/v6-m/nofp/libc_nano.a(lib_a-impure.o)
                0x0000000020000220                _impure_ptr
 .data.impure_data
                0x0000000020000224       0x60 /Volumes/data/janos/Develop/RIOT/gcc/bin/../lib/gcc/arm-none-eabi/8.2.1/../../../../arm-none-eabi/lib/thumb/v6-m/nofp/libc_nano.a(lib_a-impure.o)
 *(.openocd .openocd.*)
 .openocd       0x0000000020000284        0x2 /Volumes/data/janos/Develop/RIOT/Projects/Bike2Bike/test/flashing/bin/airfy-beacon/core.a(sched.o)
                0x0000000020000284                _tcb_name_offset
                0x0000000020000285                max_threads
                0x0000000020000288                . = ALIGN (0x4)
 *fill*         0x0000000020000286        0x2 
                0x0000000020000288                _erelocate = .

.bss            0x0000000020000288      0xe7c load address 0x0000000000003728
                0x0000000020000288                . = ALIGN (0x4)
                0x0000000020000288                _sbss = .
                0x0000000020000288                _szero = .
 *(.bss .bss.*)
 .bss.runqueue_bitcache
                0x0000000020000288        0x4 /Volumes/data/janos/Develop/RIOT/Projects/Bike2Bike/test/flashing/bin/airfy-beacon/core.a(sched.o)
 .bss.sched_active_pid
                0x000000002000028c        0x2 /Volumes/data/janos/Develop/RIOT/Projects/Bike2Bike/test/flashing/bin/airfy-beacon/core.a(sched.o)
                0x000000002000028c                sched_active_pid
 *fill*         0x000000002000028e        0x2 
 .bss.sched_active_thread
                0x0000000020000290        0x4 /Volumes/data/janos/Develop/RIOT/Projects/Bike2Bike/test/flashing/bin/airfy-beacon/core.a(sched.o)
                0x0000000020000290                sched_active_thread
 .bss.sched_context_switch_request
                0x0000000020000294        0x4 /Volumes/data/janos/Develop/RIOT/Projects/Bike2Bike/test/flashing/bin/airfy-beacon/core.a(sched.o)
                0x0000000020000294                sched_context_switch_request
 .bss.sched_num_threads
                0x0000000020000298        0x4 /Volumes/data/janos/Develop/RIOT/Projects/Bike2Bike/test/flashing/bin/airfy-beacon/core.a(sched.o)
                0x0000000020000298                sched_num_threads
 .bss.sched_runqueues
                0x000000002000029c       0x40 /Volumes/data/janos/Develop/RIOT/Projects/Bike2Bike/test/flashing/bin/airfy-beacon/core.a(sched.o)
                0x000000002000029c                sched_runqueues
 .bss.sched_threads
                0x00000000200002dc       0x84 /Volumes/data/janos/Develop/RIOT/Projects/Bike2Bike/test/flashing/bin/airfy-beacon/core.a(sched.o)
                0x00000000200002dc                sched_threads
 .bss._rx_buf_mem
                0x0000000020000360       0x40 /Volumes/data/janos/Develop/RIOT/Projects/Bike2Bike/test/flashing/bin/airfy-beacon/stdio_uart.a(stdio_uart.o)
 .bss._in_handler
                0x00000000200003a0        0x4 /Volumes/data/janos/Develop/RIOT/Projects/Bike2Bike/test/flashing/bin/airfy-beacon/xtimer.a(xtimer_core.o)
 .bss._long_cnt
                0x00000000200003a4        0x4 /Volumes/data/janos/Develop/RIOT/Projects/Bike2Bike/test/flashing/bin/airfy-beacon/xtimer.a(xtimer_core.o)
 .bss._xtimer_high_cnt
                0x00000000200003a8        0x4 /Volumes/data/janos/Develop/RIOT/Projects/Bike2Bike/test/flashing/bin/airfy-beacon/xtimer.a(xtimer_core.o)
                0x00000000200003a8                _xtimer_high_cnt
 .bss.long_list_head
                0x00000000200003ac        0x4 /Volumes/data/janos/Develop/RIOT/Projects/Bike2Bike/test/flashing/bin/airfy-beacon/xtimer.a(xtimer_core.o)
 .bss.overflow_list_head
                0x00000000200003b0        0x4 /Volumes/data/janos/Develop/RIOT/Projects/Bike2Bike/test/flashing/bin/airfy-beacon/xtimer.a(xtimer_core.o)
 .bss.timer_list_head
                0x00000000200003b4        0x4 /Volumes/data/janos/Develop/RIOT/Projects/Bike2Bike/test/flashing/bin/airfy-beacon/xtimer.a(xtimer_core.o)
 .bss.idle_stack
                0x00000000200003b8      0x100 /Volumes/data/janos/Develop/RIOT/Projects/Bike2Bike/test/flashing/bin/airfy-beacon/core.a(kernel_init.o)
 .bss.main_stack
                0x00000000200004b8      0x600 /Volumes/data/janos/Develop/RIOT/Projects/Bike2Bike/test/flashing/bin/airfy-beacon/core.a(kernel_init.o)
 .bss.crashed   0x0000000020000ab8        0x4 /Volumes/data/janos/Develop/RIOT/Projects/Bike2Bike/test/flashing/bin/airfy-beacon/core.a(panic.o)
 .bss.ctx       0x0000000020000abc        0xc /Volumes/data/janos/Develop/RIOT/Projects/Bike2Bike/test/flashing/bin/airfy-beacon/nrf5x_common_periph.a(timer.o)
 .bss.isr_ctx   0x0000000020000ac8        0x8 /Volumes/data/janos/Develop/RIOT/Projects/Bike2Bike/test/flashing/bin/airfy-beacon/nrf5x_common_periph.a(uart.o)
 .bss.netdev    0x0000000020000ad0        0xc /Volumes/data/janos/Develop/RIOT/Projects/Bike2Bike/test/flashing/bin/airfy-beacon/application_Bike2Bike.a(main.o)
                0x0000000020000ad0                netdev
 .bss.stack     0x0000000020000adc      0x600 /Volumes/data/janos/Develop/RIOT/Projects/Bike2Bike/test/flashing/bin/airfy-beacon/application_Bike2Bike.a(main.o)
                0x0000000020000adc                stack
 .bss._ctx      0x00000000200010dc        0x4 /Volumes/data/janos/Develop/RIOT/Projects/Bike2Bike/test/flashing/bin/airfy-beacon/nrfble.a(nrfble.o)
 .bss._nrfble_dev
                0x00000000200010e0        0xc /Volumes/data/janos/Develop/RIOT/Projects/Bike2Bike/test/flashing/bin/airfy-beacon/nrfble.a(nrfble.o)
                0x00000000200010e0                _nrfble_dev
 .bss._state    0x00000000200010ec        0x1 /Volumes/data/janos/Develop/RIOT/Projects/Bike2Bike/test/flashing/bin/airfy-beacon/nrfble.a(nrfble.o)
 *fill*         0x00000000200010ed        0x3 
 .bss.__malloc_free_list
                0x00000000200010f0        0x4 /Volumes/data/janos/Develop/RIOT/gcc/bin/../lib/gcc/arm-none-eabi/8.2.1/../../../../arm-none-eabi/lib/thumb/v6-m/nofp/libc_nano.a(lib_a-nano-mallocr.o)
                0x00000000200010f0                __malloc_free_list
 .bss.__malloc_sbrk_start
                0x00000000200010f4        0x4 /Volumes/data/janos/Develop/RIOT/gcc/bin/../lib/gcc/arm-none-eabi/8.2.1/../../../../arm-none-eabi/lib/thumb/v6-m/nofp/libc_nano.a(lib_a-nano-mallocr.o)
                0x00000000200010f4                __malloc_sbrk_start
 *(COMMON)
 COMMON         0x00000000200010f8        0x9 /Volumes/data/janos/Develop/RIOT/gcc/bin/../lib/gcc/arm-none-eabi/8.2.1/../../../../arm-none-eabi/lib/thumb/v6-m/nofp/libc_nano.a(lib_a-lock.o)
                0x00000000200010f8                __lock___atexit_recursive_mutex
                0x00000000200010f9                __lock___arc4random_mutex
                0x00000000200010fa                __lock___env_recursive_mutex
                0x00000000200010fb                __lock___sinit_recursive_mutex
                0x00000000200010fc                __lock___malloc_recursive_mutex
                0x00000000200010fd                __lock___at_quick_exit_mutex
                0x00000000200010fe                __lock___dd_hash_mutex
                0x00000000200010ff                __lock___tz_mutex
                0x0000000020001100                __lock___sfp_recursive_mutex
                0x0000000020001104                . = ALIGN (0x4)
 *fill*         0x0000000020001101        0x3 
                0x0000000020001104                _ebss = .
                0x0000000020001104                _ezero = .
                0x0000000020001104                . = ALIGN (0x4)
                0x0000000020001104                _sheap = .
                0x0000000020004000                _eheap = (ORIGIN (ram) + LENGTH (ram))
                0x0000000020000000                _sram = ORIGIN (ram)
                0x0000000020004000                _eram = (ORIGIN (ram) + LENGTH (ram))
OUTPUT(/Volumes/data/janos/Develop/RIOT/Projects/Bike2Bike/test/flashing/bin/airfy-beacon/Bike2Bike.elf elf32-littlearm)

.debug_info     0x0000000000000000    0x266b7
 .debug_info    0x0000000000000000      0xf54 /Volumes/data/janos/Develop/RIOT/Projects/Bike2Bike/test/flashing/bin/airfy-beacon/cpu/vectors.o
 .debug_info    0x0000000000000f54     0x2096 /Volumes/data/janos/Develop/RIOT/Projects/Bike2Bike/test/flashing/bin/airfy-beacon/newlib_syscalls_default/syscalls.o
 .debug_info    0x0000000000002fea      0xf61 /Volumes/data/janos/Develop/RIOT/Projects/Bike2Bike/test/flashing/bin/airfy-beacon/core.a(sched.o)
 .debug_info    0x0000000000003f4b      0x9e4 /Volumes/data/janos/Develop/RIOT/Projects/Bike2Bike/test/flashing/bin/airfy-beacon/core.a(bitarithm.o)
 .debug_info    0x000000000000492f     0x100d /Volumes/data/janos/Develop/RIOT/Projects/Bike2Bike/test/flashing/bin/airfy-beacon/cortexm_common.a(thread_arch.o)
 .debug_info    0x000000000000593c     0x11fa /Volumes/data/janos/Develop/RIOT/Projects/Bike2Bike/test/flashing/bin/airfy-beacon/cortexm_common.a(vectors_cortexm.o)
 .debug_info    0x0000000000006b36      0xde3 /Volumes/data/janos/Develop/RIOT/Projects/Bike2Bike/test/flashing/bin/airfy-beacon/cortexm_common.a(irq_arch.o)
 .debug_info    0x0000000000007919      0xef0 /Volumes/data/janos/Develop/RIOT/Projects/Bike2Bike/test/flashing/bin/airfy-beacon/nrf5x_common_periph.a(pm.o)
 .debug_info    0x0000000000008809     0x17a5 /Volumes/data/janos/Develop/RIOT/Projects/Bike2Bike/test/flashing/bin/airfy-beacon/stdio_uart.a(stdio_uart.o)
 .debug_info    0x0000000000009fae     0x251d /Volumes/data/janos/Develop/RIOT/Projects/Bike2Bike/test/flashing/bin/airfy-beacon/xtimer.a(xtimer_core.o)
 .debug_info    0x000000000000c4cb      0xc41 /Volumes/data/janos/Develop/RIOT/Projects/Bike2Bike/test/flashing/bin/airfy-beacon/boards_common_nrf51.a(board.o)
 .debug_info    0x000000000000d10c      0xe5e /Volumes/data/janos/Develop/RIOT/Projects/Bike2Bike/test/flashing/bin/airfy-beacon/core.a(kernel_init.o)
 .debug_info    0x000000000000df6a      0xe0b /Volumes/data/janos/Develop/RIOT/Projects/Bike2Bike/test/flashing/bin/airfy-beacon/core.a(panic.o)
 .debug_info    0x000000000000ed75     0x1373 /Volumes/data/janos/Develop/RIOT/Projects/Bike2Bike/test/flashing/bin/airfy-beacon/core.a(thread.o)
 .debug_info    0x00000000000100e8      0xde5 /Volumes/data/janos/Develop/RIOT/Projects/Bike2Bike/test/flashing/bin/airfy-beacon/cortexm_common_periph.a(pm.o)
 .debug_info    0x0000000000010ecd     0x156d /Volumes/data/janos/Develop/RIOT/Projects/Bike2Bike/test/flashing/bin/airfy-beacon/cpu.a(cpu.o)
 .debug_info    0x000000000001243a     0x17aa /Volumes/data/janos/Develop/RIOT/Projects/Bike2Bike/test/flashing/bin/airfy-beacon/cpu_common.a(clock.o)
 .debug_info    0x0000000000013be4      0x473 /Volumes/data/janos/Develop/RIOT/Projects/Bike2Bike/test/flashing/bin/airfy-beacon/isrpipe.a(isrpipe.o)
 .debug_info    0x0000000000014057     0x1ade /Volumes/data/janos/Develop/RIOT/Projects/Bike2Bike/test/flashing/bin/airfy-beacon/nrf5x_common_periph.a(timer.o)
 .debug_info    0x0000000000015b35     0x1d37 /Volumes/data/janos/Develop/RIOT/Projects/Bike2Bike/test/flashing/bin/airfy-beacon/nrf5x_common_periph.a(uart.o)
 .debug_info    0x000000000001786c     0x185e /Volumes/data/janos/Develop/RIOT/Projects/Bike2Bike/test/flashing/bin/airfy-beacon/nrf5x_common_periph.a(gpio.o)
 .debug_info    0x00000000000190ca      0xecc /Volumes/data/janos/Develop/RIOT/Projects/Bike2Bike/test/flashing/bin/airfy-beacon/ps.a(ps.o)
 .debug_info    0x0000000000019f96      0x438 /Volumes/data/janos/Develop/RIOT/Projects/Bike2Bike/test/flashing/bin/airfy-beacon/tsrb.a(tsrb.o)
 .debug_info    0x000000000001a3ce       0x3c /Volumes/data/janos/Develop/RIOT/Projects/Bike2Bike/test/flashing/bin/airfy-beacon/periph_common.a(init.o)
 .debug_info    0x000000000001a40a     0x2197 /Volumes/data/janos/Develop/RIOT/Projects/Bike2Bike/test/flashing/bin/airfy-beacon/application_Bike2Bike.a(main.o)
 .debug_info    0x000000000001c5a1     0x154f /Volumes/data/janos/Develop/RIOT/Projects/Bike2Bike/test/flashing/bin/airfy-beacon/auto_init.a(auto_init.o)
 .debug_info    0x000000000001daf0      0xfcd /Volumes/data/janos/Develop/RIOT/Projects/Bike2Bike/test/flashing/bin/airfy-beacon/core.a(mutex.o)
 .debug_info    0x000000000001eabd     0x1032 /Volumes/data/janos/Develop/RIOT/Projects/Bike2Bike/test/flashing/bin/airfy-beacon/cortexm_common.a(cortexm_init.o)
 .debug_info    0x000000000001faef     0x1e57 /Volumes/data/janos/Develop/RIOT/Projects/Bike2Bike/test/flashing/bin/airfy-beacon/nrfble.a(nrfble.o)
 .debug_info    0x0000000000021946     0x1169 /Volumes/data/janos/Develop/RIOT/Projects/Bike2Bike/test/flashing/bin/airfy-beacon/shell.a(shell.o)
 .debug_info    0x0000000000022aaf      0x9a6 /Volumes/data/janos/Develop/RIOT/Projects/Bike2Bike/test/flashing/bin/airfy-beacon/shell_commands.a(shell_commands.o)
 .debug_info    0x0000000000023455      0xc73 /Volumes/data/janos/Develop/RIOT/Projects/Bike2Bike/test/flashing/bin/airfy-beacon/shell_commands.a(sc_sys.o)
 .debug_info    0x00000000000240c8       0x9a /Volumes/data/janos/Develop/RIOT/Projects/Bike2Bike/test/flashing/bin/airfy-beacon/shell_commands.a(sc_ps.o)
 .debug_info    0x0000000000024162     0x2555 /Volumes/data/janos/Develop/RIOT/Projects/Bike2Bike/test/flashing/bin/airfy-beacon/xtimer.a(xtimer.o)

.debug_abbrev   0x0000000000000000     0x61d8
 .debug_abbrev  0x0000000000000000      0x230 /Volumes/data/janos/Develop/RIOT/Projects/Bike2Bike/test/flashing/bin/airfy-beacon/cpu/vectors.o
 .debug_abbrev  0x0000000000000230      0x4d2 /Volumes/data/janos/Develop/RIOT/Projects/Bike2Bike/test/flashing/bin/airfy-beacon/newlib_syscalls_default/syscalls.o
 .debug_abbrev  0x0000000000000702      0x37e /Volumes/data/janos/Develop/RIOT/Projects/Bike2Bike/test/flashing/bin/airfy-beacon/core.a(sched.o)
 .debug_abbrev  0x0000000000000a80      0x1f0 /Volumes/data/janos/Develop/RIOT/Projects/Bike2Bike/test/flashing/bin/airfy-beacon/core.a(bitarithm.o)
 .debug_abbrev  0x0000000000000c70      0x374 /Volumes/data/janos/Develop/RIOT/Projects/Bike2Bike/test/flashing/bin/airfy-beacon/cortexm_common.a(thread_arch.o)
 .debug_abbrev  0x0000000000000fe4      0x3f0 /Volumes/data/janos/Develop/RIOT/Projects/Bike2Bike/test/flashing/bin/airfy-beacon/cortexm_common.a(vectors_cortexm.o)
 .debug_abbrev  0x00000000000013d4      0x2f0 /Volumes/data/janos/Develop/RIOT/Projects/Bike2Bike/test/flashing/bin/airfy-beacon/cortexm_common.a(irq_arch.o)
 .debug_abbrev  0x00000000000016c4      0x1e3 /Volumes/data/janos/Develop/RIOT/Projects/Bike2Bike/test/flashing/bin/airfy-beacon/nrf5x_common_periph.a(pm.o)
 .debug_abbrev  0x00000000000018a7      0x2ba /Volumes/data/janos/Develop/RIOT/Projects/Bike2Bike/test/flashing/bin/airfy-beacon/stdio_uart.a(stdio_uart.o)
 .debug_abbrev  0x0000000000001b61      0x653 /Volumes/data/janos/Develop/RIOT/Projects/Bike2Bike/test/flashing/bin/airfy-beacon/xtimer.a(xtimer_core.o)
 .debug_abbrev  0x00000000000021b4      0x1eb /Volumes/data/janos/Develop/RIOT/Projects/Bike2Bike/test/flashing/bin/airfy-beacon/boards_common_nrf51.a(board.o)
 .debug_abbrev  0x000000000000239f      0x274 /Volumes/data/janos/Develop/RIOT/Projects/Bike2Bike/test/flashing/bin/airfy-beacon/core.a(kernel_init.o)
 .debug_abbrev  0x0000000000002613      0x2c2 /Volumes/data/janos/Develop/RIOT/Projects/Bike2Bike/test/flashing/bin/airfy-beacon/core.a(panic.o)
 .debug_abbrev  0x00000000000028d5      0x392 /Volumes/data/janos/Develop/RIOT/Projects/Bike2Bike/test/flashing/bin/airfy-beacon/core.a(thread.o)
 .debug_abbrev  0x0000000000002c67      0x2c5 /Volumes/data/janos/Develop/RIOT/Projects/Bike2Bike/test/flashing/bin/airfy-beacon/cortexm_common_periph.a(pm.o)
 .debug_abbrev  0x0000000000002f2c      0x23f /Volumes/data/janos/Develop/RIOT/Projects/Bike2Bike/test/flashing/bin/airfy-beacon/cpu.a(cpu.o)
 .debug_abbrev  0x000000000000316b      0x22e /Volumes/data/janos/Develop/RIOT/Projects/Bike2Bike/test/flashing/bin/airfy-beacon/cpu_common.a(clock.o)
 .debug_abbrev  0x0000000000003399      0x200 /Volumes/data/janos/Develop/RIOT/Projects/Bike2Bike/test/flashing/bin/airfy-beacon/isrpipe.a(isrpipe.o)
 .debug_abbrev  0x0000000000003599      0x3c9 /Volumes/data/janos/Develop/RIOT/Projects/Bike2Bike/test/flashing/bin/airfy-beacon/nrf5x_common_periph.a(timer.o)
 .debug_abbrev  0x0000000000003962      0x3fd /Volumes/data/janos/Develop/RIOT/Projects/Bike2Bike/test/flashing/bin/airfy-beacon/nrf5x_common_periph.a(uart.o)
 .debug_abbrev  0x0000000000003d5f      0x2cf /Volumes/data/janos/Develop/RIOT/Projects/Bike2Bike/test/flashing/bin/airfy-beacon/nrf5x_common_periph.a(gpio.o)
 .debug_abbrev  0x000000000000402e      0x28f /Volumes/data/janos/Develop/RIOT/Projects/Bike2Bike/test/flashing/bin/airfy-beacon/ps.a(ps.o)
 .debug_abbrev  0x00000000000042bd      0x1c9 /Volumes/data/janos/Develop/RIOT/Projects/Bike2Bike/test/flashing/bin/airfy-beacon/tsrb.a(tsrb.o)
 .debug_abbrev  0x0000000000004486       0x31 /Volumes/data/janos/Develop/RIOT/Projects/Bike2Bike/test/flashing/bin/airfy-beacon/periph_common.a(init.o)
 .debug_abbrev  0x00000000000044b7      0x472 /Volumes/data/janos/Develop/RIOT/Projects/Bike2Bike/test/flashing/bin/airfy-beacon/application_Bike2Bike.a(main.o)
 .debug_abbrev  0x0000000000004929      0x23f /Volumes/data/janos/Develop/RIOT/Projects/Bike2Bike/test/flashing/bin/airfy-beacon/auto_init.a(auto_init.o)
 .debug_abbrev  0x0000000000004b68      0x2ed /Volumes/data/janos/Develop/RIOT/Projects/Bike2Bike/test/flashing/bin/airfy-beacon/core.a(mutex.o)
 .debug_abbrev  0x0000000000004e55      0x2fa /Volumes/data/janos/Develop/RIOT/Projects/Bike2Bike/test/flashing/bin/airfy-beacon/cortexm_common.a(cortexm_init.o)
 .debug_abbrev  0x000000000000514f      0x3f4 /Volumes/data/janos/Develop/RIOT/Projects/Bike2Bike/test/flashing/bin/airfy-beacon/nrfble.a(nrfble.o)
 .debug_abbrev  0x0000000000005543      0x3c5 /Volumes/data/janos/Develop/RIOT/Projects/Bike2Bike/test/flashing/bin/airfy-beacon/shell.a(shell.o)
 .debug_abbrev  0x0000000000005908      0x18a /Volumes/data/janos/Develop/RIOT/Projects/Bike2Bike/test/flashing/bin/airfy-beacon/shell_commands.a(shell_commands.o)
 .debug_abbrev  0x0000000000005a92      0x201 /Volumes/data/janos/Develop/RIOT/Projects/Bike2Bike/test/flashing/bin/airfy-beacon/shell_commands.a(sc_sys.o)
 .debug_abbrev  0x0000000000005c93       0x86 /Volumes/data/janos/Develop/RIOT/Projects/Bike2Bike/test/flashing/bin/airfy-beacon/shell_commands.a(sc_ps.o)
 .debug_abbrev  0x0000000000005d19      0x4bf /Volumes/data/janos/Develop/RIOT/Projects/Bike2Bike/test/flashing/bin/airfy-beacon/xtimer.a(xtimer.o)

.debug_aranges  0x0000000000000000      0x800
 .debug_aranges
                0x0000000000000000       0x28 /Volumes/data/janos/Develop/RIOT/Projects/Bike2Bike/test/flashing/bin/airfy-beacon/cpu/vectors.o
 .debug_aranges
                0x0000000000000028       0xb8 /Volumes/data/janos/Develop/RIOT/Projects/Bike2Bike/test/flashing/bin/airfy-beacon/newlib_syscalls_default/syscalls.o
 .debug_aranges
                0x00000000000000e0       0x38 /Volumes/data/janos/Develop/RIOT/Projects/Bike2Bike/test/flashing/bin/airfy-beacon/core.a(sched.o)
 .debug_aranges
                0x0000000000000118       0x28 /Volumes/data/janos/Develop/RIOT/Projects/Bike2Bike/test/flashing/bin/airfy-beacon/core.a(bitarithm.o)
 .debug_aranges
                0x0000000000000140       0x60 /Volumes/data/janos/Develop/RIOT/Projects/Bike2Bike/test/flashing/bin/airfy-beacon/cortexm_common.a(thread_arch.o)
 .debug_aranges
                0x00000000000001a0       0x48 /Volumes/data/janos/Develop/RIOT/Projects/Bike2Bike/test/flashing/bin/airfy-beacon/cortexm_common.a(vectors_cortexm.o)
 .debug_aranges
                0x00000000000001e8       0x38 /Volumes/data/janos/Develop/RIOT/Projects/Bike2Bike/test/flashing/bin/airfy-beacon/cortexm_common.a(irq_arch.o)
 .debug_aranges
                0x0000000000000220       0x20 /Volumes/data/janos/Develop/RIOT/Projects/Bike2Bike/test/flashing/bin/airfy-beacon/nrf5x_common_periph.a(pm.o)
 .debug_aranges
                0x0000000000000240       0x30 /Volumes/data/janos/Develop/RIOT/Projects/Bike2Bike/test/flashing/bin/airfy-beacon/stdio_uart.a(stdio_uart.o)
 .debug_aranges
                0x0000000000000270       0x80 /Volumes/data/janos/Develop/RIOT/Projects/Bike2Bike/test/flashing/bin/airfy-beacon/xtimer.a(xtimer_core.o)
 .debug_aranges
                0x00000000000002f0       0x20 /Volumes/data/janos/Develop/RIOT/Projects/Bike2Bike/test/flashing/bin/airfy-beacon/boards_common_nrf51.a(board.o)
 .debug_aranges
                0x0000000000000310       0x30 /Volumes/data/janos/Develop/RIOT/Projects/Bike2Bike/test/flashing/bin/airfy-beacon/core.a(kernel_init.o)
 .debug_aranges
                0x0000000000000340       0x28 /Volumes/data/janos/Develop/RIOT/Projects/Bike2Bike/test/flashing/bin/airfy-beacon/core.a(panic.o)
 .debug_aranges
                0x0000000000000368       0x60 /Volumes/data/janos/Develop/RIOT/Projects/Bike2Bike/test/flashing/bin/airfy-beacon/core.a(thread.o)
 .debug_aranges
                0x00000000000003c8       0x28 /Volumes/data/janos/Develop/RIOT/Projects/Bike2Bike/test/flashing/bin/airfy-beacon/cortexm_common_periph.a(pm.o)
 .debug_aranges
                0x00000000000003f0       0x20 /Volumes/data/janos/Develop/RIOT/Projects/Bike2Bike/test/flashing/bin/airfy-beacon/cpu.a(cpu.o)
 .debug_aranges
                0x0000000000000410       0x30 /Volumes/data/janos/Develop/RIOT/Projects/Bike2Bike/test/flashing/bin/airfy-beacon/cpu_common.a(clock.o)
 .debug_aranges
                0x0000000000000440       0x30 /Volumes/data/janos/Develop/RIOT/Projects/Bike2Bike/test/flashing/bin/airfy-beacon/isrpipe.a(isrpipe.o)
 .debug_aranges
                0x0000000000000470       0x50 /Volumes/data/janos/Develop/RIOT/Projects/Bike2Bike/test/flashing/bin/airfy-beacon/nrf5x_common_periph.a(timer.o)
 .debug_aranges
                0x00000000000004c0       0x40 /Volumes/data/janos/Develop/RIOT/Projects/Bike2Bike/test/flashing/bin/airfy-beacon/nrf5x_common_periph.a(uart.o)
 .debug_aranges
                0x0000000000000500       0x48 /Volumes/data/janos/Develop/RIOT/Projects/Bike2Bike/test/flashing/bin/airfy-beacon/nrf5x_common_periph.a(gpio.o)
 .debug_aranges
                0x0000000000000548       0x20 /Volumes/data/janos/Develop/RIOT/Projects/Bike2Bike/test/flashing/bin/airfy-beacon/ps.a(ps.o)
 .debug_aranges
                0x0000000000000568       0x48 /Volumes/data/janos/Develop/RIOT/Projects/Bike2Bike/test/flashing/bin/airfy-beacon/tsrb.a(tsrb.o)
 .debug_aranges
                0x00000000000005b0       0x20 /Volumes/data/janos/Develop/RIOT/Projects/Bike2Bike/test/flashing/bin/airfy-beacon/periph_common.a(init.o)
 .debug_aranges
                0x00000000000005d0       0x50 /Volumes/data/janos/Develop/RIOT/Projects/Bike2Bike/test/flashing/bin/airfy-beacon/application_Bike2Bike.a(main.o)
 .debug_aranges
                0x0000000000000620       0x20 /Volumes/data/janos/Develop/RIOT/Projects/Bike2Bike/test/flashing/bin/airfy-beacon/auto_init.a(auto_init.o)
 .debug_aranges
                0x0000000000000640       0x30 /Volumes/data/janos/Develop/RIOT/Projects/Bike2Bike/test/flashing/bin/airfy-beacon/core.a(mutex.o)
 .debug_aranges
                0x0000000000000670       0x20 /Volumes/data/janos/Develop/RIOT/Projects/Bike2Bike/test/flashing/bin/airfy-beacon/cortexm_common.a(cortexm_init.o)
 .debug_aranges
                0x0000000000000690       0x58 /Volumes/data/janos/Develop/RIOT/Projects/Bike2Bike/test/flashing/bin/airfy-beacon/nrfble.a(nrfble.o)
 .debug_aranges
                0x00000000000006e8       0x28 /Volumes/data/janos/Develop/RIOT/Projects/Bike2Bike/test/flashing/bin/airfy-beacon/shell.a(shell.o)
 .debug_aranges
                0x0000000000000710       0x18 /Volumes/data/janos/Develop/RIOT/Projects/Bike2Bike/test/flashing/bin/airfy-beacon/shell_commands.a(shell_commands.o)
 .debug_aranges
                0x0000000000000728       0x20 /Volumes/data/janos/Develop/RIOT/Projects/Bike2Bike/test/flashing/bin/airfy-beacon/shell_commands.a(sc_sys.o)
 .debug_aranges
                0x0000000000000748       0x20 /Volumes/data/janos/Develop/RIOT/Projects/Bike2Bike/test/flashing/bin/airfy-beacon/shell_commands.a(sc_ps.o)
 .debug_aranges
                0x0000000000000768       0x98 /Volumes/data/janos/Develop/RIOT/Projects/Bike2Bike/test/flashing/bin/airfy-beacon/xtimer.a(xtimer.o)

.debug_ranges   0x0000000000000000     0x1000
 .debug_ranges  0x0000000000000000       0x18 /Volumes/data/janos/Develop/RIOT/Projects/Bike2Bike/test/flashing/bin/airfy-beacon/cpu/vectors.o
 .debug_ranges  0x0000000000000018      0x108 /Volumes/data/janos/Develop/RIOT/Projects/Bike2Bike/test/flashing/bin/airfy-beacon/newlib_syscalls_default/syscalls.o
 .debug_ranges  0x0000000000000120       0xb0 /Volumes/data/janos/Develop/RIOT/Projects/Bike2Bike/test/flashing/bin/airfy-beacon/core.a(sched.o)
 .debug_ranges  0x00000000000001d0       0x18 /Volumes/data/janos/Develop/RIOT/Projects/Bike2Bike/test/flashing/bin/airfy-beacon/core.a(bitarithm.o)
 .debug_ranges  0x00000000000001e8       0x68 /Volumes/data/janos/Develop/RIOT/Projects/Bike2Bike/test/flashing/bin/airfy-beacon/cortexm_common.a(thread_arch.o)
 .debug_ranges  0x0000000000000250       0x58 /Volumes/data/janos/Develop/RIOT/Projects/Bike2Bike/test/flashing/bin/airfy-beacon/cortexm_common.a(vectors_cortexm.o)
 .debug_ranges  0x00000000000002a8       0x28 /Volumes/data/janos/Develop/RIOT/Projects/Bike2Bike/test/flashing/bin/airfy-beacon/cortexm_common.a(irq_arch.o)
 .debug_ranges  0x00000000000002d0       0x10 /Volumes/data/janos/Develop/RIOT/Projects/Bike2Bike/test/flashing/bin/airfy-beacon/nrf5x_common_periph.a(pm.o)
 .debug_ranges  0x00000000000002e0       0x20 /Volumes/data/janos/Develop/RIOT/Projects/Bike2Bike/test/flashing/bin/airfy-beacon/stdio_uart.a(stdio_uart.o)
 .debug_ranges  0x0000000000000300      0x288 /Volumes/data/janos/Develop/RIOT/Projects/Bike2Bike/test/flashing/bin/airfy-beacon/xtimer.a(xtimer_core.o)
 .debug_ranges  0x0000000000000588       0x10 /Volumes/data/janos/Develop/RIOT/Projects/Bike2Bike/test/flashing/bin/airfy-beacon/boards_common_nrf51.a(board.o)
 .debug_ranges  0x0000000000000598       0x20 /Volumes/data/janos/Develop/RIOT/Projects/Bike2Bike/test/flashing/bin/airfy-beacon/core.a(kernel_init.o)
 .debug_ranges  0x00000000000005b8       0x18 /Volumes/data/janos/Develop/RIOT/Projects/Bike2Bike/test/flashing/bin/airfy-beacon/core.a(panic.o)
 .debug_ranges  0x00000000000005d0       0xb8 /Volumes/data/janos/Develop/RIOT/Projects/Bike2Bike/test/flashing/bin/airfy-beacon/core.a(thread.o)
 .debug_ranges  0x0000000000000688       0x30 /Volumes/data/janos/Develop/RIOT/Projects/Bike2Bike/test/flashing/bin/airfy-beacon/cortexm_common_periph.a(pm.o)
 .debug_ranges  0x00000000000006b8       0x10 /Volumes/data/janos/Develop/RIOT/Projects/Bike2Bike/test/flashing/bin/airfy-beacon/cpu.a(cpu.o)
 .debug_ranges  0x00000000000006c8       0x20 /Volumes/data/janos/Develop/RIOT/Projects/Bike2Bike/test/flashing/bin/airfy-beacon/cpu_common.a(clock.o)
 .debug_ranges  0x00000000000006e8       0x38 /Volumes/data/janos/Develop/RIOT/Projects/Bike2Bike/test/flashing/bin/airfy-beacon/isrpipe.a(isrpipe.o)
 .debug_ranges  0x0000000000000720      0x108 /Volumes/data/janos/Develop/RIOT/Projects/Bike2Bike/test/flashing/bin/airfy-beacon/nrf5x_common_periph.a(timer.o)
 .debug_ranges  0x0000000000000828       0x68 /Volumes/data/janos/Develop/RIOT/Projects/Bike2Bike/test/flashing/bin/airfy-beacon/nrf5x_common_periph.a(uart.o)
 .debug_ranges  0x0000000000000890       0x38 /Volumes/data/janos/Develop/RIOT/Projects/Bike2Bike/test/flashing/bin/airfy-beacon/nrf5x_common_periph.a(gpio.o)
 .debug_ranges  0x00000000000008c8       0x10 /Volumes/data/janos/Develop/RIOT/Projects/Bike2Bike/test/flashing/bin/airfy-beacon/ps.a(ps.o)
 .debug_ranges  0x00000000000008d8       0x80 /Volumes/data/janos/Develop/RIOT/Projects/Bike2Bike/test/flashing/bin/airfy-beacon/tsrb.a(tsrb.o)
 .debug_ranges  0x0000000000000958       0x10 /Volumes/data/janos/Develop/RIOT/Projects/Bike2Bike/test/flashing/bin/airfy-beacon/periph_common.a(init.o)
 .debug_ranges  0x0000000000000968       0xc8 /Volumes/data/janos/Develop/RIOT/Projects/Bike2Bike/test/flashing/bin/airfy-beacon/application_Bike2Bike.a(main.o)
 .debug_ranges  0x0000000000000a30       0x10 /Volumes/data/janos/Develop/RIOT/Projects/Bike2Bike/test/flashing/bin/airfy-beacon/auto_init.a(auto_init.o)
 .debug_ranges  0x0000000000000a40       0xb0 /Volumes/data/janos/Develop/RIOT/Projects/Bike2Bike/test/flashing/bin/airfy-beacon/core.a(mutex.o)
 .debug_ranges  0x0000000000000af0       0xe8 /Volumes/data/janos/Develop/RIOT/Projects/Bike2Bike/test/flashing/bin/airfy-beacon/cortexm_common.a(cortexm_init.o)
 .debug_ranges  0x0000000000000bd8       0x80 /Volumes/data/janos/Develop/RIOT/Projects/Bike2Bike/test/flashing/bin/airfy-beacon/nrfble.a(nrfble.o)
 .debug_ranges  0x0000000000000c58      0x138 /Volumes/data/janos/Develop/RIOT/Projects/Bike2Bike/test/flashing/bin/airfy-beacon/shell.a(shell.o)
 .debug_ranges  0x0000000000000d90       0x10 /Volumes/data/janos/Develop/RIOT/Projects/Bike2Bike/test/flashing/bin/airfy-beacon/shell_commands.a(sc_sys.o)
 .debug_ranges  0x0000000000000da0       0x10 /Volumes/data/janos/Develop/RIOT/Projects/Bike2Bike/test/flashing/bin/airfy-beacon/shell_commands.a(sc_ps.o)
 .debug_ranges  0x0000000000000db0      0x250 /Volumes/data/janos/Develop/RIOT/Projects/Bike2Bike/test/flashing/bin/airfy-beacon/xtimer.a(xtimer.o)

.debug_macro    0x0000000000000000    0x26296
 .debug_macro   0x0000000000000000      0x2ec /Volumes/data/janos/Develop/RIOT/Projects/Bike2Bike/test/flashing/bin/airfy-beacon/cpu/vectors.o
 .debug_macro   0x00000000000002ec      0xa66 /Volumes/data/janos/Develop/RIOT/Projects/Bike2Bike/test/flashing/bin/airfy-beacon/cpu/vectors.o
 .debug_macro   0x0000000000000d52       0xfa /Volumes/data/janos/Develop/RIOT/Projects/Bike2Bike/test/flashing/bin/airfy-beacon/cpu/vectors.o
 .debug_macro   0x0000000000000e4c       0x22 /Volumes/data/janos/Develop/RIOT/Projects/Bike2Bike/test/flashing/bin/airfy-beacon/cpu/vectors.o
 .debug_macro   0x0000000000000e6e       0x56 /Volumes/data/janos/Develop/RIOT/Projects/Bike2Bike/test/flashing/bin/airfy-beacon/cpu/vectors.o
 .debug_macro   0x0000000000000ec4       0x51 /Volumes/data/janos/Develop/RIOT/Projects/Bike2Bike/test/flashing/bin/airfy-beacon/cpu/vectors.o
 .debug_macro   0x0000000000000f15       0xef /Volumes/data/janos/Develop/RIOT/Projects/Bike2Bike/test/flashing/bin/airfy-beacon/cpu/vectors.o
 .debug_macro   0x0000000000001004       0x6a /Volumes/data/janos/Develop/RIOT/Projects/Bike2Bike/test/flashing/bin/airfy-beacon/cpu/vectors.o
 .debug_macro   0x000000000000106e      0x1df /Volumes/data/janos/Develop/RIOT/Projects/Bike2Bike/test/flashing/bin/airfy-beacon/cpu/vectors.o
 .debug_macro   0x000000000000124d       0x4c /Volumes/data/janos/Develop/RIOT/Projects/Bike2Bike/test/flashing/bin/airfy-beacon/cpu/vectors.o
 .debug_macro   0x0000000000001299       0x18 /Volumes/data/janos/Develop/RIOT/Projects/Bike2Bike/test/flashing/bin/airfy-beacon/cpu/vectors.o
 .debug_macro   0x00000000000012b1       0x3c /Volumes/data/janos/Develop/RIOT/Projects/Bike2Bike/test/flashing/bin/airfy-beacon/cpu/vectors.o
 .debug_macro   0x00000000000012ed       0x34 /Volumes/data/janos/Develop/RIOT/Projects/Bike2Bike/test/flashing/bin/airfy-beacon/cpu/vectors.o
 .debug_macro   0x0000000000001321       0x16 /Volumes/data/janos/Develop/RIOT/Projects/Bike2Bike/test/flashing/bin/airfy-beacon/cpu/vectors.o
 .debug_macro   0x0000000000001337       0x97 /Volumes/data/janos/Develop/RIOT/Projects/Bike2Bike/test/flashing/bin/airfy-beacon/cpu/vectors.o
 .debug_macro   0x00000000000013ce      0x35c /Volumes/data/janos/Develop/RIOT/Projects/Bike2Bike/test/flashing/bin/airfy-beacon/cpu/vectors.o
 .debug_macro   0x000000000000172a       0xf6 /Volumes/data/janos/Develop/RIOT/Projects/Bike2Bike/test/flashing/bin/airfy-beacon/cpu/vectors.o
 .debug_macro   0x0000000000001820       0x10 /Volumes/data/janos/Develop/RIOT/Projects/Bike2Bike/test/flashing/bin/airfy-beacon/cpu/vectors.o
 .debug_macro   0x0000000000001830       0x58 /Volumes/data/janos/Develop/RIOT/Projects/Bike2Bike/test/flashing/bin/airfy-beacon/cpu/vectors.o
 .debug_macro   0x0000000000001888       0x1f /Volumes/data/janos/Develop/RIOT/Projects/Bike2Bike/test/flashing/bin/airfy-beacon/cpu/vectors.o
 .debug_macro   0x00000000000018a7       0x43 /Volumes/data/janos/Develop/RIOT/Projects/Bike2Bike/test/flashing/bin/airfy-beacon/cpu/vectors.o
 .debug_macro   0x00000000000018ea       0x20 /Volumes/data/janos/Develop/RIOT/Projects/Bike2Bike/test/flashing/bin/airfy-beacon/cpu/vectors.o
 .debug_macro   0x000000000000190a      0x1a3 /Volumes/data/janos/Develop/RIOT/Projects/Bike2Bike/test/flashing/bin/airfy-beacon/cpu/vectors.o
 .debug_macro   0x0000000000001aad       0x10 /Volumes/data/janos/Develop/RIOT/Projects/Bike2Bike/test/flashing/bin/airfy-beacon/cpu/vectors.o
 .debug_macro   0x0000000000001abd       0xb6 /Volumes/data/janos/Develop/RIOT/Projects/Bike2Bike/test/flashing/bin/airfy-beacon/cpu/vectors.o
 .debug_macro   0x0000000000001b73       0x16 /Volumes/data/janos/Develop/RIOT/Projects/Bike2Bike/test/flashing/bin/airfy-beacon/cpu/vectors.o
 .debug_macro   0x0000000000001b89      0x114 /Volumes/data/janos/Develop/RIOT/Projects/Bike2Bike/test/flashing/bin/airfy-beacon/cpu/vectors.o
 .debug_macro   0x0000000000001c9d       0x22 /Volumes/data/janos/Develop/RIOT/Projects/Bike2Bike/test/flashing/bin/airfy-beacon/cpu/vectors.o
 .debug_macro   0x0000000000001cbf       0x2f /Volumes/data/janos/Develop/RIOT/Projects/Bike2Bike/test/flashing/bin/airfy-beacon/cpu/vectors.o
 .debug_macro   0x0000000000001cee       0x2e /Volumes/data/janos/Develop/RIOT/Projects/Bike2Bike/test/flashing/bin/airfy-beacon/cpu/vectors.o
 .debug_macro   0x0000000000001d1c       0x22 /Volumes/data/janos/Develop/RIOT/Projects/Bike2Bike/test/flashing/bin/airfy-beacon/cpu/vectors.o
 .debug_macro   0x0000000000001d3e       0x1c /Volumes/data/janos/Develop/RIOT/Projects/Bike2Bike/test/flashing/bin/airfy-beacon/cpu/vectors.o
 .debug_macro   0x0000000000001d5a       0x22 /Volumes/data/janos/Develop/RIOT/Projects/Bike2Bike/test/flashing/bin/airfy-beacon/cpu/vectors.o
 .debug_macro   0x0000000000001d7c       0xaf /Volumes/data/janos/Develop/RIOT/Projects/Bike2Bike/test/flashing/bin/airfy-beacon/cpu/vectors.o
 .debug_macro   0x0000000000001e2b      0x391 /Volumes/data/janos/Develop/RIOT/Projects/Bike2Bike/test/flashing/bin/airfy-beacon/cpu/vectors.o
 .debug_macro   0x00000000000021bc      0x1b6 /Volumes/data/janos/Develop/RIOT/Projects/Bike2Bike/test/flashing/bin/airfy-beacon/cpu/vectors.o
 .debug_macro   0x0000000000002372     0x6505 /Volumes/data/janos/Develop/RIOT/Projects/Bike2Bike/test/flashing/bin/airfy-beacon/cpu/vectors.o
 .debug_macro   0x0000000000008877       0x3a /Volumes/data/janos/Develop/RIOT/Projects/Bike2Bike/test/flashing/bin/airfy-beacon/cpu/vectors.o
 .debug_macro   0x00000000000088b1       0xd6 /Volumes/data/janos/Develop/RIOT/Projects/Bike2Bike/test/flashing/bin/airfy-beacon/cpu/vectors.o
 .debug_macro   0x0000000000008987       0x10 /Volumes/data/janos/Develop/RIOT/Projects/Bike2Bike/test/flashing/bin/airfy-beacon/cpu/vectors.o
 .debug_macro   0x0000000000008997       0x35 /Volumes/data/janos/Develop/RIOT/Projects/Bike2Bike/test/flashing/bin/airfy-beacon/cpu/vectors.o
 .debug_macro   0x00000000000089cc      0x460 /Volumes/data/janos/Develop/RIOT/Projects/Bike2Bike/test/flashing/bin/airfy-beacon/cpu/vectors.o
 .debug_macro   0x0000000000008e2c       0x7c /Volumes/data/janos/Develop/RIOT/Projects/Bike2Bike/test/flashing/bin/airfy-beacon/cpu/vectors.o
 .debug_macro   0x0000000000008ea8       0x17 /Volumes/data/janos/Develop/RIOT/Projects/Bike2Bike/test/flashing/bin/airfy-beacon/cpu/vectors.o
 .debug_macro   0x0000000000008ebf       0xee /Volumes/data/janos/Develop/RIOT/Projects/Bike2Bike/test/flashing/bin/airfy-beacon/cpu/vectors.o
 .debug_macro   0x0000000000008fad       0x28 /Volumes/data/janos/Develop/RIOT/Projects/Bike2Bike/test/flashing/bin/airfy-beacon/cpu/vectors.o
 .debug_macro   0x0000000000008fd5       0x17 /Volumes/data/janos/Develop/RIOT/Projects/Bike2Bike/test/flashing/bin/airfy-beacon/cpu/vectors.o
 .debug_macro   0x0000000000008fec       0x10 /Volumes/data/janos/Develop/RIOT/Projects/Bike2Bike/test/flashing/bin/airfy-beacon/cpu/vectors.o
 .debug_macro   0x0000000000008ffc       0x12 /Volumes/data/janos/Develop/RIOT/Projects/Bike2Bike/test/flashing/bin/airfy-beacon/cpu/vectors.o
 .debug_macro   0x000000000000900e       0x5f /Volumes/data/janos/Develop/RIOT/Projects/Bike2Bike/test/flashing/bin/airfy-beacon/cpu/vectors.o
 .debug_macro   0x000000000000906d       0x16 /Volumes/data/janos/Develop/RIOT/Projects/Bike2Bike/test/flashing/bin/airfy-beacon/cpu/vectors.o
 .debug_macro   0x0000000000009083       0x1c /Volumes/data/janos/Develop/RIOT/Projects/Bike2Bike/test/flashing/bin/airfy-beacon/cpu/vectors.o
 .debug_macro   0x000000000000909f      0x4bc /Volumes/data/janos/Develop/RIOT/Projects/Bike2Bike/test/flashing/bin/airfy-beacon/newlib_syscalls_default/syscalls.o
 .debug_macro   0x000000000000955b      0xa66 /Volumes/data/janos/Develop/RIOT/Projects/Bike2Bike/test/flashing/bin/airfy-beacon/newlib_syscalls_default/syscalls.o
 .debug_macro   0x0000000000009fc1       0x46 /Volumes/data/janos/Develop/RIOT/Projects/Bike2Bike/test/flashing/bin/airfy-beacon/newlib_syscalls_default/syscalls.o
 .debug_macro   0x000000000000a007       0x5c /Volumes/data/janos/Develop/RIOT/Projects/Bike2Bike/test/flashing/bin/airfy-beacon/newlib_syscalls_default/syscalls.o
 .debug_macro   0x000000000000a063       0x10 /Volumes/data/janos/Develop/RIOT/Projects/Bike2Bike/test/flashing/bin/airfy-beacon/newlib_syscalls_default/syscalls.o
 .debug_macro   0x000000000000a073       0x57 /Volumes/data/janos/Develop/RIOT/Projects/Bike2Bike/test/flashing/bin/airfy-beacon/newlib_syscalls_default/syscalls.o
 .debug_macro   0x000000000000a0ca       0xcf /Volumes/data/janos/Develop/RIOT/Projects/Bike2Bike/test/flashing/bin/airfy-beacon/newlib_syscalls_default/syscalls.o
 .debug_macro   0x000000000000a199       0xb7 /Volumes/data/janos/Develop/RIOT/Projects/Bike2Bike/test/flashing/bin/airfy-beacon/newlib_syscalls_default/syscalls.o
 .debug_macro   0x000000000000a250      0x4fe /Volumes/data/janos/Develop/RIOT/Projects/Bike2Bike/test/flashing/bin/airfy-beacon/newlib_syscalls_default/syscalls.o
 .debug_macro   0x000000000000a74e       0x10 /Volumes/data/janos/Develop/RIOT/Projects/Bike2Bike/test/flashing/bin/airfy-beacon/newlib_syscalls_default/syscalls.o
 .debug_macro   0x000000000000a75e       0x10 /Volumes/data/janos/Develop/RIOT/Projects/Bike2Bike/test/flashing/bin/airfy-beacon/newlib_syscalls_default/syscalls.o
 .debug_macro   0x000000000000a76e      0x241 /Volumes/data/janos/Develop/RIOT/Projects/Bike2Bike/test/flashing/bin/airfy-beacon/newlib_syscalls_default/syscalls.o
 .debug_macro   0x000000000000a9af       0xff /Volumes/data/janos/Develop/RIOT/Projects/Bike2Bike/test/flashing/bin/airfy-beacon/newlib_syscalls_default/syscalls.o
 .debug_macro   0x000000000000aaae       0x16 /Volumes/data/janos/Develop/RIOT/Projects/Bike2Bike/test/flashing/bin/airfy-beacon/newlib_syscalls_default/syscalls.o